Microchip MPLAB XC8 Compiler V1.20 ()

Linker command line:

--edf=/usr/opt/microchip/xc8/v1.20/dat/en_msgs.txt -cs \
  -h+dist/default/production/Temperature.X.production.sym \
  --cmf=dist/default/production/Temperature.X.production.cmf -z -Q18F2550 \
  -o/tmp/cgtiPjOfq -Mdist/default/production/Temperature.X.production.map \
  -E1 -ver=XC8 -ACODE=00h-07FFFh -ACONST=00h-07FFFh \
  -ASMALLCONST=0800h-08FFhx120 -AMEDIUMCONST=0800h-07FFFh -ACOMRAM=01h-05Fh \
  -AABS1=00h-07FFh -ABIGRAM=01h-07FFh -ARAM=060h-0FFh,0100h-01FFhx7 \
  -ABANK0=060h-0FFh -ABANK1=0100h-01FFh -ABANK2=0200h-02FFh \
  -ABANK3=0300h-03FFh -ABANK4=0400h-04FFh -ABANK5=0500h-05FFh \
  -ABANK6=0600h-06FFh -ABANK7=0700h-07FFh -ASFR=0F60h-0FFFh \
  -preset_vec=00h,intcode=08h,intcodelo,powerup,init,end_init \
  -pramtop=0800h -psmallconst=SMALLCONST -pmediumconst=MEDIUMCONST \
  -pconst=CONST -AFARRAM=00h-00h -ACONFIG=0300000h-030000Dh -pconfig=CONFIG \
  -AIDLOC=0200000h-0200007h -pidloc=IDLOC -AEEDATA=0F00000h-0F000FFh \
  -peeprom_data=EEDATA \
  -prdata=COMRAM,nvrram=COMRAM,nvbit=COMRAM,rbss=COMRAM,rbit=COMRAM \
  -pfarbss=FARRAM,fardata=FARRAM,nvFARRAM=FARRAM \
  -pintsave_regs=BIGRAM,bigbss=BIGRAM,bigdata=BIGRAM -pbss=RAM \
  -pidata=CODE,irdata=CODE,ibigdata=CODE,ifardata=CODE /tmp/cgtyGmt5U.obj \
  dist/default/production/Temperature.X.production.obj 

Object code version is 3.11

Machine type is 18F2550

Call graph: (short form)




                Name                               Link     Load   Length Selector   Space Scale
/tmp/cgtyGmt5U.obj
                end_init                             18       18        4        4       0
                reset_vec                             0        0        4        0       0
                idloc                            200000   200000        8   200000       0
                config                           300000   300000        E   300000       0
dist/default/production/Temperature.X.production.obj
                intcode                               8        8       10        4       0
                mediumconst                        7ECC     7ECC      134     3F66       0
                text55                             31E4     31E4       AC        4       0
                text54                             305E     305E       CE        4       0
                text53                             293E     293E      128        4       0
                text52                             2256     2256      1E0        4       0
                text51                             34FA     34FA       90        4       0
                text50                             368E     368E       7C        4       0
                text49                             37EC     37EC       6A        4       0
                text48                             3A68     3A68       46        4       0
                text47                             3D82     3D82       1E        4       0
                text46                             3332     3332       9E        4       0
                text45                             3A1E     3A1E       4A        4       0
                text44                             391E     391E       5C        4       0
                text43                             39D0     39D0       4E        4       0
                text42                              FAE      FAE      488        4       0
                text41                             2E8A     2E8A       F4        4       0
                text40                             1BCC     1BCC      280        4       0
                text39                             2B88     2B88      110        4       0
                text38                             3BDE     3BDE       3A        4       0
                text37                             1436     1436      450        4       0
                text36                             3D20     3D20       24        4       0
                text35                             2A66     2A66      122        4       0
                text34                             2D96     2D96       F4        4       0
                text33                             312C     312C       B8        4       0
                text32                             2436     2436      1CC        4       0
                text31                             3B68     3B68       3C        4       0
                text30                             3B2C     3B2C       3C        4       0
                text29                             3C18     3C18       36        4       0
                text28                             3AF0     3AF0       3C        4       0
                text27                             346A     346A       90        4       0
                text26                             3CFA     3CFA       26        4       0
                text25                             2F7E     2F7E       E0        4       0
                text24                             358A     358A       86        4       0
                text23                             38BA     38BA       64        4       0
                text22                               1C       1C      F92        4       0
                text21                             1E4C     1E4C      20E        4       0
                text20                             3BA4     3BA4       3A        4       0
                text19                             3CAC     3CAC       28        4       0
                text18                             3856     3856       64        4       0
                text17                             2602     2602      1A6        4       0
                text16                             3610     3610       7E        4       0
                text15                             2C98     2C98       FE        4       0
                text14                             3C80     3C80       2C        4       0
                text13                             27A8     27A8      196        4       0
                text12                             377E     377E       6E        4       0
                text11                             33D0     33D0       9A        4       0
                text10                             1886     1886      346        4       0
                intcode_body                       205A     205A      1FC        4       0
                text8                              3D44     3D44       20        4       0
                text7                              3D64     3D64       1E        4       0
                text6                              3290     3290       A2        4       0
                text5                              3DC6     3DC6        2     1EDC       0
                text4                              397A     397A       56        4       0
                text3                              3DB8     3DB8        E     1EDC       0
                text2                              3C4E     3C4E       32        4       0
                text1                              3CD4     3CD4       26        4       0
                text0                              370A     370A       74        4       0
                cstackCOMRAM                          1        1       5F        1       1
                cstackBANK0                          60       60       57       60       1
                cstackBANK1                         117      117       14      100       1
                bssBANK1                            100      100       17      100       1
                dataBANK0                            DE       DE       17       60       1
                bssBANK0                             B7       B7       27       60       1
                cinit                              3AAE     3AAE       42        4       0
                nvBANK0                              F5       F5        2       60       1
                idataBANK0                         3DA0     3DA0       17        4       0

TOTAL           Name                               Link     Load   Length     Space
        CLASS   CODE           
                end_init                             18       18        4         0
                intcode                               8        8       10         0
                reset_vec                             0        0        4         0
                text55                             31E4     31E4       AC         0
                text54                             305E     305E       CE         0
                text53                             293E     293E      128         0
                text52                             2256     2256      1E0         0
                text51                             34FA     34FA       90         0
                text50                             368E     368E       7C         0
                text49                             37EC     37EC       6A         0
                text48                             3A68     3A68       46         0
                text47                             3D82     3D82       1E         0
                text46                             3332     3332       9E         0
                text45                             3A1E     3A1E       4A         0
                text44                             391E     391E       5C         0
                text43                             39D0     39D0       4E         0
                text42                              FAE      FAE      488         0
                text41                             2E8A     2E8A       F4         0
                text40                             1BCC     1BCC      280         0
                text39                             2B88     2B88      110         0
                text38                             3BDE     3BDE       3A         0
                text37                             1436     1436      450         0
                text36                             3D20     3D20       24         0
                text35                             2A66     2A66      122         0
                text34                             2D96     2D96       F4         0
                text33                             312C     312C       B8         0
                text32                             2436     2436      1CC         0
                text31                             3B68     3B68       3C         0
                text30                             3B2C     3B2C       3C         0
                text29                             3C18     3C18       36         0
                text28                             3AF0     3AF0       3C         0
                text27                             346A     346A       90         0
                text26                             3CFA     3CFA       26         0
                text25                             2F7E     2F7E       E0         0
                text24                             358A     358A       86         0
                text23                             38BA     38BA       64         0
                text22                               1C       1C      F92         0
                text21                             1E4C     1E4C      20E         0
                text20                             3BA4     3BA4       3A         0
                text19                             3CAC     3CAC       28         0
                text18                             3856     3856       64         0
                text17                             2602     2602      1A6         0
                text16                             3610     3610       7E         0
                text15                             2C98     2C98       FE         0
                text14                             3C80     3C80       2C         0
                text13                             27A8     27A8      196         0
                text12                             377E     377E       6E         0
                text11                             33D0     33D0       9A         0
                text10                             1886     1886      346         0
                intcode_body                       205A     205A      1FC         0
                text8                              3D44     3D44       20         0
                text7                              3D64     3D64       1E         0
                text6                              3290     3290       A2         0
                text5                              3DC6     3DC6        2         0
                text4                              397A     397A       56         0
                text3                              3DB8     3DB8        E         0
                text2                              3C4E     3C4E       32         0
                text1                              3CD4     3CD4       26         0
                text0                              370A     370A       74         0
                cinit                              3AAE     3AAE       42         0
                idataBANK0                         3DA0     3DA0       17         0

        CLASS   CONST          

        CLASS   SMALLCONST     

        CLASS   MEDIUMCONST    
                mediumconst                        7ECC     7ECC      134         0

        CLASS   COMRAM         
                cstackCOMRAM                          1        1       5F         1

        CLASS   ABS1           

        CLASS   BIGRAM         

        CLASS   RAM            

        CLASS   BANK0          
                cstackBANK0                          60       60       57         1
                dataBANK0                            DE       DE       17         1
                bssBANK0                             B7       B7       27         1
                nvBANK0                              F5       F5        2         1

        CLASS   BANK1          
                cstackBANK1                         117      117       14         1
                bssBANK1                            100      100       17         1

        CLASS   BANK2          

        CLASS   BANK3          

        CLASS   BANK4          

        CLASS   BANK5          

        CLASS   BANK6          

        CLASS   BANK7          

        CLASS   SFR            

        CLASS   FARRAM         

        CLASS   CONFIG         
                config                           300000   300000        E         0

        CLASS   IDLOC          
                idloc                            200000   200000        8         0

        CLASS   EEDATA         



SEGMENTS        Name                           Load    Length   Top    Selector   Space  Class

                reset_vec                      000000  000004  000004         0       0  CODE    
                cstackCOMRAM                   000001  00005F  000060         1       1  COMRAM  
                intcode                        000008  003DAF  003DB7         4       0  CODE    
                cstackBANK0                    000060  000097  0000F7        60       1  BANK0   
                bssBANK1                       000100  00002B  00012B       100       1  BANK1   
                text3                          003DB8  000010  003DC8      1EDC       0  CODE    
                mediumconst                    007ECC  000134  008000      3F66       0  MEDIUMCO
                idloc                          200000  000008  200008    200000       0  IDLOC   
                config                         300000  00000E  30000E    300000       0  CONFIG  


UNUSED ADDRESS RANGES

        Name                Unused          Largest block    Delta
        BANK0            0000F7-0000FF                9
        BANK1            00012B-0001FF               D5
        BANK2            000200-0002FF              100
        BANK3            000300-0003FF              100
        BANK4            000400-0004FF              100
        BANK5            000500-0005FF              100
        BANK6            000600-0006FF              100
        BANK7            000700-0007FF              100
        BIGRAM           0000F7-0000FF                9
                         00012B-0007FF              6D5
        CODE             000004-000007                4
                         003DB7-003DB7                1
                         003DC8-007ECB             4104
        CONST            000004-000007                4
                         003DB7-003DB7                1
                         003DC8-007ECB             4104
        EEDATA           F00000-F000FF              100
        MEDIUMCONST      003DB7-003DB7                1
                         003DC8-007ECB             4104
        RAM              0000F7-0000FF                9
                         00012B-0007FF              100
        SFR              000F60-000FFF               A0
        SMALLCONST       003DB7-003DB7                1
                         003DC8-007ECB              100

                                  Symbol Table

?___asftadd              cstackCOMRAM 00004E
?___asftmul              cstackCOMRAM 00003F
?___asftsub              cstackCOMRAM 000053
?___awdiv                cstackCOMRAM 00000A
?___awmod                cstackCOMRAM 000001
?___ftadd                cstackCOMRAM 00003F
?___ftdiv                cstackCOMRAM 000009
?___ftge                 cstackCOMRAM 000001
?___ftmul                cstackCOMRAM 00002E
?___ftneg                cstackCOMRAM 000001
?___ftpack               cstackCOMRAM 000001
?___ftsub                cstackCOMRAM 00004D
?___fttol                cstackCOMRAM 00001F
?___lldiv                cstackCOMRAM 000001
?___llmod                cstackCOMRAM 000014
?___lltoft               cstackCOMRAM 000009
?___lwmod                cstackCOMRAM 000001
?___lwtoft               cstackCOMRAM 000009
?___wmul                 cstackCOMRAM 000017
?__div_to_l_             cstackCOMRAM 000001
?__tdiv_to_l_            cstackCOMRAM 000001
?_countBits              cstackCOMRAM 000001
?_dayOfWeek              cstackCOMRAM 00001F
?_daysOfMonth            cstackCOMRAM 000008
?_fround                 cstackCOMRAM 00003F
?_getFontChar            cstackCOMRAM 000001
?_getTemp                cstackCOMRAM 000053
?_hibit                  cstackCOMRAM 000001
?_isdigit                cstackCOMRAM 000001
?_log2                   cstackCOMRAM 00000C
?_lowbit                 cstackCOMRAM 000001
?_printRTC               cstackCOMRAM 00005E
?_rotate                 cstackCOMRAM 000001
?_scale                  cstackCOMRAM 00003F
?_setBrightness          cstackBANK1  000117
?_setTest                cstackBANK1  000117
?_spi                    cstackCOMRAM 000007
?_sprintf                cstackBANK0  000060
?_tick                   cstackCOMRAM 00000D
?_wait                   cstackCOMRAM 000001
?_writeChar              cstackCOMRAM 00001F
?_writeDigit             cstackCOMRAM 000014
?_writeFloat             cstackBANK0  00008C
?_writeString            cstackCOMRAM 000022
_ADCON0                  (abs)        000FC2
_ADCON1                  (abs)        000FC1
_ADCON2                  (abs)        000FC0
_ADRES                   (abs)        000FC3
_GIE                     (abs)        007F97
_GO                      (abs)        007E11
_LATA1                   (abs)        007C49
_LATA3                   (abs)        007C4B
_LATA4                   (abs)        007C4C
_LATA5                   (abs)        007C4D
_LATB                    (abs)        000F8A
_PEIE                    (abs)        007F96
_T0CON                   (abs)        000FD5
_T1CON                   (abs)        000FCD
_TMR0                    (abs)        000FD6
_TMR0IE                  (abs)        007F95
_TMR0IF                  (abs)        007F92
_TMR0ON                  (abs)        007EAF
_TMR1                    (abs)        000FCE
_TMR1IE                  (abs)        007CE8
_TMR1IF                  (abs)        007CF0
_TMR1ON                  (abs)        007E68
_TRISA1                  (abs)        007C91
_TRISA2                  (abs)        007C92
_TRISA3                  (abs)        007C93
_TRISA4                  (abs)        007C94
_TRISA5                  (abs)        007C95
_TRISB                   (abs)        000F93
__CFG_CPUDIV$OSC3_PLL4   (abs)        000000
__CFG_FOSC$HS            (abs)        000000
__CFG_PBADEN$OFF         (abs)        000000
__CFG_PLLDIV$4           (abs)        000000
__CFG_PWRT$OFF           (abs)        000000
__CFG_USBDIV$2           (abs)        000000
__HRAM                   (abs)        000000
__Habs1                  abs1         000000
__Hbank0                 bank0        000000
__Hbank1                 bank1        000000
__Hbank2                 bank2        000000
__Hbank3                 bank3        000000
__Hbank4                 bank4        000000
__Hbank5                 bank5        000000
__Hbank6                 bank6        000000
__Hbank7                 bank7        000000
__Hbigbss                bigbss       000000
__Hbigdata               bigdata      000000
__Hbigram                bigram       000000
__Hbss                   bss          000000
__HbssBANK0              bssBANK0     000000
__HbssBANK1              bssBANK1     000000
__Hcinit                 cinit        000000
__Hclrtext               clrtext      000000
__Hcomram                comram       000000
__Hconfig                config       30000E
__Hconst                 const        000000
__HcstackBANK0           cstackBANK0  000000
__HcstackBANK1           cstackBANK1  000000
__HcstackCOMRAM          cstackCOMRAM 000000
__Hdata                  data         000000
__HdataBANK0             dataBANK0    000000
__Heeprom_data           eeprom_data  000000
__Hend_init              end_init     00001C
__Hfarbss                farbss       000000
__Hfardata               fardata      000000
__Hibigdata              ibigdata     000000
__Hidata                 idata        000000
__HidataBANK0            idataBANK0   000000
__Hidloc                 idloc        200008
__Hifardata              ifardata     000000
__Hinit                  init         000018
__Hintcode               intcode      000018
__Hintcode_body          intcode_body 000000
__Hintcodelo             intcodelo    000018
__Hintentry              intentry     000000
__Hintret                intret       000000
__Hintsave_regs          intsave_regs 000000
__Hirdata                irdata       000000
__Hmediumconst           mediumconst  008000
__HnvBANK0               nvBANK0      000000
__HnvFARRAM              nvFARRAM     000000
__Hnvbit                 nvbit        000000
__Hnvrram                nvrram       000000
__Hparam                 rparam       000000
__Hpowerup               powerup      000018
__Hram                   ram          000000
__Hramtop                ramtop       000800
__Hrbit                  rbit         000000
__Hrbss                  rbss         000000
__Hrdata                 rdata        000000
__Hreset_vec             reset_vec    000004
__Hrparam                rparam       000000
__Hsfr                   sfr          000000
__Hsmallconst            smallconst   000000
__Hstruct                struct       000000
__Htemp                  temp         000000
__Htext                  text         000000
__Htext0                 text0        000000
__Htext1                 text1        000000
__Htext10                text10       000000
__Htext11                text11       000000
__Htext12                text12       000000
__Htext13                text13       000000
__Htext14                text14       000000
__Htext15                text15       000000
__Htext16                text16       000000
__Htext17                text17       000000
__Htext18                text18       000000
__Htext19                text19       000000
__Htext2                 text2        000000
__Htext20                text20       000000
__Htext21                text21       000000
__Htext22                text22       000000
__Htext23                text23       000000
__Htext24                text24       000000
__Htext25                text25       000000
__Htext26                text26       000000
__Htext27                text27       000000
__Htext28                text28       000000
__Htext29                text29       000000
__Htext3                 text3        000000
__Htext30                text30       000000
__Htext31                text31       000000
__Htext32                text32       000000
__Htext33                text33       000000
__Htext34                text34       000000
__Htext35                text35       000000
__Htext36                text36       000000
__Htext37                text37       000000
__Htext38                text38       000000
__Htext39                text39       000000
__Htext4                 text4        000000
__Htext40                text40       000000
__Htext41                text41       000000
__Htext42                text42       000000
__Htext43                text43       000000
__Htext44                text44       000000
__Htext45                text45       000000
__Htext46                text46       000000
__Htext47                text47       000000
__Htext48                text48       000000
__Htext49                text49       000000
__Htext5                 text5        000000
__Htext50                text50       000000
__Htext51                text51       000000
__Htext52                text52       000000
__Htext53                text53       000000
__Htext54                text54       000000
__Htext55                text55       000000
__Htext56                text56       000000
__Htext6                 text6        000000
__Htext7                 text7        000000
__Htext8                 text8        000000
__LRAM                   (abs)        000001
__Labs1                  abs1         000000
__Lbank0                 bank0        000000
__Lbank1                 bank1        000000
__Lbank2                 bank2        000000
__Lbank3                 bank3        000000
__Lbank4                 bank4        000000
__Lbank5                 bank5        000000
__Lbank6                 bank6        000000
__Lbank7                 bank7        000000
__Lbigbss                bigbss       000000
__Lbigdata               bigdata      000000
__Lbigram                bigram       000000
__Lbss                   bss          000000
__LbssBANK0              bssBANK0     000000
__LbssBANK1              bssBANK1     000000
__Lcinit                 cinit        000000
__Lclrtext               clrtext      000000
__Lcomram                comram       000000
__Lconfig                config       300000
__Lconst                 const        000000
__LcstackBANK0           cstackBANK0  000000
__LcstackBANK1           cstackBANK1  000000
__LcstackCOMRAM          cstackCOMRAM 000000
__Ldata                  data         000000
__LdataBANK0             dataBANK0    000000
__Leeprom_data           eeprom_data  000000
__Lend_init              end_init     000018
__Lfarbss                farbss       000000
__Lfardata               fardata      000000
__Libigdata              ibigdata     000000
__Lidata                 idata        000000
__LidataBANK0            idataBANK0   000000
__Lidloc                 idloc        200000
__Lifardata              ifardata     000000
__Linit                  init         000018
__Lintcode               intcode      000008
__Lintcode_body          intcode_body 000000
__Lintcodelo             intcodelo    000018
__Lintentry              intentry     000000
__Lintret                intret       000000
__Lintsave_regs          intsave_regs 000000
__Lirdata                irdata       000000
__Lmediumconst           mediumconst  007ECC
__LnvBANK0               nvBANK0      000000
__LnvFARRAM              nvFARRAM     000000
__Lnvbit                 nvbit        000000
__Lnvrram                nvrram       000000
__Lparam                 rparam       000000
__Lpowerup               powerup      000018
__Lram                   ram          000000
__Lramtop                ramtop       000800
__Lrbit                  rbit         000000
__Lrbss                  rbss         000000
__Lrdata                 rdata        000000
__Lreset_vec             reset_vec    000000
__Lrparam                rparam       000000
__Lsfr                   sfr          000000
__Lsmallconst            smallconst   000000
__Lstruct                struct       000000
__Ltemp                  temp         000000
__Ltext                  text         000000
__Ltext0                 text0        000000
__Ltext1                 text1        000000
__Ltext10                text10       000000
__Ltext11                text11       000000
__Ltext12                text12       000000
__Ltext13                text13       000000
__Ltext14                text14       000000
__Ltext15                text15       000000
__Ltext16                text16       000000
__Ltext17                text17       000000
__Ltext18                text18       000000
__Ltext19                text19       000000
__Ltext2                 text2        000000
__Ltext20                text20       000000
__Ltext21                text21       000000
__Ltext22                text22       000000
__Ltext23                text23       000000
__Ltext24                text24       000000
__Ltext25                text25       000000
__Ltext26                text26       000000
__Ltext27                text27       000000
__Ltext28                text28       000000
__Ltext29                text29       000000
__Ltext3                 text3        000000
__Ltext30                text30       000000
__Ltext31                text31       000000
__Ltext32                text32       000000
__Ltext33                text33       000000
__Ltext34                text34       000000
__Ltext35                text35       000000
__Ltext36                text36       000000
__Ltext37                text37       000000
__Ltext38                text38       000000
__Ltext39                text39       000000
__Ltext4                 text4        000000
__Ltext40                text40       000000
__Ltext41                text41       000000
__Ltext42                text42       000000
__Ltext43                text43       000000
__Ltext44                text44       000000
__Ltext45                text45       000000
__Ltext46                text46       000000
__Ltext47                text47       000000
__Ltext48                text48       000000
__Ltext49                text49       000000
__Ltext5                 text5        000000
__Ltext50                text50       000000
__Ltext51                text51       000000
__Ltext52                text52       000000
__Ltext53                text53       000000
__Ltext54                text54       000000
__Ltext55                text55       000000
__Ltext56                text56       000000
__Ltext6                 text6        000000
__Ltext7                 text7        000000
__Ltext8                 text8        000000
__S0                     (abs)        30000E
__S1                     (abs)        00012B
___asftadd               text31       003B68
___asftadd@f1p           cstackCOMRAM 00004E
___asftadd@f2            cstackCOMRAM 000050
___asftmul               text30       003B2C
___asftmul@f1p           cstackCOMRAM 00003F
___asftmul@f2            cstackCOMRAM 000041
___asftsub               text28       003AF0
___asftsub@f1p           cstackCOMRAM 000053
___asftsub@f2            cstackCOMRAM 000055
___awdiv                 text51       0034FA
___awdiv@counter         cstackCOMRAM 000013
___awdiv@dividend        cstackCOMRAM 00000A
___awdiv@divisor         cstackCOMRAM 00000C
___awdiv@quotient        cstackCOMRAM 000015
___awdiv@sign            cstackCOMRAM 000014
___awmod                 text50       00368E
___awmod@counter         cstackCOMRAM 000008
___awmod@dividend        cstackCOMRAM 000001
___awmod@divisor         cstackCOMRAM 000003
___awmod@sign            cstackCOMRAM 000009
___ftadd                 text32       002436
___ftadd@exp1            cstackCOMRAM 00004C
___ftadd@exp2            cstackCOMRAM 00004B
___ftadd@f1              cstackCOMRAM 00003F
___ftadd@f2              cstackCOMRAM 000042
___ftadd@sign            cstackCOMRAM 00004A
___ftdiv                 text15       002C98
___ftdiv@cntr            cstackCOMRAM 000014
___ftdiv@exp             cstackCOMRAM 000018
___ftdiv@f1              cstackCOMRAM 000009
___ftdiv@f2              cstackCOMRAM 00000C
___ftdiv@f3              cstackCOMRAM 000015
___ftdiv@sign            cstackCOMRAM 000019
___ftge                  text27       00346A
___ftge@ff1              cstackCOMRAM 000001
___ftge@ff2              cstackCOMRAM 000004
___ftmul                 text39       002B88
___ftmul@cntr            cstackCOMRAM 00003D
___ftmul@exp             cstackCOMRAM 000039
___ftmul@f1              cstackCOMRAM 00002E
___ftmul@f2              cstackCOMRAM 000031
___ftmul@f3_as_product   cstackCOMRAM 00003A
___ftmul@sign            cstackCOMRAM 00003E
___ftneg                 text26       003CFA
___ftneg@f1              cstackCOMRAM 000001
___ftpack                text33       00312C
___ftpack@arg            cstackCOMRAM 000001
___ftpack@exp            cstackCOMRAM 000004
___ftpack@sign           cstackCOMRAM 000005
___ftsub                 text29       003C18
___ftsub@f1              cstackCOMRAM 00004D
___ftsub@f2              cstackCOMRAM 000050
___fttol                 text25       002F7E
___fttol@exp1            cstackCOMRAM 00002D
___fttol@f1              cstackCOMRAM 00001F
___fttol@lval            cstackCOMRAM 000029
___fttol@sign1           cstackCOMRAM 000028
___lldiv                 text24       00358A
___lldiv@counter         cstackCOMRAM 000013
___lldiv@dividend        cstackCOMRAM 000001
___lldiv@divisor         cstackCOMRAM 000005
___lldiv@quotient        cstackCOMRAM 00000F
___llmod                 text49       0037EC
___llmod@counter         cstackCOMRAM 00001E
___llmod@dividend        cstackCOMRAM 000014
___llmod@divisor         cstackCOMRAM 000018
___lltoft                text23       0038BA
___lltoft@c              cstackCOMRAM 000009
___lltoft@exp            cstackCOMRAM 000011
___lwmod                 text48       003A68
___lwmod@counter         cstackCOMRAM 000007
___lwmod@dividend        cstackCOMRAM 000001
___lwmod@divisor         cstackCOMRAM 000003
___lwtoft                text14       003C80
___lwtoft@c              cstackCOMRAM 000009
___wmul                  text38       003BDE
___wmul@multiplicand     cstackCOMRAM 000019
___wmul@multiplier       cstackCOMRAM 000017
___wmul@product          cstackCOMRAM 00001D
__accesstop              (abs)        000060
__activetblptr           (abs)        000002
__div_to_l_              text34       002D96
__div_to_l_@cntr         cstackCOMRAM 00000C
__div_to_l_@exp1         cstackCOMRAM 00000D
__div_to_l_@f1           cstackCOMRAM 000001
__div_to_l_@f2           cstackCOMRAM 000004
__div_to_l_@quot         cstackCOMRAM 000008
__end_of___asftadd       text31       003BA4
__end_of___asftmul       text30       003B68
__end_of___asftsub       text28       003B2C
__end_of___awdiv         text51       00358A
__end_of___awmod         text50       00370A
__end_of___ftadd         text32       002602
__end_of___ftdiv         text15       002D96
__end_of___ftge          text27       0034FA
__end_of___ftmul         text39       002C98
__end_of___ftneg         text26       003D20
__end_of___ftpack        text33       0031E4
__end_of___ftsub         text29       003C4E
__end_of___fttol         text25       00305E
__end_of___lldiv         text24       003610
__end_of___llmod         text49       003856
__end_of___lltoft        text23       00391E
__end_of___lwmod         text48       003AAE
__end_of___lwtoft        text14       003CAC
__end_of___wmul          text38       003C18
__end_of__div_to_l_      text34       002E8A
__end_of__initialization cinit        003AE6
__end_of__npowers_       mediumconst  007F6E
__end_of__powers_        mediumconst  007F95
__end_of__stringdata     mediumconst  007FFF
__end_of__tdiv_to_l_     text35       002B88
__end_of_buttons         text41       002F7E
__end_of_checkDST        text53       002A66
__end_of_countBits       text19       003CD4
__end_of_dayOfWeek       text52       002436
__end_of_daysOfMonth     text55       003290
__end_of_dpowers         mediumconst  007F1F
__end_of_fround          text40       001E4C
__end_of_getFontChar     text21       00205A
__end_of_getTemp         text13       00293E
__end_of_hibit           text18       0038BA
__end_of_high_isr        intcode_body 002256
__end_of_initRTC         text4        0039D0
__end_of_initTemp        text3        003DC6
__end_of_isdigit         text36       003D44
__end_of_lcd_font        mediumconst  007EF7
__end_of_loadTime        text5        003DC8
__end_of_log2            text45       003A68
__end_of_lowbit          text12       0037EC
__end_of_main            text0        00377E
__end_of_pow10           mediumconst  007F47
__end_of_printRTC        text10       001BCC
__end_of_printTemp       text11       00346A
__end_of_rotate          text44       00397A
__end_of_scale           text37       001886
__end_of_setBrightness   text8        003D64
__end_of_setTest         text7        003D82
__end_of_setup           text1        003CFA
__end_of_setupButtons    text2        003C80
__end_of_spi             text46       0033D0
__end_of_sprintf         text22       000FAE
__end_of_startDisp       text6        003332
__end_of_tick            text54       00312C
__end_of_update          text42       001436
__end_of_wait            text47       003DA0
__end_of_writeChar       text20       003BDE
__end_of_writeDigit      text43       003A1E
__end_of_writeFloat      text16       00368E
__end_of_writeString     text17       0027A8
__initialization         cinit        003AAE
__mediumconst            mediumconst  007ECC
__npowers_               mediumconst  007F47
__pbssBANK0              bssBANK0     0000B7
__pbssBANK1              bssBANK1     000100
__pcinit                 cinit        003AAE
__pcstackBANK0           cstackBANK0  000060
__pcstackBANK1           cstackBANK1  000117
__pcstackCOMRAM          cstackCOMRAM 000001
__pdataBANK0             dataBANK0    0000DE
__pidataBANK0            idataBANK0   003DA0
__pintcode               intcode      000008
__pintcode_body          intcode_body 00205A
__pmediumconst           mediumconst  007ECC
__pnvBANK0               nvBANK0      0000F5
__powers_                mediumconst  007F6E
__ptext0                 text0        00370A
__ptext1                 text1        003CD4
__ptext10                text10       001886
__ptext11                text11       0033D0
__ptext12                text12       00377E
__ptext13                text13       0027A8
__ptext14                text14       003C80
__ptext15                text15       002C98
__ptext16                text16       003610
__ptext17                text17       002602
__ptext18                text18       003856
__ptext19                text19       003CAC
__ptext2                 text2        003C4E
__ptext20                text20       003BA4
__ptext21                text21       001E4C
__ptext22                text22       00001C
__ptext23                text23       0038BA
__ptext24                text24       00358A
__ptext25                text25       002F7E
__ptext26                text26       003CFA
__ptext27                text27       00346A
__ptext28                text28       003AF0
__ptext29                text29       003C18
__ptext3                 text3        003DB8
__ptext30                text30       003B2C
__ptext31                text31       003B68
__ptext32                text32       002436
__ptext33                text33       00312C
__ptext34                text34       002D96
__ptext35                text35       002A66
__ptext36                text36       003D20
__ptext37                text37       001436
__ptext38                text38       003BDE
__ptext39                text39       002B88
__ptext4                 text4        00397A
__ptext40                text40       001BCC
__ptext41                text41       002E8A
__ptext42                text42       000FAE
__ptext43                text43       0039D0
__ptext44                text44       00391E
__ptext45                text45       003A1E
__ptext46                text46       003332
__ptext47                text47       003D82
__ptext48                text48       003A68
__ptext49                text49       0037EC
__ptext5                 text5        003DC6
__ptext50                text50       00368E
__ptext51                text51       0034FA
__ptext52                text52       002256
__ptext53                text53       00293E
__ptext54                text54       00305E
__ptext55                text55       0031E4
__ptext56                text56       000000
__ptext6                 text6        003290
__ptext7                 text7        003D64
__ptext8                 text8        003D44
__ramtop                 ramtop       000800
__size_of___asftadd      (abs)        000000
__size_of___asftmul      (abs)        000000
__size_of___asftsub      (abs)        000000
__size_of___awdiv        (abs)        000000
__size_of___awmod        (abs)        000000
__size_of___ftadd        (abs)        000000
__size_of___ftdiv        (abs)        000000
__size_of___ftge         (abs)        000000
__size_of___ftmul        (abs)        000000
__size_of___ftneg        (abs)        000000
__size_of___ftpack       (abs)        000000
__size_of___ftsub        (abs)        000000
__size_of___fttol        (abs)        000000
__size_of___lldiv        (abs)        000000
__size_of___llmod        (abs)        000000
__size_of___lltoft       (abs)        000000
__size_of___lwmod        (abs)        000000
__size_of___lwtoft       (abs)        000000
__size_of___wmul         (abs)        000000
__size_of__div_to_l_     (abs)        000000
__size_of__tdiv_to_l_    (abs)        000000
__size_of_buttons        (abs)        000000
__size_of_checkDST       (abs)        000000
__size_of_countBits      (abs)        000000
__size_of_dayOfWeek      (abs)        000000
__size_of_daysOfMonth    (abs)        000000
__size_of_fround         (abs)        000000
__size_of_getFontChar    (abs)        000000
__size_of_getTemp        (abs)        000000
__size_of_hibit          (abs)        000000
__size_of_high_isr       (abs)        000000
__size_of_initRTC        (abs)        000000
__size_of_initTemp       (abs)        000000
__size_of_isdigit        (abs)        000000
__size_of_loadTime       (abs)        000000
__size_of_log2           (abs)        000000
__size_of_lowbit         (abs)        000000
__size_of_main           (abs)        000000
__size_of_printRTC       (abs)        000000
__size_of_printTemp      (abs)        000000
__size_of_rotate         (abs)        000000
__size_of_scale          (abs)        000000
__size_of_setBrightness  (abs)        000000
__size_of_setTest        (abs)        000000
__size_of_setup          (abs)        000000
__size_of_setupButtons   (abs)        000000
__size_of_spi            (abs)        000000
__size_of_sprintf        (abs)        000000
__size_of_startDisp      (abs)        000000
__size_of_tick           (abs)        000000
__size_of_update         (abs)        000000
__size_of_wait           (abs)        000000
__size_of_writeChar      (abs)        000000
__size_of_writeDigit     (abs)        000000
__size_of_writeFloat     (abs)        000000
__size_of_writeString    (abs)        000000
__smallconst             smallconst   000000
__stringdata             mediumconst  007F95
__tdiv_to_l_             text35       002A66
__tdiv_to_l_@cntr        cstackCOMRAM 000010
__tdiv_to_l_@exp1        cstackCOMRAM 000011
__tdiv_to_l_@f1          cstackCOMRAM 000001
__tdiv_to_l_@f2          cstackCOMRAM 000004
__tdiv_to_l_@quot        cstackCOMRAM 00000C
_buttons                 text41       002E8A
_checkDST                text53       00293E
_checkDST$400            cstackCOMRAM 000036
_countBits               text19       003CAC
_date                    bssBANK1     00010D
_dayOfWeek               text52       002256
_daysOfMonth             text55       0031E4
_dow                     dataBANK0    0000DE
_dpowers                 mediumconst  007EF7
_fround                  text40       001BCC
_fround$1278             cstackCOMRAM 00004B
_fround$1279             cstackCOMRAM 000048
_getFontChar             text21       001E4C
_getTemp                 text13       0027A8
_hibit                   text18       003856
_high_isr                intcode      000008
_initRTC                 text4        00397A
_initTemp                text3        003DB8
_isdigit                 text36       003D20
_isdigit$914             cstackCOMRAM 000003
_lcd_font                mediumconst  007ECC
_loadTime                text5        003DC6
_log2                    text45       003A1E
_lowbit                  text12       00377E
_main                    text0        00370A
_menu                    bssBANK0     0000DD
_nRBPU                   (abs)        007F8F
_oldTemps                bssBANK0     0000B7
_pow10                   mediumconst  007F1F
_printFn                 nvBANK0      0000F5
_printRTC                text10       001886
_printRTC$1276           cstackBANK0  0000A5
_printTemp               text11       0033D0
_printTemp$1277          cstackBANK0  00009A
_rotate                  text44       00391E
_rtc_big_ticks           bssBANK0     0000D9
_rtc_small_ticks         bssBANK0     0000DB
_scale                   text37       001436
_scale$1280              cstackCOMRAM 000048
_screen                  bssBANK1     000100
_setBrightness           text8        003D44
_setTest                 text7        003D64
_setup                   text1        003CD4
_setupButtons            text2        003C4E
_spi                     text46       003332
_sprintf                 text22       00001C
_sprintf$1281            cstackBANK0  00006C
_sprintf$639             cstackBANK0  00006F
_startDisp               text6        003290
_tick                    text54       00305E
_tmr0BigCounts           bssBANK0     0000D5
_update                  text42       000FAE
_wait                    text47       003D82
_writeChar               text20       003BA4
_writeDigit              text43       0039D0
_writeFloat              text16       003610
_writeString             text17       002602
buttons@cnt              cstackCOMRAM 00000E
countBits@num            cstackCOMRAM 000001
countBits@ret            cstackCOMRAM 000005
dayOfWeek@day            cstackCOMRAM 000021
dayOfWeek@month          cstackCOMRAM 000020
dayOfWeek@tmp            cstackCOMRAM 00002A
dayOfWeek@year           cstackCOMRAM 00001F
daysOfMonth@month        cstackCOMRAM 000008
daysOfMonth@year         cstackCOMRAM 000009
end_of_initialization    cinit        003AE6
fround@prec              cstackCOMRAM 00003F
getFontChar@ch           cstackCOMRAM 000001
getTemp@cnt              cstackBANK0  00006F
getTemp@oldTempsTemp     cstackBANK0  000060
getTemp@temp             cstackBANK0  000069
getTemp@total            cstackBANK0  00006C
hibit@log2Val            cstackCOMRAM 000008
hibit@x                  cstackCOMRAM 000001
int_func                 intcode_body 00205A
intlevel0                text         000000
intlevel1                text         000000
intlevel2                text         000000
intlevel3                text         000000
isdigit@c                cstackCOMRAM 000001
loadTime@newDate         cstackBANK1  000117
log2@log2Val             cstackCOMRAM 000010
log2@num                 cstackCOMRAM 00000C
lowbit@log2Val           cstackCOMRAM 000008
lowbit@x                 cstackCOMRAM 000001
main@cnt                 cstackBANK1  000127
printRTC@F5061           bssBANK0     0000C3
printRTC@digits          cstackCOMRAM 00005E
printRTC@str             cstackBANK0  00009C
printTemp@digits         cstackCOMRAM 00005E
printTemp@units          cstackBANK0  00009E
rotate@cnt               cstackCOMRAM 000006
rotate@ret               cstackCOMRAM 000005
rotate@seg               cstackCOMRAM 000001
scale@scl                cstackCOMRAM 00003F
setBrightness@bright     cstackBANK1  000117
setTest@state            cstackBANK1  000117
spi@addr                 cstackCOMRAM 000007
spi@cnt                  cstackCOMRAM 00000E
spi@data                 cstackCOMRAM 000008
spi@send                 cstackCOMRAM 00000C
sprintf@_val             cstackBANK0  000088
sprintf@ap               cstackBANK0  00007A
sprintf@c                cstackBANK0  000087
sprintf@exp              cstackBANK0  00007C
sprintf@f                cstackBANK0  000062
sprintf@flag             cstackBANK0  00007E
sprintf@fval             cstackBANK0  000080
sprintf@integ            cstackBANK0  000077
sprintf@prec             cstackBANK0  000085
sprintf@sp               cstackBANK0  000060
sprintf@vd               cstackBANK0  000073
sprintf@vd_641           cstackBANK0  000075
sprintf@width            cstackBANK0  000083
start                    init         000018
start_initialization     cinit        003AAE
tick@val                 cstackCOMRAM 00000D
update@cnt               cstackCOMRAM 00001E
wait@count               cstackCOMRAM 000001
writeChar@ch             cstackCOMRAM 000020
writeChar@dig            cstackCOMRAM 000021
writeChar@digit          cstackCOMRAM 00001F
writeDigit@cnt           cstackCOMRAM 000018
writeDigit@dig           cstackCOMRAM 000017
writeDigit@digit         cstackCOMRAM 000014
writeDigit@segs          cstackCOMRAM 000015
writeFloat@F5025         bssBANK0     0000CC
writeFloat@bits          cstackBANK0  000099
writeFloat@digits        cstackBANK0  00008C
writeFloat@num           cstackBANK0  00008D
writeFloat@str           cstackBANK0  000090
writeLong@F5021          dataBANK0    0000EC
writeString@bits         cstackCOMRAM 000029
writeString@cnt          cstackCOMRAM 00002B
writeString@digits       cstackCOMRAM 000022
writeString@i            cstackCOMRAM 00002A
writeString@string       cstackCOMRAM 000023


FUNCTION INFORMATION:

 *************** function _main *****************
 Defined at:
		line 35 in file "main.c"
 Parameters:    Size  Location     Type
  argc            2   11[BANK1 ] int 
  argv            3   13[BANK1 ] PTR PTR unsigned char 
 Auto vars:     Size  Location     Type
  cnt             4   16[BANK1 ] unsigned long 
 Return value:  Size  Location     Type
                  2   11[BANK1 ] int 
 Registers used:
		wreg, fsr0l, fsr0h, fsr1l, fsr1h, fsr1l, fsr1h, fsr2l, fsr2h, status,2, status,0, pclat, btemp, btemp+1, btemp+2, btemp+3, btemp+4, btemp+5, btemp+6, btemp+7, tosl, structret, tblptrl, tblptrh, tblptru, prodl, prodh, bsr, cstack
 Tracked objects:
		On entry : 
		On exit  : 
		Unchanged: 
 Data sizes:     COMRAM   BANK0   BANK1   BANK2   BANK3   BANK4   BANK5   BANK6   BANK7
      Params:         0       0       5       0       0       0       0       0       0
      Locals:         0       0       4       0       0       0       0       0       0
      Temps:          0       0       0       0       0       0       0       0       0
      Totals:         0       0       9       0       0       0       0       0       0
Total ram usage:        9 bytes
 Hardware stack levels required when called:   11
 This function calls:
		_setup
 This function is called by:
		Startup code after reset
 This function uses a non-reentrant model


 *************** function _setup *****************
 Defined at:
		line 51 in file "main.c"
 Parameters:    Size  Location     Type
		None
 Auto vars:     Size  Location     Type
		None
 Return value:  Size  Location     Type
		None               void
 Registers used:
		wreg, fsr0l, fsr0h, fsr1l, fsr1h, fsr1l, fsr1h, fsr2l, fsr2h, status,2, status,0, pclat, btemp, btemp+1, btemp+2, btemp+3, btemp+4, btemp+5, btemp+6, btemp+7, tosl, structret, tblptrl, tblptrh, tblptru, prodl, prodh, bsr, cstack
 Tracked objects:
		On entry : 
		On exit  : 
		Unchanged: 
 Data sizes:     COMRAM   BANK0   BANK1   BANK2   BANK3   BANK4   BANK5   BANK6   BANK7
      Params:         0       0       0       0       0       0       0       0       0
      Locals:         0       0       0       0       0       0       0       0       0
      Temps:          0       0       0       0       0       0       0       0       0
      Totals:         0       0       0       0       0       0       0       0       0
Total ram usage:        0 bytes
 Hardware stack levels used:    1
 Hardware stack levels required when called:   10
 This function calls:
		_startDisp
		_initRTC
		_initTemp
		_setupButtons
 This function is called by:
		_main
 This function uses a non-reentrant model


 *************** function _setupButtons *****************
 Defined at:
		line 9 in file "buttons.c"
 Parameters:    Size  Location     Type
		None
 Auto vars:     Size  Location     Type
		None
 Return value:  Size  Location     Type
		None               void
 Registers used:
		wreg, status,2
 Tracked objects:
		On entry : 
		On exit  : 
		Unchanged: 
 Data sizes:     COMRAM   BANK0   BANK1   BANK2   BANK3   BANK4   BANK5   BANK6   BANK7
      Params:         0       0       0       0       0       0       0       0       0
      Locals:         0       0       0       0       0       0       0       0       0
      Temps:          0       0       0       0       0       0       0       0       0
      Totals:         0       0       0       0       0       0       0       0       0
Total ram usage:        0 bytes
 Hardware stack levels used:    1
 Hardware stack levels required when called:    8
 This function calls:
		Nothing
 This function is called by:
		_setup
 This function uses a non-reentrant model


 *************** function _initTemp *****************
 Defined at:
		line 7 in file "temp.c"
 Parameters:    Size  Location     Type
		None
 Auto vars:     Size  Location     Type
		None
 Return value:  Size  Location     Type
		None               void
 Registers used:
		wreg, status,2
 Tracked objects:
		On entry : 
		On exit  : 
		Unchanged: 
 Data sizes:     COMRAM   BANK0   BANK1   BANK2   BANK3   BANK4   BANK5   BANK6   BANK7
      Params:         0       0       0       0       0       0       0       0       0
      Locals:         0       0       0       0       0       0       0       0       0
      Temps:          0       0       0       0       0       0       0       0       0
      Totals:         0       0       0       0       0       0       0       0       0
Total ram usage:        0 bytes
 Hardware stack levels used:    1
 Hardware stack levels required when called:    8
 This function calls:
		Nothing
 This function is called by:
		_setup
 This function uses a non-reentrant model


 *************** function _initRTC *****************
 Defined at:
		line 7 in file "RTC.c"
 Parameters:    Size  Location     Type
		None
 Auto vars:     Size  Location     Type
		None
 Return value:  Size  Location     Type
		None               void
 Registers used:
		wreg, status,2, cstack
 Tracked objects:
		On entry : 
		On exit  : 
		Unchanged: 
 Data sizes:     COMRAM   BANK0   BANK1   BANK2   BANK3   BANK4   BANK5   BANK6   BANK7
      Params:         0       0       0       0       0       0       0       0       0
      Locals:         0       0       0       0       0       0       0       0       0
      Temps:          0       0       1       0       0       0       0       0       0
      Totals:         0       0       1       0       0       0       0       0       0
Total ram usage:        1 bytes
 Hardware stack levels used:    1
 Hardware stack levels required when called:    9
 This function calls:
		_loadTime
 This function is called by:
		_setup
 This function uses a non-reentrant model


 *************** function _loadTime *****************
 Defined at:
		line 25 in file "RTC.c"
 Parameters:    Size  Location     Type
		None
 Auto vars:     Size  Location     Type
  newDate        10    0[BANK1 ] struct sDate
 Return value:  Size  Location     Type
                  10  198[COMRAM] struct sDate
 Registers used:
		None
 Tracked objects:
		On entry : 
		On exit  : 
		Unchanged: 
 Data sizes:     COMRAM   BANK0   BANK1   BANK2   BANK3   BANK4   BANK5   BANK6   BANK7
      Params:         0       0       0       0       0       0       0       0       0
      Locals:         0       0      10       0       0       0       0       0       0
      Temps:          0       0       0       0       0       0       0       0       0
      Totals:         0       0      10       0       0       0       0       0       0
Total ram usage:       10 bytes
 Hardware stack levels used:    1
 Hardware stack levels required when called:    8
 This function calls:
		Nothing
 This function is called by:
		_initRTC
 This function uses a non-reentrant model


 *************** function _startDisp *****************
 Defined at:
		line 59 in file "disp.c"
 Parameters:    Size  Location     Type
		None
 Auto vars:     Size  Location     Type
		None
 Return value:  Size  Location     Type
		None               void
 Registers used:
		wreg, status,2, status,0, cstack
 Tracked objects:
		On entry : 
		On exit  : 
		Unchanged: 
 Data sizes:     COMRAM   BANK0   BANK1   BANK2   BANK3   BANK4   BANK5   BANK6   BANK7
      Params:         0       0       0       0       0       0       0       0       0
      Locals:         0       0       0       0       0       0       0       0       0
      Temps:          0       0       1       0       0       0       0       0       0
      Totals:         0       0       1       0       0       0       0       0       0
Total ram usage:        1 bytes
 Hardware stack levels used:    1
 Hardware stack levels required when called:    9
 This function calls:
		_setBrightness
		_setTest
 This function is called by:
		_setup
 This function uses a non-reentrant model


 *************** function _setTest *****************
 Defined at:
		line 53 in file "disp.c"
 Parameters:    Size  Location     Type
  state           1    0[BANK1 ] unsigned char 
 Auto vars:     Size  Location     Type
		None
 Return value:  Size  Location     Type
		None               void
 Registers used:
		status,2, status,0
 Tracked objects:
		On entry : 
		On exit  : 
		Unchanged: 
 Data sizes:     COMRAM   BANK0   BANK1   BANK2   BANK3   BANK4   BANK5   BANK6   BANK7
      Params:         0       0       1       0       0       0       0       0       0
      Locals:         0       0       0       0       0       0       0       0       0
      Temps:          0       0       0       0       0       0       0       0       0
      Totals:         0       0       1       0       0       0       0       0       0
Total ram usage:        1 bytes
 Hardware stack levels used:    1
 Hardware stack levels required when called:    8
 This function calls:
		Nothing
 This function is called by:
		_startDisp
 This function uses a non-reentrant model


 *************** function _setBrightness *****************
 Defined at:
		line 46 in file "disp.c"
 Parameters:    Size  Location     Type
  bright          1    0[BANK1 ] unsigned char 
 Auto vars:     Size  Location     Type
		None
 Return value:  Size  Location     Type
		None               void
 Registers used:
		wreg, status,2, status,0
 Tracked objects:
		On entry : 
		On exit  : 
		Unchanged: 
 Data sizes:     COMRAM   BANK0   BANK1   BANK2   BANK3   BANK4   BANK5   BANK6   BANK7
      Params:         0       0       1       0       0       0       0       0       0
      Locals:         0       0       0       0       0       0       0       0       0
      Temps:          0       0       0       0       0       0       0       0       0
      Totals:         0       0       1       0       0       0       0       0       0
Total ram usage:        1 bytes
 Hardware stack levels used:    1
 Hardware stack levels required when called:    8
 This function calls:
		Nothing
 This function is called by:
		_startDisp
 This function uses a non-reentrant model


 *************** function _high_isr *****************
 Defined at:
		line 72 in file "main.c"
 Parameters:    Size  Location     Type
		None
 Auto vars:     Size  Location     Type
		None
 Return value:  Size  Location     Type
		None               void
 Registers used:
		wreg, fsr0l, fsr0h, fsr1l, fsr1h, fsr1l, fsr1h, fsr2l, fsr2h, status,2, status,0, pclat, btemp, btemp+1, btemp+2, btemp+3, btemp+4, btemp+5, btemp+6, btemp+7, tosl, structret, tblptrl, tblptrh, tblptru, prodl, prodh, bsr, cstack
 Tracked objects:
		On entry : 
		On exit  : 
		Unchanged: 
 Data sizes:     COMRAM   BANK0   BANK1   BANK2   BANK3   BANK4   BANK5   BANK6   BANK7
      Params:         0       0       0       0       0       0       0       0       0
      Locals:         0       0       0       0       0       0       0       0       0
      Temps:          0      16       0       0       0       0       0       0       0
      Totals:         0      16       0       0       0       0       0       0       0
Total ram usage:       16 bytes
 Hardware stack levels used:    1
 Hardware stack levels required when called:    7
 This function calls:
		_tick
		_update
		_buttons
		_printRTC
		_printTemp
		Absolute function
 This function is called by:
		Interrupt level 2
 This function uses a non-reentrant model


 *************** function _printRTC *****************
 Defined at:
		line 164 in file "RTC.c"
 Parameters:    Size  Location     Type
  digits          1   93[COMRAM] unsigned char 
 Auto vars:     Size  Location     Type
  str             9   60[BANK0 ] unsigned char [9]
 Return value:  Size  Location     Type
		None               void
 Registers used:
		wreg, fsr0l, fsr0h, fsr1l, fsr1h, fsr2l, fsr2h, status,2, status,0, tblptrl, tblptrh, tblptru, prodl, prodh, cstack
 Tracked objects:
		On entry : 
		On exit  : 
		Unchanged: 
 Data sizes:     COMRAM   BANK0   BANK1   BANK2   BANK3   BANK4   BANK5   BANK6   BANK7
      Params:         1       0       0       0       0       0       0       0       0
      Locals:         0      11       0       0       0       0       0       0       0
      Temps:          0       2       0       0       0       0       0       0       0
      Totals:         1      13       0       0       0       0       0       0       0
Total ram usage:       14 bytes
 Hardware stack levels used:    1
 Hardware stack levels required when called:    5
 This function calls:
		_countBits
		_sprintf
		_writeString
		___lwmod
 This function is called by:
		_high_isr
		_buttons
 This function uses a non-reentrant model


 *************** function _printTemp *****************
 Defined at:
		line 57 in file "temp.c"
 Parameters:    Size  Location     Type
  digits          1   93[COMRAM] unsigned char 
 Auto vars:     Size  Location     Type
  units           1   62[BANK0 ] unsigned char 
 Return value:  Size  Location     Type
		None               void
 Registers used:
		wreg, fsr0l, fsr0h, fsr1l, fsr1h, fsr2l, fsr2h, status,2, status,0, tblptrl, tblptrh, tblptru, prodl, prodh, cstack
 Tracked objects:
		On entry : 
		On exit  : 
		Unchanged: 
 Data sizes:     COMRAM   BANK0   BANK1   BANK2   BANK3   BANK4   BANK5   BANK6   BANK7
      Params:         1       0       0       0       0       0       0       0       0
      Locals:         0       5       0       0       0       0       0       0       0
      Temps:          1       0       0       0       0       0       0       0       0
      Totals:         2       5       0       0       0       0       0       0       0
Total ram usage:        7 bytes
 Hardware stack levels used:    1
 Hardware stack levels required when called:    6
 This function calls:
		_writeString
		_writeFloat
		_getTemp
		_lowbit
 This function is called by:
		_setup
		_high_isr
		_buttons
 This function uses a non-reentrant model


 *************** function _lowbit *****************
 Defined at:
		line 26 in file "defs.c"
 Parameters:    Size  Location     Type
  x               4    0[COMRAM] unsigned long 
 Auto vars:     Size  Location     Type
  log2Val         4    7[COMRAM] unsigned long 
 Return value:  Size  Location     Type
                  4    0[COMRAM] unsigned long 
 Registers used:
		wreg, status,2, status,0
 Tracked objects:
		On entry : 
		On exit  : 
		Unchanged: 
 Data sizes:     COMRAM   BANK0   BANK1   BANK2   BANK3   BANK4   BANK5   BANK6   BANK7
      Params:         4       0       0       0       0       0       0       0       0
      Locals:         4       0       0       0       0       0       0       0       0
      Temps:          3       0       0       0       0       0       0       0       0
      Totals:        11       0       0       0       0       0       0       0       0
Total ram usage:       11 bytes
 Hardware stack levels used:    1
 This function calls:
		Nothing
 This function is called by:
		_printTemp
 This function uses a non-reentrant model


 *************** function _getTemp *****************
 Defined at:
		line 35 in file "temp.c"
 Parameters:    Size  Location     Type
		None
 Auto vars:     Size  Location     Type
  oldTempsTemp    9    0[BANK0 ] [3]
  total           3   12[BANK0 ] [3]
  temp            3    9[BANK0 ] [3]
  cnt             1   15[BANK0 ] unsigned char 
 Return value:  Size  Location     Type
                  3   82[COMRAM] unsigned char 
 Registers used:
		wreg, fsr1l, fsr1h, fsr2l, fsr2h, status,2, status,0, prodl, prodh, cstack
 Tracked objects:
		On entry : 
		On exit  : 
		Unchanged: 
 Data sizes:     COMRAM   BANK0   BANK1   BANK2   BANK3   BANK4   BANK5   BANK6   BANK7
      Params:         3       0       0       0       0       0       0       0       0
      Locals:         0      16       0       0       0       0       0       0       0
      Temps:          1       0       0       0       0       0       0       0       0
      Totals:         4      16       0       0       0       0       0       0       0
Total ram usage:       20 bytes
 Hardware stack levels used:    1
 Hardware stack levels required when called:    3
 This function calls:
		___asftadd
		___ftadd
		___ftdiv
		___ftmul
		___lwtoft
		___wmul
 This function is called by:
		_printTemp
 This function uses a non-reentrant model


 *************** function ___lwtoft *****************
 Defined at:
		line 29 in file "/usr/opt/microchip/xc8/v1.20/sources/common/lwtoft.c"
 Parameters:    Size  Location     Type
  c               2    8[COMRAM] unsigned int 
 Auto vars:     Size  Location     Type
		None
 Return value:  Size  Location     Type
                  3    8[COMRAM] float 
 Registers used:
		wreg, status,2, status,0, cstack
 Tracked objects:
		On entry : 
		On exit  : 
		Unchanged: 
 Data sizes:     COMRAM   BANK0   BANK1   BANK2   BANK3   BANK4   BANK5   BANK6   BANK7
      Params:         3       0       0       0       0       0       0       0       0
      Locals:         0       0       0       0       0       0       0       0       0
      Temps:          2       0       0       0       0       0       0       0       0
      Totals:         5       0       0       0       0       0       0       0       0
Total ram usage:        5 bytes
 Hardware stack levels used:    1
 Hardware stack levels required when called:    1
 This function calls:
		___ftpack
 This function is called by:
		_getTemp
 This function uses a non-reentrant model


 *************** function ___ftdiv *****************
 Defined at:
		line 50 in file "/usr/opt/microchip/xc8/v1.20/sources/common/ftdiv.c"
 Parameters:    Size  Location     Type
  f1              3    8[COMRAM] float 
  f2              3   11[COMRAM] float 
 Auto vars:     Size  Location     Type
  f3              3   20[COMRAM] float 
  sign            1   24[COMRAM] unsigned char 
  exp             1   23[COMRAM] unsigned char 
  cntr            1   19[COMRAM] unsigned char 
 Return value:  Size  Location     Type
                  3    8[COMRAM] float 
 Registers used:
		wreg, status,2, status,0, cstack
 Tracked objects:
		On entry : 
		On exit  : 
		Unchanged: 
 Data sizes:     COMRAM   BANK0   BANK1   BANK2   BANK3   BANK4   BANK5   BANK6   BANK7
      Params:         6       0       0       0       0       0       0       0       0
      Locals:         6       0       0       0       0       0       0       0       0
      Temps:          5       0       0       0       0       0       0       0       0
      Totals:        17       0       0       0       0       0       0       0       0
Total ram usage:       17 bytes
 Hardware stack levels used:    1
 Hardware stack levels required when called:    1
 This function calls:
		___ftpack
 This function is called by:
		_getTemp
 This function uses a non-reentrant model


 *************** function _writeFloat *****************
 Defined at:
		line 157 in file "disp.c"
 Parameters:    Size  Location     Type
  digits          1   44[BANK0 ] unsigned char 
  num             3   45[BANK0 ] unsigned char 
 Auto vars:     Size  Location     Type
  str             9   48[BANK0 ] unsigned char [9]
  bits            1   57[BANK0 ] unsigned char 
 Return value:  Size  Location     Type
		None               void
 Registers used:
		wreg, fsr0l, fsr0h, fsr1l, fsr1h, fsr2l, fsr2h, status,2, status,0, tblptrl, tblptrh, tblptru, prodl, prodh, cstack
 Tracked objects:
		On entry : 
		On exit  : 
		Unchanged: 
 Data sizes:     COMRAM   BANK0   BANK1   BANK2   BANK3   BANK4   BANK5   BANK6   BANK7
      Params:         0       4       0       0       0       0       0       0       0
      Locals:         0      10       0       0       0       0       0       0       0
      Temps:          0       0       0       0       0       0       0       0       0
      Totals:         0      14       0       0       0       0       0       0       0
Total ram usage:       14 bytes
 Hardware stack levels used:    1
 Hardware stack levels required when called:    5
 This function calls:
		_countBits
		_sprintf
		_writeString
 This function is called by:
		_printTemp
 This function uses a non-reentrant model


 *************** function _writeString *****************
 Defined at:
		line 166 in file "disp.c"
 Parameters:    Size  Location     Type
  digits          1   33[COMRAM] unsigned char 
  string          2   34[COMRAM] PTR unsigned char 
		 -> STR_30(3), printRTC@str(9), writeFloat@str(9), writeLong@str(9), 
 Auto vars:     Size  Location     Type
  cnt             1   42[COMRAM] char 
  i               1   41[COMRAM] char 
  bits            1   40[COMRAM] unsigned char 
 Return value:  Size  Location     Type
		None               void
 Registers used:
		wreg, fsr0l, fsr0h, fsr2l, fsr2h, status,2, status,0, tblptrl, tblptrh, tblptru, prodl, prodh, cstack
 Tracked objects:
		On entry : 
		On exit  : 
		Unchanged: 
 Data sizes:     COMRAM   BANK0   BANK1   BANK2   BANK3   BANK4   BANK5   BANK6   BANK7
      Params:         3       0       0       0       0       0       0       0       0
      Locals:         3       0       0       0       0       0       0       0       0
      Temps:          4       0       0       0       0       0       0       0       0
      Totals:        10       0       0       0       0       0       0       0       0
Total ram usage:       10 bytes
 Hardware stack levels used:    1
 Hardware stack levels required when called:    2
 This function calls:
		_log2
		_writeChar
		_countBits
		_hibit
		___wmul
 This function is called by:
		_writeFloat
		_printRTC
		_printTemp
		_writeLong
 This function uses a non-reentrant model


 *************** function _hibit *****************
 Defined at:
		line 19 in file "defs.c"
 Parameters:    Size  Location     Type
  x               4    0[COMRAM] unsigned long 
 Auto vars:     Size  Location     Type
  log2Val         4    7[COMRAM] unsigned long 
 Return value:  Size  Location     Type
                  4    0[COMRAM] unsigned long 
 Registers used:
		wreg, status,2, status,0
 Tracked objects:
		On entry : 
		On exit  : 
		Unchanged: 
 Data sizes:     COMRAM   BANK0   BANK1   BANK2   BANK3   BANK4   BANK5   BANK6   BANK7
      Params:         4       0       0       0       0       0       0       0       0
      Locals:         4       0       0       0       0       0       0       0       0
      Temps:          3       0       0       0       0       0       0       0       0
      Totals:        11       0       0       0       0       0       0       0       0
Total ram usage:       11 bytes
 Hardware stack levels used:    1
 This function calls:
		Nothing
 This function is called by:
		_writeString
 This function uses a non-reentrant model


 *************** function _countBits *****************
 Defined at:
		line 9 in file "defs.c"
 Parameters:    Size  Location     Type
  num             4    0[COMRAM] unsigned long 
 Auto vars:     Size  Location     Type
  ret             1    4[COMRAM] unsigned char 
 Return value:  Size  Location     Type
                  1    wreg      unsigned char 
 Registers used:
		wreg, status,2, status,0
 Tracked objects:
		On entry : 
		On exit  : 
		Unchanged: 
 Data sizes:     COMRAM   BANK0   BANK1   BANK2   BANK3   BANK4   BANK5   BANK6   BANK7
      Params:         4       0       0       0       0       0       0       0       0
      Locals:         1       0       0       0       0       0       0       0       0
      Temps:          0       0       0       0       0       0       0       0       0
      Totals:         5       0       0       0       0       0       0       0       0
Total ram usage:        5 bytes
 Hardware stack levels used:    1
 This function calls:
		Nothing
 This function is called by:
		_writeFloat
		_writeString
		_printRTC
		_writeLong
		_maxSize
 This function uses a non-reentrant model


 *************** function _writeChar *****************
 Defined at:
		line 118 in file "disp.c"
 Parameters:    Size  Location     Type
  digit           1   30[COMRAM] unsigned char 
  ch              1   31[COMRAM] unsigned char 
 Auto vars:     Size  Location     Type
  dig             1   32[COMRAM] unsigned char 
 Return value:  Size  Location     Type
		None               void
 Registers used:
		wreg, fsr2l, fsr2h, status,2, status,0, tblptrl, tblptrh, tblptru, prodl, prodh, cstack
 Tracked objects:
		On entry : 
		On exit  : 
		Unchanged: 
 Data sizes:     COMRAM   BANK0   BANK1   BANK2   BANK3   BANK4   BANK5   BANK6   BANK7
      Params:         2       0       0       0       0       0       0       0       0
      Locals:         1       0       0       0       0       0       0       0       0
      Temps:          0       0       0       0       0       0       0       0       0
      Totals:         3       0       0       0       0       0       0       0       0
Total ram usage:        3 bytes
 Hardware stack levels used:    1
 Hardware stack levels required when called:    1
 This function calls:
		_getFontChar
		_log2
 This function is called by:
		_writeString
 This function uses a non-reentrant model


 *************** function _getFontChar *****************
 Defined at:
		line 117 in file "display1.h"
 Parameters:    Size  Location     Type
  ch              1    0[COMRAM] unsigned char 
 Auto vars:     Size  Location     Type
		None
 Return value:  Size  Location     Type
                  1    wreg      unsigned char 
 Registers used:
		wreg, status,2, status,0, tblptrl, tblptrh, tblptru
 Tracked objects:
		On entry : 
		On exit  : 
		Unchanged: 
 Data sizes:     COMRAM   BANK0   BANK1   BANK2   BANK3   BANK4   BANK5   BANK6   BANK7
      Params:         1       0       0       0       0       0       0       0       0
      Locals:         0       0       0       0       0       0       0       0       0
      Temps:          2       0       0       0       0       0       0       0       0
      Totals:         3       0       0       0       0       0       0       0       0
Total ram usage:        3 bytes
 Hardware stack levels used:    1
 This function calls:
		Nothing
 This function is called by:
		_writeChar
 This function uses a non-reentrant model


 *************** function _sprintf *****************
 Defined at:
		line 493 in file "/usr/opt/microchip/xc8/v1.20/sources/common/doprnt.c"
 Parameters:    Size  Location     Type
  sp              2    0[BANK0 ] PTR unsigned char 
		 -> printRTC@str(9), writeFloat@str(9), writeLong@str(9), 
  f               2    2[BANK0 ] PTR const unsigned char 
		 -> STR_22(15), STR_21(13), STR_20(15), STR_19(15), 
		 -> STR_18(15), STR_17(10), STR_9(5), STR_8(5), 
 Auto vars:     Size  Location     Type
  vd              2   19[BANK0 ] unsigned int 
  vd              2   21[BANK0 ] unsigned int 
  _val            4   40[BANK0 ] struct .
  fval            3   32[BANK0 ] struct .
  integ           3   23[BANK0 ] struct .
  ival            3    0        struct .
  prec            2   37[BANK0 ] int 
  width           2   35[BANK0 ] int 
  flag            2   30[BANK0 ] unsigned short 
  exp             2   28[BANK0 ] int 
  ap              2   26[BANK0 ] PTR void [1]
		 -> ?_sprintf(2), 
  c               1   39[BANK0 ] char 
  d               1    0        unsigned char 
 Return value:  Size  Location     Type
                  2    0[BANK0 ] int 
 Registers used:
		wreg, fsr0l, fsr0h, fsr2l, fsr2h, status,2, status,0, tblptrl, tblptrh, tblptru, prodl, prodh, cstack
 Tracked objects:
		On entry : 
		On exit  : 
		Unchanged: 
 Data sizes:     COMRAM   BANK0   BANK1   BANK2   BANK3   BANK4   BANK5   BANK6   BANK7
      Params:         0      12       0       0       0       0       0       0       0
      Locals:         0      32       0       0       0       0       0       0       0
      Temps:          6       0       0       0       0       0       0       0       0
      Totals:         6      44       0       0       0       0       0       0       0
Total ram usage:       50 bytes
 Hardware stack levels used:    1
 Hardware stack levels required when called:    4
 This function calls:
		_fround
		_scale
		_isdigit
		__tdiv_to_l_
		__div_to_l_
		___asftadd
		___asftmul
		___ftmul
		___asftsub
		___awdiv
		___ftge
		___ftneg
		___fttol
		___lldiv
		___llmod
		___lltoft
		___lwmod
		___wmul
 This function is called by:
		_writeFloat
		_printRTC
		_writeLong
 This function uses a non-reentrant model


 *************** function ___lltoft *****************
 Defined at:
		line 36 in file "/usr/opt/microchip/xc8/v1.20/sources/common/lltoft.c"
 Parameters:    Size  Location     Type
  c               4    8[COMRAM] unsigned long 
 Auto vars:     Size  Location     Type
  exp             1   16[COMRAM] unsigned char 
 Return value:  Size  Location     Type
                  3    8[COMRAM] float 
 Registers used:
		wreg, status,2, status,0, cstack
 Tracked objects:
		On entry : 
		On exit  : 
		Unchanged: 
 Data sizes:     COMRAM   BANK0   BANK1   BANK2   BANK3   BANK4   BANK5   BANK6   BANK7
      Params:         4       0       0       0       0       0       0       0       0
      Locals:         1       0       0       0       0       0       0       0       0
      Temps:          4       0       0       0       0       0       0       0       0
      Totals:         9       0       0       0       0       0       0       0       0
Total ram usage:        9 bytes
 Hardware stack levels used:    1
 Hardware stack levels required when called:    1
 This function calls:
		___ftpack
[...]
      Locals:         2       0       0       0       0       0       0       0       0
      Temps:          3       0       0       0       0       0       0       0       0
      Totals:         6       0       0       0       0       0       0       0       0
Total ram usage:        6 bytes
 Hardware stack levels used:    1
 This function calls:
		Nothing
 This function is called by:
		_writeDigit
 This function uses a non-reentrant model


 *************** function _log2 *****************
 Defined at:
		line 48 in file "defs.c"
 Parameters:    Size  Location     Type
  num             4   11[COMRAM] unsigned long 
 Auto vars:     Size  Location     Type
  log2Val         4   15[COMRAM] unsigned long 
 Return value:  Size  Location     Type
                  4   11[COMRAM] unsigned long 
 Registers used:
		wreg, status,2, status,0
 Tracked objects:
		On entry : 
		On exit  : 
		Unchanged: 
 Data sizes:     COMRAM   BANK0   BANK1   BANK2   BANK3   BANK4   BANK5   BANK6   BANK7
      Params:         4       0       0       0       0       0       0       0       0
      Locals:         4       0       0       0       0       0       0       0       0
      Temps:          0       0       0       0       0       0       0       0       0
      Totals:         8       0       0       0       0       0       0       0       0
Total ram usage:        8 bytes
 Hardware stack levels used:    1
 This function calls:
		Nothing
 This function is called by:
		_writeDigit
		_writeChar
		_writeString
 This function uses a non-reentrant model


 *************** function _spi *****************
 Defined at:
		line 84 in file "disp.c"
 Parameters:    Size  Location     Type
  addr            1    6[COMRAM] unsigned char 
  data            1    7[COMRAM] unsigned char 
 Auto vars:     Size  Location     Type
  send            2   11[COMRAM] unsigned int 
  cnt             1   13[COMRAM] char 
 Return value:  Size  Location     Type
		None               void
 Registers used:
		wreg, status,2, status,0, cstack
 Tracked objects:
		On entry : 
		On exit  : 
		Unchanged: 
 Data sizes:     COMRAM   BANK0   BANK1   BANK2   BANK3   BANK4   BANK5   BANK6   BANK7
      Params:         2       0       0       0       0       0       0       0       0
      Locals:         3       0       0       0       0       0       0       0       0
      Temps:          3       0       0       0       0       0       0       0       0
      Totals:         8       0       0       0       0       0       0       0       0
Total ram usage:        8 bytes
 Hardware stack levels used:    1
 Hardware stack levels required when called:    1
 This function calls:
		_wait
 This function is called by:
		_update
		_writeDigit
 This function uses a non-reentrant model


 *************** function _wait *****************
 Defined at:
		line 4 in file "defs.c"
 Parameters:    Size  Location     Type
  count           4    0[COMRAM] unsigned long 
 Auto vars:     Size  Location     Type
		None
 Return value:  Size  Location     Type
		None               void
 Registers used:
		wreg, status,2, status,0
 Tracked objects:
		On entry : 
		On exit  : 
		Unchanged: 
 Data sizes:     COMRAM   BANK0   BANK1   BANK2   BANK3   BANK4   BANK5   BANK6   BANK7
      Params:         4       0       0       0       0       0       0       0       0
      Locals:         0       0       0       0       0       0       0       0       0
      Temps:          0       0       0       0       0       0       0       0       0
      Totals:         4       0       0       0       0       0       0       0       0
Total ram usage:        4 bytes
 Hardware stack levels used:    1
 This function calls:
		Nothing
 This function is called by:
		_spi
 This function uses a non-reentrant model


 *************** function ___lwmod *****************
 Defined at:
		line 10 in file "/usr/opt/microchip/xc8/v1.20/sources/common/lwmod.c"
 Parameters:    Size  Location     Type
  dividend        2    0[COMRAM] unsigned int 
  divisor         2    2[COMRAM] unsigned int 
 Auto vars:     Size  Location     Type
  counter         1    6[COMRAM] unsigned char 
 Return value:  Size  Location     Type
                  2    0[COMRAM] unsigned int 
 Registers used:
		wreg, status,2, status,0
 Tracked objects:
		On entry : 
		On exit  : 
		Unchanged: 
 Data sizes:     COMRAM   BANK0   BANK1   BANK2   BANK3   BANK4   BANK5   BANK6   BANK7
      Params:         4       0       0       0       0       0       0       0       0
      Locals:         2       0       0       0       0       0       0       0       0
      Temps:          1       0       0       0       0       0       0       0       0
      Totals:         7       0       0       0       0       0       0       0       0
Total ram usage:        7 bytes
 Hardware stack levels used:    1
 This function calls:
		Nothing
 This function is called by:
		_daysOfMonth
		_printRTC
		_sprintf
 This function uses a non-reentrant model


 *************** function ___llmod *****************
 Defined at:
		line 10 in file "/usr/opt/microchip/xc8/v1.20/sources/common/llmod.c"
 Parameters:    Size  Location     Type
  dividend        4   19[COMRAM] unsigned long 
  divisor         4   23[COMRAM] unsigned long 
 Auto vars:     Size  Location     Type
  counter         1   29[COMRAM] unsigned char 
 Return value:  Size  Location     Type
                  4   19[COMRAM] unsigned long 
 Registers used:
		wreg, status,2, status,0
 Tracked objects:
		On entry : 
		On exit  : 
		Unchanged: 
 Data sizes:     COMRAM   BANK0   BANK1   BANK2   BANK3   BANK4   BANK5   BANK6   BANK7
      Params:         8       0       0       0       0       0       0       0       0
      Locals:         2       0       0       0       0       0       0       0       0
      Temps:          1       0       0       0       0       0       0       0       0
      Totals:        11       0       0       0       0       0       0       0       0
Total ram usage:       11 bytes
 Hardware stack levels used:    1
 This function calls:
		Nothing
 This function is called by:
		_dayOfWeek
		_sprintf
 This function uses a non-reentrant model


 *************** function ___awmod *****************
 Defined at:
		line 10 in file "/usr/opt/microchip/xc8/v1.20/sources/common/awmod.c"
 Parameters:    Size  Location     Type
  dividend        2    0[COMRAM] int 
  divisor         2    2[COMRAM] int 
 Auto vars:     Size  Location     Type
  sign            1    8[COMRAM] unsigned char 
  counter         1    7[COMRAM] unsigned char 
 Return value:  Size  Location     Type
                  2    0[COMRAM] int 
 Registers used:
		wreg, status,2, status,0
 Tracked objects:
		On entry : 
		On exit  : 
		Unchanged: 
 Data sizes:     COMRAM   BANK0   BANK1   BANK2   BANK3   BANK4   BANK5   BANK6   BANK7
      Params:         4       0       0       0       0       0       0       0       0
      Locals:         4       0       0       0       0       0       0       0       0
      Temps:          1       0       0       0       0       0       0       0       0
      Totals:         9       0       0       0       0       0       0       0       0
Total ram usage:        9 bytes
 Hardware stack levels used:    1
 This function calls:
		Nothing
 This function is called by:
		_dayOfWeek
		_buttons
		_fround
		_scale
 This function uses a non-reentrant model


 *************** function ___awdiv *****************
 Defined at:
		line 10 in file "/usr/opt/microchip/xc8/v1.20/sources/common/awdiv.c"
 Parameters:    Size  Location     Type
  dividend        2    9[COMRAM] int 
  divisor         2   11[COMRAM] int 
 Auto vars:     Size  Location     Type
  quotient        2   20[COMRAM] int 
  sign            1   19[COMRAM] unsigned char 
  counter         1   18[COMRAM] unsigned char 
 Return value:  Size  Location     Type
                  2    9[COMRAM] int 
 Registers used:
		wreg, status,2, status,0
 Tracked objects:
		On entry : 
		On exit  : 
		Unchanged: 
 Data sizes:     COMRAM   BANK0   BANK1   BANK2   BANK3   BANK4   BANK5   BANK6   BANK7
      Params:         4       0       0       0       0       0       0       0       0
      Locals:         8       0       0       0       0       0       0       0       0
      Temps:          1       0       0       0       0       0       0       0       0
      Totals:        13       0       0       0       0       0       0       0       0
Total ram usage:       13 bytes
 Hardware stack levels used:    1
 This function calls:
		Nothing
 This function is called by:
		_dayOfWeek
		_fround
		_scale
		_sprintf
 This function uses a non-reentrant model


 *************** function _dayOfWeek *****************
 Defined at:
		line 107 in file "RTC.c"
 Parameters:    Size  Location     Type
  year            1   30[COMRAM] unsigned char 
  month           1   31[COMRAM] unsigned char 
  day             1   32[COMRAM] unsigned char 
 Auto vars:     Size  Location     Type
  tmp             4   41[COMRAM] unsigned long 
 Return value:  Size  Location     Type
                  1    wreg      unsigned char 
 Registers used:
		wreg, status,2, status,0, prodl, prodh, cstack
 Tracked objects:
		On entry : 
		On exit  : 
		Unchanged: 
 Data sizes:     COMRAM   BANK0   BANK1   BANK2   BANK3   BANK4   BANK5   BANK6   BANK7
      Params:         3       0       0       0       0       0       0       0       0
      Locals:         8       0       0       0       0       0       0       0       0
      Temps:          4       0       0       0       0       0       0       0       0
      Totals:        15       0       0       0       0       0       0       0       0
Total ram usage:       15 bytes
 Hardware stack levels used:    1
 Hardware stack levels required when called:    1
 This function calls:
		___awdiv
		___awmod
		___llmod
		___wmul
 This function is called by:
		_checkDST
 This function uses a non-reentrant model


 *************** function _checkDST *****************
 Defined at:
		line 59 in file "RTC.c"
 Parameters:    Size  Location     Type
		None
 Auto vars:     Size  Location     Type
		None
 Return value:  Size  Location     Type
		None               void
 Registers used:
		wreg, fsr0l, fsr0h, fsr1l, fsr1h, fsr1l, fsr1h, fsr2l, fsr2h, status,2, status,0, pclat, btemp, btemp+1, btemp+2, btemp+3, btemp+4, btemp+5, btemp+6, btemp+7, tosl, structret, tblptrl, tblptrh, tblptru, prodl, prodh, bsr, cstack
 Tracked objects:
		On entry : 
		On exit  : 
		Unchanged: 
 Data sizes:     COMRAM   BANK0   BANK1   BANK2   BANK3   BANK4   BANK5   BANK6   BANK7
      Params:         0       0       0       0       0       0       0       0       0
      Locals:         2       0       0       0       0       0       0       0       0
      Temps:          7       0       0       0       0       0       0       0       0
      Totals:         9       0       0       0       0       0       0       0       0
Total ram usage:        9 bytes
 Hardware stack levels used:    1
 Hardware stack levels required when called:    2
 This function calls:
		_tick
		_dayOfWeek
 This function is called by:
		_tick
 This function uses a non-reentrant model


 *************** function _tick *****************
 Defined at:
		line 76 in file "RTC.c"
 Parameters:    Size  Location     Type
  val             1   12[COMRAM] unsigned char 
 Auto vars:     Size  Location     Type
		None
 Return value:  Size  Location     Type
                  1    wreg      unsigned char 
 Registers used:
		wreg, fsr0l, fsr0h, fsr1l, fsr1h, fsr1l, fsr1h, fsr2l, fsr2h, status,2, status,0, pclat, btemp, btemp+1, btemp+2, btemp+3, btemp+4, btemp+5, btemp+6, btemp+7, tosl, structret, tblptrl, tblptrh, tblptru, prodl, prodh, bsr, cstack
 Tracked objects:
		On entry : 
		On exit  : 
		Unchanged: 
 Data sizes:     COMRAM   BANK0   BANK1   BANK2   BANK3   BANK4   BANK5   BANK6   BANK7
      Params:         1       0       0       0       0       0       0       0       0
      Locals:         0       0       0       0       0       0       0       0       0
      Temps:          1       0       0       0       0       0       0       0       0
      Totals:         2       0       0       0       0       0       0       0       0
Total ram usage:        2 bytes
 Hardware stack levels used:    1
 Hardware stack levels required when called:    3
 This function calls:
		_daysOfMonth
		_checkDST
 This function is called by:
		_high_isr
		_checkDST
 This function uses a non-reentrant model


 *************** function _daysOfMonth *****************
 Defined at:
		line 31 in file "RTC.c"
 Parameters:    Size  Location     Type
  month           1    7[COMRAM] unsigned char 
  year            2    8[COMRAM] unsigned int 
 Auto vars:     Size  Location     Type
		None
 Return value:  Size  Location     Type
                  1    wreg      unsigned char 
 Registers used:
		wreg, status,2, status,0, cstack
 Tracked objects:
		On entry : 
		On exit  : 
		Unchanged: 
 Data sizes:     COMRAM   BANK0   BANK1   BANK2   BANK3   BANK4   BANK5   BANK6   BANK7
      Params:         3       0       0       0       0       0       0       0       0
      Locals:         0       0       0       0       0       0       0       0       0
      Temps:          2       0       0       0       0       0       0       0       0
      Totals:         5       0       0       0       0       0       0       0       0
Total ram usage:        5 bytes
 Hardware stack levels used:    1
 Hardware stack levels required when called:    1
 This function calls:
		___lwmod
 This function is called by:
		_tick
 This function uses a non-reentrant model



MODULE INFORMATION

Module		Function		Class		Link	Load	Size
/usr/opt/microchip/xc8/v1.20/sources/common/lwmod.c
		___lwmod       		CODE           	3A68	0000	70

/usr/opt/microchip/xc8/v1.20/sources/common/lwmod.c estimated size: 70

/usr/opt/microchip/xc8/v1.20/sources/common/lwtoft.c
		___lwtoft      		CODE           	3C80	0000	44

/usr/opt/microchip/xc8/v1.20/sources/common/lwtoft.c estimated size: 44

/usr/opt/microchip/xc8/v1.20/sources/common/awdiv.c
		___awdiv       		CODE           	34FA	0000	144

/usr/opt/microchip/xc8/v1.20/sources/common/awdiv.c estimated size: 144

/usr/opt/microchip/xc8/v1.20/sources/common/ftadd.c
		___ftadd       		CODE           	2436	0000	460

/usr/opt/microchip/xc8/v1.20/sources/common/ftadd.c estimated size: 460

/usr/opt/microchip/xc8/v1.20/sources/common/float.c
		___ftpack      		CODE           	312C	0000	184

/usr/opt/microchip/xc8/v1.20/sources/common/float.c estimated size: 184

shared
		__stringdata   		MEDIUMCONST    	7F95	0000	106
		__powers_      		MEDIUMCONST    	7F6E	0000	39
		_lcd_font      		MEDIUMCONST    	7ECC	0000	43
		_pow10         		MEDIUMCONST    	7F1F	0000	40
		_dpowers       		MEDIUMCONST    	7EF7	0000	40
		__npowers_     		MEDIUMCONST    	7F47	0000	39
		__initializatio		CODE           	3AAE	0000	56

shared estimated size: 363

buttons.c
		_setupButtons  		CODE           	3C4E	0000	50
		_buttons       		CODE           	2E8A	0000	244

buttons.c estimated size: 294

disp.c
		_writeString   		CODE           	2602	0000	422
		_writeFloat    		CODE           	3610	0000	126
		_update        		CODE           	0FAE	0000	1160
		_spi           		CODE           	3332	0000	158
		_writeChar     		CODE           	3BA4	0000	58
		_writeDigit    		CODE           	39D0	0000	78
		_startDisp     		CODE           	3290	0000	162
		_setTest       		CODE           	3D64	0000	30
		_rotate        		CODE           	391E	0000	92
		_setBrightness 		CODE           	3D44	0000	32

disp.c estimated size: 2318

RTC.c
		_daysOfMonth   		CODE           	31E4	0000	172
		_tick          		CODE           	305E	0000	206
		_checkDST      		CODE           	293E	0000	296
		_initRTC       		CODE           	397A	0000	86
		_dayOfWeek     		CODE           	2256	0000	480
		_printRTC      		CODE           	1886	0000	838
		_loadTime      		CODE           	3DC6	0000	2

RTC.c estimated size: 2080

/usr/opt/microchip/xc8/v1.20/sources/pic18/asftsub.c
		___asftsub     		CODE           	3AF0	0000	60

/usr/opt/microchip/xc8/v1.20/sources/pic18/asftsub.c estimated size: 60

/usr/opt/microchip/xc8/v1.20/sources/common/llmod.c
		___llmod       		CODE           	37EC	0000	106

/usr/opt/microchip/xc8/v1.20/sources/common/llmod.c estimated size: 106

main.c
		_main          		CODE           	370A	0000	116
		_high_isr      		CODE           	0008	0000	8782
		_setup         		CODE           	3CD4	0000	38

main.c estimated size: 8936

display1.h
		_getFontChar   		CODE           	1E4C	0000	526

display1.h estimated size: 526

/usr/opt/microchip/xc8/v1.20/sources/pic18/asftmul.c
		___asftmul     		CODE           	3B2C	0000	60

/usr/opt/microchip/xc8/v1.20/sources/pic18/asftmul.c estimated size: 60

/usr/opt/microchip/xc8/v1.20/sources/common/ftdiv.c
		___ftdiv       		CODE           	2C98	0000	254

/usr/opt/microchip/xc8/v1.20/sources/common/ftdiv.c estimated size: 254

/usr/opt/microchip/xc8/v1.20/sources/common/doprnt.c
		_scale         		CODE           	1436	0000	1104
		_sprintf       		CODE           	001C	0000	3986
		_fround        		CODE           	1BCC	0000	640

/usr/opt/microchip/xc8/v1.20/sources/common/doprnt.c estimated size: 5730

/usr/opt/microchip/xc8/v1.20/sources/common/lldiv.c
		___lldiv       		CODE           	358A	0000	134

/usr/opt/microchip/xc8/v1.20/sources/common/lldiv.c estimated size: 134

/usr/opt/microchip/xc8/v1.20/sources/common/ftsub.c
		___ftsub       		CODE           	3C18	0000	54

/usr/opt/microchip/xc8/v1.20/sources/common/ftsub.c estimated size: 54

/usr/opt/microchip/xc8/v1.20/sources/common/ftneg.c
		___ftneg       		CODE           	3CFA	0000	38

/usr/opt/microchip/xc8/v1.20/sources/common/ftneg.c estimated size: 38

temp.c
		_printTemp     		CODE           	33D0	0000	154
		_initTemp      		CODE           	3DB8	0000	14
		_getTemp       		CODE           	27A8	0000	406

temp.c estimated size: 574

/usr/opt/microchip/xc8/v1.20/sources/common/ftmul.c
		___ftmul       		CODE           	2B88	0000	272

/usr/opt/microchip/xc8/v1.20/sources/common/ftmul.c estimated size: 272

/usr/opt/microchip/xc8/v1.20/sources/common/fttol.c
		___fttol       		CODE           	2F7E	0000	224

/usr/opt/microchip/xc8/v1.20/sources/common/fttol.c estimated size: 224

/usr/opt/microchip/xc8/v1.20/sources/common/ftge.c
		___ftge        		CODE           	346A	0000	144

/usr/opt/microchip/xc8/v1.20/sources/common/ftge.c estimated size: 144

/usr/opt/microchip/xc8/v1.20/sources/common/wmul.c
		___wmul        		CODE           	3BDE	0000	58

/usr/opt/microchip/xc8/v1.20/sources/common/wmul.c estimated size: 58

/usr/opt/microchip/xc8/v1.20/sources/common/fldivl.c
		__div_to_l_    		CODE           	2D96	0000	244

/usr/opt/microchip/xc8/v1.20/sources/common/fldivl.c estimated size: 244

/usr/opt/microchip/xc8/v1.20/sources/common/isdigit.c
		_isdigit       		CODE           	3D20	0000	36

/usr/opt/microchip/xc8/v1.20/sources/common/isdigit.c estimated size: 36

/usr/opt/microchip/xc8/v1.20/sources/common/ftdivl.c
		__tdiv_to_l_   		CODE           	2A66	0000	290

/usr/opt/microchip/xc8/v1.20/sources/common/ftdivl.c estimated size: 290

/usr/opt/microchip/xc8/v1.20/sources/pic18/asftadd.c
		___asftadd     		CODE           	3B68	0000	60

/usr/opt/microchip/xc8/v1.20/sources/pic18/asftadd.c estimated size: 60

defs.c
		_lowbit        		CODE           	377E	0000	110
		_log2          		CODE           	3A1E	0000	74
		_hibit         		CODE           	3856	0000	100
		_countBits     		CODE           	3CAC	0000	40
		_wait          		CODE           	3D82	0000	30

defs.c estimated size: 354

/usr/opt/microchip/xc8/v1.20/sources/common/awmod.c
		___awmod       		CODE           	368E	0000	124

/usr/opt/microchip/xc8/v1.20/sources/common/awmod.c estimated size: 124

/usr/opt/microchip/xc8/v1.20/sources/common/lltoft.c
		___lltoft      		CODE           	38BA	0000	100

/usr/opt/microchip/xc8/v1.20/sources/common/lltoft.c estimated size: 100

