Microchip MPLAB XC8 Compiler V1.20 ()

Linker command line:

--edf=/usr/opt/microchip/xc8/v1.20/dat/en_msgs.txt -cs \
  -h+dist/default/debug/Temperature.X.debug.sym \
  --cmf=dist/default/debug/Temperature.X.debug.cmf -z -Q18F2550 \
  -o/tmp/cgtS8a9to -Mdist/default/debug/Temperature.X.debug.map -E1 \
  -ver=XC8 -ACODE=00h-07DBFh -ACONST=00h-07DBFh \
  -ASMALLCONST=0800h-08FFhx117,07D00h-07DBFh -AMEDIUMCONST=0800h-07DBFh \
  -ACOMRAM=01h-05Fh -AABS1=00h-03F3h,0400h-07FFh \
  -ABIGRAM=01h-03F3h,0400h-07FFh \
  -ARAM=060h-0FFh,0100h-01FFhx2,0300h-03F3h,0400h-04FFhx4 -ABANK0=060h-0FFh \
  -ABANK1=0100h-01FFh -ABANK2=0200h-02FFh -ABANK3=0300h-03F3h \
  -ABANK4=0400h-04FFh -ABANK5=0500h-05FFh -ABANK6=0600h-06FFh \
  -ABANK7=0700h-07FFh \
  -ASFR=0F60h-0FD3h,0FD5h-0FDAh,0FE0h-0FE2h,0FE8h-0FEAh,0FF0h-0FFCh \
  -preset_vec=00h,intcode=08h,intcodelo,powerup,init,end_init \
  -pramtop=0800h -psmallconst=SMALLCONST -pmediumconst=MEDIUMCONST \
  -pconst=CONST -AFARRAM=00h-00h -ACONFIG=0300000h-030000Dh -pconfig=CONFIG \
  -AIDLOC=0200000h-0200007h -pidloc=IDLOC -AEEDATA=0F00000h-0F000FFh \
  -peeprom_data=EEDATA \
  -prdata=COMRAM,nvrram=COMRAM,nvbit=COMRAM,rbss=COMRAM,rbit=COMRAM \
  -pfarbss=FARRAM,fardata=FARRAM,nvFARRAM=FARRAM \
  -pintsave_regs=BIGRAM,bigbss=BIGRAM,bigdata=BIGRAM -pbss=RAM \
  -pidata=CODE,irdata=CODE,ibigdata=CODE,ifardata=CODE /tmp/cgtnFurQG.obj \
  dist/default/debug/Temperature.X.debug.obj 

Object code version is 3.11

Machine type is 18F2550

Call graph: (short form)




                Name                               Link     Load   Length Selector   Space Scale
/tmp/cgtnFurQG.obj
                end_init                             18       18        4        4       0
                reset_vec                             0        0        6        0       0
                idloc                            200000   200000        8   200000       0
                config                           300000   300000        E   300000       0
dist/default/debug/Temperature.X.debug.obj
                intcode                               8        8       10        4       0
                mediumconst                        7C8C     7C8C      134     3E46       0
                text53                             3178     3178       7C        4       0
                text52                             3730     3730       3A        4       0
                text51                             35BA     35BA       46        4       0
                text50                             2D48     2D48       AC        4       0
                text49                             2BCA     2BCA       C6        4       0
                text48                             38D2     38D2       1E        4       0
                text47                             2F34     2F34       9E        4       0
                text46                             3570     3570       4A        4       0
                text45                             3474     3474       5C        4       0
                text44                             3522     3522       4E        4       0
                text43                              F8E      F8E      488        4       0
                text42                             27F0     27F0      108        4       0
                text41                             1B06     1B06      280        4       0
                text40                             26E0     26E0      110        4       0
                text39                             3062     3062       90        4       0
                text38                             1416     1416      450        4       0
                text37                             3870     3870       24        4       0
                text36                             25BE     25BE      122        4       0
                text35                             29F6     29F6       F4        4       0
                text34                             2C90     2C90       B8        4       0
                text33                             1F94     1F94      1CC        4       0
                text32                             36BA     36BA       3C        4       0
                text31                             367E     367E       3C        4       0
                text30                             376A     376A       36        4       0
                text29                             3642     3642       3C        4       0
                text28                             2FD2     2FD2       90        4       0
                text27                             384A     384A       26        4       0
                text26                             2AEA     2AEA       E0        4       0
                text25                             30F2     30F2       86        4       0
                text24                             3342     3342       6A        4       0
                text23                             3410     3410       64        4       0
                text22                               1C       1C      F72        4       0
                text21                             1D86     1D86      20E        4       0
                text20                             36F6     36F6       3A        4       0
                text19                             3822     3822       28        4       0
                text18                             33AC     33AC       64        4       0
                text17                             2160     2160      1A6        4       0
                text16                             32D6     32D6       6C        4       0
                text15                             28F8     28F8       FE        4       0
                text14                             37CE     37CE       2C        4       0
                text13                             2306     2306      15E        4       0
                text12                             3268     3268       6E        4       0
                text11                             2E96     2E96       9E        4       0
                text10                             1866     1866      2A0        4       0
                intcode_body                       2464     2464      15A        4       0
                text8                              3894     3894       20        4       0
                text7                              38B4     38B4       1E        4       0
                text6                              2DF4     2DF4       A2        4       0
                text5                              3916     3916        2     1C84       0
                text4                              34D0     34D0       52        4       0
                text3                              3908     3908        E     1C84       0
                text2                              37A0     37A0       2E        4       0
                text1                              37FA     37FA       28        4       0
                text0                              31F4     31F4       74        4       0
                cstackCOMRAM                          1        1       5F        1       1
                cstackBANK0                          60       60       50       60       1
                cstackBANK1                         117      117       14      100       1
                bssBANK1                            100      100       17      100       1
                dataBANK0                            D7       D7       17       60       1
                bssBANK0                             B0       B0       27       60       1
                cinit                              3600     3600       42        4       0
                nvBANK0                              EE       EE        2       60       1
                idataBANK0                         38F0     38F0       17        4       0

TOTAL           Name                               Link     Load   Length     Space
        CLASS   CODE           
                end_init                             18       18        4         0
                intcode                               8        8       10         0
                reset_vec                             0        0        6         0
                text53                             3178     3178       7C         0
                text52                             3730     3730       3A         0
                text51                             35BA     35BA       46         0
                text50                             2D48     2D48       AC         0
                text49                             2BCA     2BCA       C6         0
                text48                             38D2     38D2       1E         0
                text47                             2F34     2F34       9E         0
                text46                             3570     3570       4A         0
                text45                             3474     3474       5C         0
                text44                             3522     3522       4E         0
                text43                              F8E      F8E      488         0
                text42                             27F0     27F0      108         0
                text41                             1B06     1B06      280         0
                text40                             26E0     26E0      110         0
                text39                             3062     3062       90         0
                text38                             1416     1416      450         0
                text37                             3870     3870       24         0
                text36                             25BE     25BE      122         0
                text35                             29F6     29F6       F4         0
                text34                             2C90     2C90       B8         0
                text33                             1F94     1F94      1CC         0
                text32                             36BA     36BA       3C         0
                text31                             367E     367E       3C         0
                text30                             376A     376A       36         0
                text29                             3642     3642       3C         0
                text28                             2FD2     2FD2       90         0
                text27                             384A     384A       26         0
                text26                             2AEA     2AEA       E0         0
                text25                             30F2     30F2       86         0
                text24                             3342     3342       6A         0
                text23                             3410     3410       64         0
                text22                               1C       1C      F72         0
                text21                             1D86     1D86      20E         0
                text20                             36F6     36F6       3A         0
                text19                             3822     3822       28         0
                text18                             33AC     33AC       64         0
                text17                             2160     2160      1A6         0
                text16                             32D6     32D6       6C         0
                text15                             28F8     28F8       FE         0
                text14                             37CE     37CE       2C         0
                text13                             2306     2306      15E         0
                text12                             3268     3268       6E         0
                text11                             2E96     2E96       9E         0
                text10                             1866     1866      2A0         0
                intcode_body                       2464     2464      15A         0
                text8                              3894     3894       20         0
                text7                              38B4     38B4       1E         0
                text6                              2DF4     2DF4       A2         0
                text5                              3916     3916        2         0
                text4                              34D0     34D0       52         0
                text3                              3908     3908        E         0
                text2                              37A0     37A0       2E         0
                text1                              37FA     37FA       28         0
                text0                              31F4     31F4       74         0
                cinit                              3600     3600       42         0
                idataBANK0                         38F0     38F0       17         0

        CLASS   CONST          

        CLASS   SMALLCONST     

        CLASS   MEDIUMCONST    
                mediumconst                        7C8C     7C8C      134         0

        CLASS   COMRAM         
                cstackCOMRAM                          1        1       5F         1

        CLASS   ABS1           

        CLASS   BIGRAM         

        CLASS   RAM            

        CLASS   BANK0          
                cstackBANK0                          60       60       50         1
                dataBANK0                            D7       D7       17         1
                bssBANK0                             B0       B0       27         1
                nvBANK0                              EE       EE        2         1

        CLASS   BANK1          
                cstackBANK1                         117      117       14         1
                bssBANK1                            100      100       17         1

        CLASS   BANK2          

        CLASS   BANK3          

        CLASS   BANK4          

        CLASS   BANK5          

        CLASS   BANK6          

        CLASS   BANK7          

        CLASS   SFR            

        CLASS   FARRAM         

        CLASS   CONFIG         
                config                           300000   300000        E         0

        CLASS   IDLOC          
                idloc                            200000   200000        8         0

        CLASS   EEDATA         



SEGMENTS        Name                           Load    Length   Top    Selector   Space  Class

                reset_vec                      000000  000006  000006         0       0  CODE    
                cstackCOMRAM                   000001  00005F  000060         1       1  COMRAM  
                intcode                        000008  0038FF  003907         4       0  CODE    
                cstackBANK0                    000060  000090  0000F0        60       1  BANK0   
                bssBANK1                       000100  00002B  00012B       100       1  BANK1   
                text3                          003908  000010  003918      1C84       0  CODE    
                mediumconst                    007C8C  000134  007DC0      3E46       0  MEDIUMCO
                idloc                          200000  000008  200008    200000       0  IDLOC   
                config                         300000  00000E  30000E    300000       0  CONFIG  


UNUSED ADDRESS RANGES

        Name                Unused          Largest block    Delta
        BANK0            0000F0-0000FF               10
        BANK1            00012B-0001FF               D5
        BANK2            000200-0002FF              100
        BANK3            000300-0003F3               F4
        BANK4            000400-0004FF              100
        BANK5            000500-0005FF              100
        BANK6            000600-0006FF              100
        BANK7            000700-0007FF              100
        BIGRAM           0000F0-0000FF               10
                         00012B-0003F3              2C9
                         000400-0007FF              400
        CODE             000006-000007                2
                         003907-003907                1
                         003918-007C8B             4374
        CONST            000006-000007                2
                         003907-003907                1
                         003918-007C8B             4374
        EEDATA           F00000-F000FF              100
        MEDIUMCONST      003907-003907                1
                         003918-007C8B             4374
        RAM              0000F0-0000FF               10
                         00012B-0003F3              100
                         000400-0007FF              100
        SFR              000F60-000FD3               74
                         000FD5-000FDA                6
                         000FE0-000FE2                3
                         000FE8-000FEA                3
                         000FF0-000FFC                D
        SMALLCONST       003907-003907                1
                         003918-007C8B              100

                                  Symbol Table

?___asftadd              cstackCOMRAM 000046
?___asftmul              cstackCOMRAM 000037
?___asftsub              cstackCOMRAM 00004B
?___awdiv                cstackCOMRAM 000008
?___awmod                cstackCOMRAM 000001
?___ftadd                cstackCOMRAM 000037
?___ftdiv                cstackCOMRAM 000009
?___ftge                 cstackCOMRAM 000001
?___ftmul                cstackCOMRAM 000026
?___ftneg                cstackCOMRAM 000001
?___ftpack               cstackCOMRAM 000001
?___ftsub                cstackCOMRAM 000045
?___fttol                cstackCOMRAM 000017
?___lldiv                cstackCOMRAM 000001
?___llmod                cstackCOMRAM 00000F
?___lltoft               cstackCOMRAM 000009
?___lwmod                cstackCOMRAM 000001
?___lwtoft               cstackCOMRAM 000009
?___wmul                 cstackCOMRAM 000011
?__div_to_l_             cstackCOMRAM 000001
?__tdiv_to_l_            cstackCOMRAM 000001
?_countBits              cstackCOMRAM 000001
?_daysOfMonth            cstackCOMRAM 000007
?_fround                 cstackCOMRAM 000037
?_getFontChar            cstackCOMRAM 000001
?_getTemp                cstackCOMRAM 00004B
?_hibit                  cstackCOMRAM 000001
?_isdigit                cstackCOMRAM 000001
?_log2                   cstackCOMRAM 00000C
?_lowbit                 cstackCOMRAM 000001
?_printTemp              cstackCOMRAM 00005F
?_rotate                 cstackCOMRAM 000001
?_scale                  cstackCOMRAM 000037
?_setBrightness          cstackBANK1  000117
?_setTest                cstackBANK1  000117
?_spi                    cstackCOMRAM 000007
?_sprintf                cstackCOMRAM 000050
?_tick                   cstackCOMRAM 00000C
?_wait                   cstackCOMRAM 000001
?_writeChar              cstackCOMRAM 000017
?_writeDigit             cstackCOMRAM 000014
?_writeFloat             cstackBANK0  000086
?_writeString            cstackCOMRAM 00001A
_ADCON0                  (abs)        000FC2
_ADCON1                  (abs)        000FC1
_ADCON2                  (abs)        000FC0
_ADRES                   (abs)        000FC3
_GIE                     (abs)        007F97
_GO                      (abs)        007E11
_LATA1                   (abs)        007C49
_LATA3                   (abs)        007C4B
_LATA4                   (abs)        007C4C
_LATA5                   (abs)        007C4D
_LATB                    (abs)        000F8A
_PEIE                    (abs)        007F96
_T0CON                   (abs)        000FD5
_T1CON                   (abs)        000FCD
_TMR0                    (abs)        000FD6
_TMR0IE                  (abs)        007F95
_TMR0IF                  (abs)        007F92
_TMR0ON                  (abs)        007EAF
_TMR1                    (abs)        000FCE
_TMR1IE                  (abs)        007CE8
_TMR1IF                  (abs)        007CF0
_TMR1ON                  (abs)        007E68
_TRISA1                  (abs)        007C91
_TRISA2                  (abs)        007C92
_TRISA3                  (abs)        007C93
_TRISA4                  (abs)        007C94
_TRISA5                  (abs)        007C95
_TRISB                   (abs)        000F93
__CFG_CPUDIV$OSC3_PLL4   (abs)        000000
__CFG_FOSC$HS            (abs)        000000
__CFG_PBADEN$OFF         (abs)        000000
__CFG_PLLDIV$4           (abs)        000000
__CFG_PWRT$OFF           (abs)        000000
__CFG_USBDIV$2           (abs)        000000
__HRAM                   (abs)        000000
__Habs1                  abs1         000000
__Hbank0                 bank0        000000
__Hbank1                 bank1        000000
__Hbank2                 bank2        000000
__Hbank3                 bank3        000000
__Hbank4                 bank4        000000
__Hbank5                 bank5        000000
__Hbank6                 bank6        000000
__Hbank7                 bank7        000000
__Hbigbss                bigbss       000000
__Hbigdata               bigdata      000000
__Hbigram                bigram       000000
__Hbss                   bss          000000
__HbssBANK0              bssBANK0     000000
__HbssBANK1              bssBANK1     000000
__Hcinit                 cinit        000000
__Hclrtext               clrtext      000000
__Hcomram                comram       000000
__Hconfig                config       30000E
__Hconst                 const        000000
__HcstackBANK0           cstackBANK0  000000
__HcstackBANK1           cstackBANK1  000000
__HcstackCOMRAM          cstackCOMRAM 000000
__Hdata                  data         000000
__HdataBANK0             dataBANK0    000000
__Heeprom_data           eeprom_data  000000
__Hend_init              end_init     00001C
__Hfarbss                farbss       000000
__Hfardata               fardata      000000
__Hibigdata              ibigdata     000000
__Hidata                 idata        000000
__HidataBANK0            idataBANK0   000000
__Hidloc                 idloc        200008
__Hifardata              ifardata     000000
__Hinit                  init         000018
__Hintcode               intcode      000018
__Hintcode_body          intcode_body 000000
__Hintcodelo             intcodelo    000018
__Hintentry              intentry     000000
__Hintret                intret       000000
__Hintsave_regs          intsave_regs 000000
__Hirdata                irdata       000000
__Hmediumconst           mediumconst  007DC0
__HnvBANK0               nvBANK0      000000
__HnvFARRAM              nvFARRAM     000000
__Hnvbit                 nvbit        000000
__Hnvrram                nvrram       000000
__Hparam                 rparam       000000
__Hpowerup               powerup      000018
__Hram                   ram          000000
__Hramtop                ramtop       000800
__Hrbit                  rbit         000000
__Hrbss                  rbss         000000
__Hrdata                 rdata        000000
__Hreset_vec             reset_vec    000006
__Hrparam                rparam       000000
__Hsfr                   sfr          000000
__Hsmallconst            smallconst   000000
__Hstruct                struct       000000
__Htemp                  temp         000000
__Htext                  text         000000
__Htext0                 text0        000000
__Htext1                 text1        000000
__Htext10                text10       000000
__Htext11                text11       000000
__Htext12                text12       000000
__Htext13                text13       000000
__Htext14                text14       000000
__Htext15                text15       000000
__Htext16                text16       000000
__Htext17                text17       000000
__Htext18                text18       000000
__Htext19                text19       000000
__Htext2                 text2        000000
__Htext20                text20       000000
__Htext21                text21       000000
__Htext22                text22       000000
__Htext23                text23       000000
__Htext24                text24       000000
__Htext25                text25       000000
__Htext26                text26       000000
__Htext27                text27       000000
__Htext28                text28       000000
__Htext29                text29       000000
__Htext3                 text3        000000
__Htext30                text30       000000
__Htext31                text31       000000
__Htext32                text32       000000
__Htext33                text33       000000
__Htext34                text34       000000
__Htext35                text35       000000
__Htext36                text36       000000
__Htext37                text37       000000
__Htext38                text38       000000
__Htext39                text39       000000
__Htext4                 text4        000000
__Htext40                text40       000000
__Htext41                text41       000000
__Htext42                text42       000000
__Htext43                text43       000000
__Htext44                text44       000000
__Htext45                text45       000000
__Htext46                text46       000000
__Htext47                text47       000000
__Htext48                text48       000000
__Htext49                text49       000000
__Htext5                 text5        000000
__Htext50                text50       000000
__Htext51                text51       000000
__Htext52                text52       000000
__Htext53                text53       000000
__Htext54                text54       000000
__Htext6                 text6        000000
__Htext7                 text7        000000
__Htext8                 text8        000000
__LRAM                   (abs)        000001
__Labs1                  abs1         000000
__Lbank0                 bank0        000000
__Lbank1                 bank1        000000
__Lbank2                 bank2        000000
__Lbank3                 bank3        000000
__Lbank4                 bank4        000000
__Lbank5                 bank5        000000
__Lbank6                 bank6        000000
__Lbank7                 bank7        000000
__Lbigbss                bigbss       000000
__Lbigdata               bigdata      000000
__Lbigram                bigram       000000
__Lbss                   bss          000000
__LbssBANK0              bssBANK0     000000
__LbssBANK1              bssBANK1     000000
__Lcinit                 cinit        000000
__Lclrtext               clrtext      000000
__Lcomram                comram       000000
__Lconfig                config       300000
__Lconst                 const        000000
__LcstackBANK0           cstackBANK0  000000
__LcstackBANK1           cstackBANK1  000000
__LcstackCOMRAM          cstackCOMRAM 000000
__Ldata                  data         000000
__LdataBANK0             dataBANK0    000000
__Leeprom_data           eeprom_data  000000
__Lend_init              end_init     000018
__Lfarbss                farbss       000000
__Lfardata               fardata      000000
__Libigdata              ibigdata     000000
__Lidata                 idata        000000
__LidataBANK0            idataBANK0   000000
__Lidloc                 idloc        200000
__Lifardata              ifardata     000000
__Linit                  init         000018
__Lintcode               intcode      000008
__Lintcode_body          intcode_body 000000
__Lintcodelo             intcodelo    000018
__Lintentry              intentry     000000
__Lintret                intret       000000
__Lintsave_regs          intsave_regs 000000
__Lirdata                irdata       000000
__Lmediumconst           mediumconst  007C8C
__LnvBANK0               nvBANK0      000000
__LnvFARRAM              nvFARRAM     000000
__Lnvbit                 nvbit        000000
__Lnvrram                nvrram       000000
__Lparam                 rparam       000000
__Lpowerup               powerup      000018
__Lram                   ram          000000
__Lramtop                ramtop       000800
__Lrbit                  rbit         000000
__Lrbss                  rbss         000000
__Lrdata                 rdata        000000
__Lreset_vec             reset_vec    000000
__Lrparam                rparam       000000
__Lsfr                   sfr          000000
__Lsmallconst            smallconst   000000
__Lstruct                struct       000000
__Ltemp                  temp         000000
__Ltext                  text         000000
__Ltext0                 text0        000000
__Ltext1                 text1        000000
__Ltext10                text10       000000
__Ltext11                text11       000000
__Ltext12                text12       000000
__Ltext13                text13       000000
__Ltext14                text14       000000
__Ltext15                text15       000000
__Ltext16                text16       000000
__Ltext17                text17       000000
__Ltext18                text18       000000
__Ltext19                text19       000000
__Ltext2                 text2        000000
__Ltext20                text20       000000
__Ltext21                text21       000000
__Ltext22                text22       000000
__Ltext23                text23       000000
__Ltext24                text24       000000
__Ltext25                text25       000000
__Ltext26                text26       000000
__Ltext27                text27       000000
__Ltext28                text28       000000
__Ltext29                text29       000000
__Ltext3                 text3        000000
__Ltext30                text30       000000
__Ltext31                text31       000000
__Ltext32                text32       000000
__Ltext33                text33       000000
__Ltext34                text34       000000
__Ltext35                text35       000000
__Ltext36                text36       000000
__Ltext37                text37       000000
__Ltext38                text38       000000
__Ltext39                text39       000000
__Ltext4                 text4        000000
__Ltext40                text40       000000
__Ltext41                text41       000000
__Ltext42                text42       000000
__Ltext43                text43       000000
__Ltext44                text44       000000
__Ltext45                text45       000000
__Ltext46                text46       000000
__Ltext47                text47       000000
__Ltext48                text48       000000
__Ltext49                text49       000000
__Ltext5                 text5        000000
__Ltext50                text50       000000
__Ltext51                text51       000000
__Ltext52                text52       000000
__Ltext53                text53       000000
__Ltext54                text54       000000
__Ltext6                 text6        000000
__Ltext7                 text7        000000
__Ltext8                 text8        000000
__S0                     (abs)        30000E
__S1                     (abs)        00012B
___asftadd               text32       0036BA
___asftadd@f1p           cstackCOMRAM 000046
___asftadd@f2            cstackCOMRAM 000048
___asftmul               text31       00367E
___asftmul@f1p           cstackCOMRAM 000037
___asftmul@f2            cstackCOMRAM 000039
___asftsub               text29       003642
___asftsub@f1p           cstackCOMRAM 00004B
___asftsub@f2            cstackCOMRAM 00004D
___awdiv                 text39       003062
___awdiv@counter         cstackCOMRAM 00000D
___awdiv@dividend        cstackCOMRAM 000008
___awdiv@divisor         cstackCOMRAM 00000A
___awdiv@quotient        cstackCOMRAM 00000F
___awdiv@sign            cstackCOMRAM 00000E
___awmod                 text53       003178
___awmod@counter         cstackCOMRAM 000006
___awmod@dividend        cstackCOMRAM 000001
___awmod@divisor         cstackCOMRAM 000003
___awmod@sign            cstackCOMRAM 000007
___ftadd                 text33       001F94
___ftadd@exp1            cstackCOMRAM 000044
___ftadd@exp2            cstackCOMRAM 000043
___ftadd@f1              cstackCOMRAM 000037
___ftadd@f2              cstackCOMRAM 00003A
___ftadd@sign            cstackCOMRAM 000042
___ftdiv                 text15       0028F8
___ftdiv@cntr            cstackCOMRAM 000014
___ftdiv@exp             cstackCOMRAM 000015
___ftdiv@f1              cstackCOMRAM 000009
___ftdiv@f2              cstackCOMRAM 00000C
___ftdiv@f3              cstackCOMRAM 000016
___ftdiv@sign            cstackCOMRAM 000019
___ftge                  text28       002FD2
___ftge@ff1              cstackCOMRAM 000001
___ftge@ff2              cstackCOMRAM 000004
___ftmul                 text40       0026E0
___ftmul@cntr            cstackCOMRAM 000035
___ftmul@exp             cstackCOMRAM 000031
___ftmul@f1              cstackCOMRAM 000026
___ftmul@f2              cstackCOMRAM 000029
___ftmul@f3_as_product   cstackCOMRAM 000032
___ftmul@sign            cstackCOMRAM 000036
___ftneg                 text27       00384A
___ftneg@f1              cstackCOMRAM 000001
___ftpack                text34       002C90
___ftpack@arg            cstackCOMRAM 000001
___ftpack@exp            cstackCOMRAM 000004
___ftpack@sign           cstackCOMRAM 000005
___ftsub                 text30       00376A
___ftsub@f1              cstackCOMRAM 000045
___ftsub@f2              cstackCOMRAM 000048
___fttol                 text26       002AEA
___fttol@exp1            cstackCOMRAM 000025
___fttol@f1              cstackCOMRAM 000017
___fttol@lval            cstackCOMRAM 000021
___fttol@sign1           cstackCOMRAM 000020
___lldiv                 text25       0030F2
___lldiv@counter         cstackCOMRAM 00000A
___lldiv@dividend        cstackCOMRAM 000001
___lldiv@divisor         cstackCOMRAM 000005
___lldiv@quotient        cstackCOMRAM 00000B
___llmod                 text24       003342
___llmod@counter         cstackCOMRAM 000018
___llmod@dividend        cstackCOMRAM 00000F
___llmod@divisor         cstackCOMRAM 000013
___lltoft                text23       003410
___lltoft@c              cstackCOMRAM 000009
___lltoft@exp            cstackCOMRAM 000011
___lwmod                 text51       0035BA
___lwmod@counter         cstackCOMRAM 000006
___lwmod@dividend        cstackCOMRAM 000001
___lwmod@divisor         cstackCOMRAM 000003
___lwtoft                text14       0037CE
___lwtoft@c              cstackCOMRAM 000009
___wmul                  text52       003730
___wmul@multiplicand     cstackCOMRAM 000013
___wmul@multiplier       cstackCOMRAM 000011
___wmul@product          cstackCOMRAM 000015
__accesstop              (abs)        000060
__activetblptr           (abs)        000002
__div_to_l_              text35       0029F6
__div_to_l_@cntr         cstackCOMRAM 00000C
__div_to_l_@exp1         cstackCOMRAM 00000D
__div_to_l_@f1           cstackCOMRAM 000001
__div_to_l_@f2           cstackCOMRAM 000004
__div_to_l_@quot         cstackCOMRAM 000008
__end_of___asftadd       text32       0036F6
__end_of___asftmul       text31       0036BA
__end_of___asftsub       text29       00367E
__end_of___awdiv         text39       0030F2
__end_of___awmod         text53       0031F4
__end_of___ftadd         text33       002160
__end_of___ftdiv         text15       0029F6
__end_of___ftge          text28       003062
__end_of___ftmul         text40       0027F0
__end_of___ftneg         text27       003870
__end_of___ftpack        text34       002D48
__end_of___ftsub         text30       0037A0
__end_of___fttol         text26       002BCA
__end_of___lldiv         text25       003178
__end_of___llmod         text24       0033AC
__end_of___lltoft        text23       003474
__end_of___lwmod         text51       003600
__end_of___lwtoft        text14       0037FA
__end_of___wmul          text52       00376A
__end_of__div_to_l_      text35       002AEA
__end_of__initialization cinit        003638
__end_of__npowers_       mediumconst  007D2E
__end_of__powers_        mediumconst  007D55
__end_of__stringdata     mediumconst  007DBF
__end_of__tdiv_to_l_     text36       0026E0
__end_of_buttons         text42       0028F8
__end_of_countBits       text19       00384A
__end_of_daysOfMonth     text50       002DF4
__end_of_dpowers         mediumconst  007CDF
__end_of_fround          text41       001D86
__end_of_getFontChar     text21       001F94
__end_of_getTemp         text13       002464
__end_of_hibit           text18       003410
__end_of_high_isr        intcode_body 0025BE
__end_of_initRTC         text4        003522
__end_of_initTemp        text3        003916
__end_of_isdigit         text37       003894
__end_of_lcd_font        mediumconst  007CB7
__end_of_loadTime        text5        003918
__end_of_log2            text46       0035BA
__end_of_lowbit          text12       0032D6
__end_of_main            text0        003268
__end_of_pow10           mediumconst  007D07
__end_of_printRTC        text10       001B06
__end_of_printTemp       text11       002F34
__end_of_rotate          text45       0034D0
__end_of_scale           text38       001866
__end_of_setBrightness   text8        0038B4
__end_of_setTest         text7        0038D2
__end_of_setup           text1        003822
__end_of_setupButtons    text2        0037CE
__end_of_spi             text47       002FD2
__end_of_sprintf         text22       000F8E
__end_of_startDisp       text6        002E96
__end_of_tick            text49       002C90
__end_of_update          text43       001416
__end_of_wait            text48       0038F0
__end_of_writeChar       text20       003730
__end_of_writeDigit      text44       003570
__end_of_writeFloat      text16       003342
__end_of_writeString     text17       002306
__initialization         cinit        003600
__mediumconst            mediumconst  007C8C
__npowers_               mediumconst  007D07
__pbssBANK0              bssBANK0     0000B0
__pbssBANK1              bssBANK1     000100
__pcinit                 cinit        003600
__pcstackBANK0           cstackBANK0  000060
__pcstackBANK1           cstackBANK1  000117
__pcstackCOMRAM          cstackCOMRAM 000001
__pdataBANK0             dataBANK0    0000D7
__pidataBANK0            idataBANK0   0038F0
__pintcode               intcode      000008
__pintcode_body          intcode_body 002464
__pmediumconst           mediumconst  007C8C
__pnvBANK0               nvBANK0      0000EE
__powers_                mediumconst  007D2E
__ptext0                 text0        0031F4
__ptext1                 text1        0037FA
__ptext10                text10       001866
__ptext11                text11       002E96
__ptext12                text12       003268
__ptext13                text13       002306
__ptext14                text14       0037CE
__ptext15                text15       0028F8
__ptext16                text16       0032D6
__ptext17                text17       002160
__ptext18                text18       0033AC
__ptext19                text19       003822
__ptext2                 text2        0037A0
__ptext20                text20       0036F6
__ptext21                text21       001D86
__ptext22                text22       00001C
__ptext23                text23       003410
__ptext24                text24       003342
__ptext25                text25       0030F2
__ptext26                text26       002AEA
__ptext27                text27       00384A
__ptext28                text28       002FD2
__ptext29                text29       003642
__ptext3                 text3        003908
__ptext30                text30       00376A
__ptext31                text31       00367E
__ptext32                text32       0036BA
__ptext33                text33       001F94
__ptext34                text34       002C90
__ptext35                text35       0029F6
__ptext36                text36       0025BE
__ptext37                text37       003870
__ptext38                text38       001416
__ptext39                text39       003062
__ptext4                 text4        0034D0
__ptext40                text40       0026E0
__ptext41                text41       001B06
__ptext42                text42       0027F0
__ptext43                text43       000F8E
__ptext44                text44       003522
__ptext45                text45       003474
__ptext46                text46       003570
__ptext47                text47       002F34
__ptext48                text48       0038D2
__ptext49                text49       002BCA
__ptext5                 text5        003916
__ptext50                text50       002D48
__ptext51                text51       0035BA
__ptext52                text52       003730
__ptext53                text53       003178
__ptext54                text54       000000
__ptext6                 text6        002DF4
__ptext7                 text7        0038B4
__ptext8                 text8        003894
__ramtop                 ramtop       000800
__size_of___asftadd      (abs)        000000
__size_of___asftmul      (abs)        000000
__size_of___asftsub      (abs)        000000
__size_of___awdiv        (abs)        000000
__size_of___awmod        (abs)        000000
__size_of___ftadd        (abs)        000000
__size_of___ftdiv        (abs)        000000
__size_of___ftge         (abs)        000000
__size_of___ftmul        (abs)        000000
__size_of___ftneg        (abs)        000000
__size_of___ftpack       (abs)        000000
__size_of___ftsub        (abs)        000000
__size_of___fttol        (abs)        000000
__size_of___lldiv        (abs)        000000
__size_of___llmod        (abs)        000000
__size_of___lltoft       (abs)        000000
__size_of___lwmod        (abs)        000000
__size_of___lwtoft       (abs)        000000
__size_of___wmul         (abs)        000000
__size_of__div_to_l_     (abs)        000000
__size_of__tdiv_to_l_    (abs)        000000
__size_of_buttons        (abs)        000000
__size_of_countBits      (abs)        000000
__size_of_daysOfMonth    (abs)        000000
__size_of_fround         (abs)        000000
__size_of_getFontChar    (abs)        000000
__size_of_getTemp        (abs)        000000
__size_of_hibit          (abs)        000000
__size_of_high_isr       (abs)        000000
__size_of_initRTC        (abs)        000000
__size_of_initTemp       (abs)        000000
__size_of_isdigit        (abs)        000000
__size_of_loadTime       (abs)        000000
__size_of_log2           (abs)        000000
__size_of_lowbit         (abs)        000000
__size_of_main           (abs)        000000
__size_of_printRTC       (abs)        000000
__size_of_printTemp      (abs)        000000
__size_of_rotate         (abs)        000000
__size_of_scale          (abs)        000000
__size_of_setBrightness  (abs)        000000
__size_of_setTest        (abs)        000000
__size_of_setup          (abs)        000000
__size_of_setupButtons   (abs)        000000
__size_of_spi            (abs)        000000
__size_of_sprintf        (abs)        000000
__size_of_startDisp      (abs)        000000
__size_of_tick           (abs)        000000
__size_of_update         (abs)        000000
__size_of_wait           (abs)        000000
__size_of_writeChar      (abs)        000000
__size_of_writeDigit     (abs)        000000
__size_of_writeFloat     (abs)        000000
__size_of_writeString    (abs)        000000
__smallconst             smallconst   000000
__stringdata             mediumconst  007D55
__tdiv_to_l_             text36       0025BE
__tdiv_to_l_@cntr        cstackCOMRAM 000010
__tdiv_to_l_@exp1        cstackCOMRAM 000011
__tdiv_to_l_@f1          cstackCOMRAM 000001
__tdiv_to_l_@f2          cstackCOMRAM 000004
__tdiv_to_l_@quot        cstackCOMRAM 00000C
_buttons                 text42       0027F0
_countBits               text19       003822
_date                    bssBANK1     00010D
_daysOfMonth             text50       002D48
_dow                     dataBANK0    0000D7
_dpowers                 mediumconst  007CB7
_fround                  text41       001B06
_fround$1261             cstackCOMRAM 000043
_fround$1262             cstackCOMRAM 000040
_getFontChar             text21       001D86
_getTemp                 text13       002306
_hibit                   text18       0033AC
_high_isr                intcode      000008
_initRTC                 text4        0034D0
_initTemp                text3        003908
_isdigit                 text37       003870
_isdigit$894             cstackCOMRAM 000003
_lcd_font                mediumconst  007C8C
_loadTime                text5        003916
_log2                    text46       003570
_lowbit                  text12       003268
_main                    text0        0031F4
_menu                    bssBANK0     0000D6
_nRBPU                   (abs)        007F8F
_oldTemps                bssBANK0     0000B0
_pow10                   mediumconst  007CDF
_printFn                 nvBANK0      0000EE
_printRTC                text10       001866
_printRTC$1259           cstackBANK0  00009F
_printTemp               text11       002E96
_printTemp$1260          cstackBANK0  000095
_rotate                  text45       003474
_rtc_big_ticks           bssBANK0     0000D2
_rtc_small_ticks         bssBANK0     0000D4
_scale                   text38       001416
_scale$1263              cstackCOMRAM 000040
_screen                  bssBANK1     000100
_setBrightness           text8        003894
_setTest                 text7        0038B4
_setup                   text1        0037FA
_setupButtons            text2        0037A0
_spi                     text47       002F34
_sprintf                 text22       00001C
_sprintf$1264            cstackBANK0  000066
_sprintf$619             cstackBANK0  000069
_startDisp               text6        002DF4
_tick                    text49       002BCA
_tmr0BigCounts           bssBANK0     0000CE
_update                  text43       000F8E
_wait                    text48       0038D2
_writeChar               text20       0036F6
_writeDigit              text44       003522
_writeFloat              text16       0032D6
_writeString             text17       002160
buttons@cnt              cstackCOMRAM 000011
countBits@num            cstackCOMRAM 000001
countBits@ret            cstackCOMRAM 000005
daysOfMonth@month        cstackCOMRAM 000007
daysOfMonth@year         cstackCOMRAM 000008
end_of_initialization    cinit        003638
fround@prec              cstackCOMRAM 000037
getFontChar@ch           cstackCOMRAM 000001
getTemp@cnt              cstackCOMRAM 00005E
getTemp@oldTempsTemp     cstackCOMRAM 00004F
getTemp@temp             cstackCOMRAM 000058
getTemp@total            cstackCOMRAM 00005B
hibit@log2Val            cstackCOMRAM 000008
hibit@x                  cstackCOMRAM 000001
int_func                 intcode_body 002464
intlevel0                text         000000
intlevel1                text         000000
intlevel2                text         000000
intlevel3                text         000000
isdigit@c                cstackCOMRAM 000001
loadTime@newDate         cstackBANK1  000117
log2@log2Val             cstackCOMRAM 000010
log2@num                 cstackCOMRAM 00000C
lowbit@log2Val           cstackCOMRAM 000008
lowbit@x                 cstackCOMRAM 000001
main@cnt                 cstackBANK1  000127
printRTC@F5050           bssBANK0     0000BC
printRTC@digits          cstackCOMRAM 00005F
printRTC@str             cstackBANK0  000096
printTemp@digits         cstackCOMRAM 00005F
printTemp@units          cstackBANK0  000099
rotate@cnt               cstackCOMRAM 000006
rotate@ret               cstackCOMRAM 000005
rotate@seg               cstackCOMRAM 000001
scale@scl                cstackCOMRAM 000037
setBrightness@bright     cstackBANK1  000117
setTest@state            cstackBANK1  000117
spi@addr                 cstackCOMRAM 000007
spi@cnt                  cstackCOMRAM 00000E
spi@data                 cstackCOMRAM 000008
spi@send                 cstackCOMRAM 00000C
sprintf@_val             cstackBANK0  000082
sprintf@ap               cstackBANK0  000074
sprintf@c                cstackBANK0  000081
sprintf@exp              cstackBANK0  000076
sprintf@f                cstackCOMRAM 000052
sprintf@flag             cstackBANK0  000078
sprintf@fval             cstackBANK0  00007A
sprintf@integ            cstackBANK0  000071
sprintf@prec             cstackBANK0  00007F
sprintf@sp               cstackCOMRAM 000050
sprintf@vd               cstackBANK0  00006D
sprintf@vd_621           cstackBANK0  00006F
sprintf@width            cstackBANK0  00007D
start                    init         000018
start_initialization     cinit        003600
tick@val                 cstackCOMRAM 00000C
update@cnt               cstackCOMRAM 00001E
wait@count               cstackCOMRAM 000001
writeChar@ch             cstackCOMRAM 000018
writeChar@dig            cstackCOMRAM 000019
writeChar@digit          cstackCOMRAM 000017
writeDigit@cnt           cstackCOMRAM 000018
writeDigit@dig           cstackCOMRAM 000017
writeDigit@digit         cstackCOMRAM 000014
writeDigit@segs          cstackCOMRAM 000015
writeFloat@F5025         bssBANK0     0000C5
writeFloat@bits          cstackBANK0  000093
writeFloat@digits        cstackBANK0  000086
writeFloat@num           cstackBANK0  000087
writeFloat@str           cstackBANK0  00008A
writeLong@F5021          dataBANK0    0000E5
writeString@bits         cstackCOMRAM 000021
writeString@cnt          cstackCOMRAM 000023
writeString@digits       cstackCOMRAM 00001A
writeString@i            cstackCOMRAM 000022
writeString@string       cstackCOMRAM 00001B


FUNCTION INFORMATION:

 *************** function _main *****************
 Defined at:
		line 35 in file "main.c"
 Parameters:    Size  Location     Type
  argc            2   11[BANK1 ] int 
  argv            3   13[BANK1 ] PTR PTR unsigned char 
 Auto vars:     Size  Location     Type
  cnt             4   16[BANK1 ] unsigned long 
 Return value:  Size  Location     Type
                  2   11[BANK1 ] int 
 Registers used:
		wreg, status,2, status,0, cstack
 Tracked objects:
		On entry : 
		On exit  : 
		Unchanged: 
 Data sizes:     COMRAM   BANK0   BANK1   BANK2   BANK3   BANK4   BANK5   BANK6   BANK7
      Params:         0       0       5       0       0       0       0       0       0
      Locals:         0       0       4       0       0       0       0       0       0
      Temps:          0       0       0       0       0       0       0       0       0
      Totals:         0       0       9       0       0       0       0       0       0
Total ram usage:        9 bytes
 Hardware stack levels required when called:   11
 This function calls:
		_setup
 This function is called by:
		Startup code after reset
 This function uses a non-reentrant model


 *************** function _setup *****************
 Defined at:
		line 51 in file "main.c"
 Parameters:    Size  Location     Type
		None
 Auto vars:     Size  Location     Type
		None
 Return value:  Size  Location     Type
		None               void
 Registers used:
		wreg, status,2, status,0, cstack
 Tracked objects:
		On entry : 
		On exit  : 
		Unchanged: 
 Data sizes:     COMRAM   BANK0   BANK1   BANK2   BANK3   BANK4   BANK5   BANK6   BANK7
      Params:         0       0       0       0       0       0       0       0       0
      Locals:         0       0       0       0       0       0       0       0       0
      Temps:          0       0       0       0       0       0       0       0       0
      Totals:         0       0       0       0       0       0       0       0       0
Total ram usage:        0 bytes
 Hardware stack levels used:    1
 Hardware stack levels required when called:   10
 This function calls:
		_startDisp
		_initRTC
		_initTemp
		_setupButtons
 This function is called by:
		_main
 This function uses a non-reentrant model


 *************** function _setupButtons *****************
 Defined at:
		line 9 in file "buttons.c"
 Parameters:    Size  Location     Type
		None
 Auto vars:     Size  Location     Type
		None
 Return value:  Size  Location     Type
		None               void
 Registers used:
		wreg, status,2
 Tracked objects:
		On entry : 
		On exit  : 
		Unchanged: 
 Data sizes:     COMRAM   BANK0   BANK1   BANK2   BANK3   BANK4   BANK5   BANK6   BANK7
      Params:         0       0       0       0       0       0       0       0       0
      Locals:         0       0       0       0       0       0       0       0       0
      Temps:          0       0       0       0       0       0       0       0       0
      Totals:         0       0       0       0       0       0       0       0       0
Total ram usage:        0 bytes
 Hardware stack levels used:    1
 Hardware stack levels required when called:    8
 This function calls:
		Nothing
 This function is called by:
		_setup
 This function uses a non-reentrant model


 *************** function _initTemp *****************
 Defined at:
		line 7 in file "temp.c"
 Parameters:    Size  Location     Type
		None
 Auto vars:     Size  Location     Type
		None
 Return value:  Size  Location     Type
		None               void
 Registers used:
		wreg, status,2
 Tracked objects:
		On entry : 
		On exit  : 
		Unchanged: 
 Data sizes:     COMRAM   BANK0   BANK1   BANK2   BANK3   BANK4   BANK5   BANK6   BANK7
      Params:         0       0       0       0       0       0       0       0       0
      Locals:         0       0       0       0       0       0       0       0       0
      Temps:          0       0       0       0       0       0       0       0       0
      Totals:         0       0       0       0       0       0       0       0       0
Total ram usage:        0 bytes
 Hardware stack levels used:    1
 Hardware stack levels required when called:    8
 This function calls:
		Nothing
 This function is called by:
		_setup
 This function uses a non-reentrant model


 *************** function _initRTC *****************
 Defined at:
		line 7 in file "RTC.c"
 Parameters:    Size  Location     Type
		None
 Auto vars:     Size  Location     Type
		None
 Return value:  Size  Location     Type
		None               void
 Registers used:
		wreg, status,2, cstack
 Tracked objects:
		On entry : 
		On exit  : 
		Unchanged: 
 Data sizes:     COMRAM   BANK0   BANK1   BANK2   BANK3   BANK4   BANK5   BANK6   BANK7
      Params:         0       0       0       0       0       0       0       0       0
      Locals:         0       0       0       0       0       0       0       0       0
      Temps:          0       0       1       0       0       0       0       0       0
      Totals:         0       0       1       0       0       0       0       0       0
Total ram usage:        1 bytes
 Hardware stack levels used:    1
 Hardware stack levels required when called:    9
 This function calls:
		_loadTime
 This function is called by:
		_setup
 This function uses a non-reentrant model


 *************** function _loadTime *****************
 Defined at:
		line 25 in file "RTC.c"
 Parameters:    Size  Location     Type
		None
 Auto vars:     Size  Location     Type
  newDate        10    0[BANK1 ] struct sDate
 Return value:  Size  Location     Type
                  10  195[COMRAM] struct sDate
 Registers used:
		None
 Tracked objects:
		On entry : 
		On exit  : 
		Unchanged: 
 Data sizes:     COMRAM   BANK0   BANK1   BANK2   BANK3   BANK4   BANK5   BANK6   BANK7
      Params:         0       0       0       0       0       0       0       0       0
      Locals:         0       0      10       0       0       0       0       0       0
      Temps:          0       0       0       0       0       0       0       0       0
      Totals:         0       0      10       0       0       0       0       0       0
Total ram usage:       10 bytes
 Hardware stack levels used:    1
 Hardware stack levels required when called:    8
 This function calls:
		Nothing
 This function is called by:
		_initRTC
 This function uses a non-reentrant model


 *************** function _startDisp *****************
 Defined at:
		line 59 in file "disp.c"
 Parameters:    Size  Location     Type
		None
 Auto vars:     Size  Location     Type
		None
 Return value:  Size  Location     Type
		None               void
 Registers used:
		wreg, status,2, status,0, cstack
 Tracked objects:
		On entry : 
		On exit  : 
		Unchanged: 
 Data sizes:     COMRAM   BANK0   BANK1   BANK2   BANK3   BANK4   BANK5   BANK6   BANK7
      Params:         0       0       0       0       0       0       0       0       0
      Locals:         0       0       0       0       0       0       0       0       0
      Temps:          0       0       1       0       0       0       0       0       0
      Totals:         0       0       1       0       0       0       0       0       0
Total ram usage:        1 bytes
 Hardware stack levels used:    1
 Hardware stack levels required when called:    9
 This function calls:
		_setBrightness
		_setTest
 This function is called by:
		_setup
 This function uses a non-reentrant model


 *************** function _setTest *****************
 Defined at:
		line 53 in file "disp.c"
 Parameters:    Size  Location     Type
  state           1    0[BANK1 ] unsigned char 
 Auto vars:     Size  Location     Type
		None
 Return value:  Size  Location     Type
		None               void
 Registers used:
		status,2, status,0
 Tracked objects:
		On entry : 
		On exit  : 
		Unchanged: 
 Data sizes:     COMRAM   BANK0   BANK1   BANK2   BANK3   BANK4   BANK5   BANK6   BANK7
      Params:         0       0       1       0       0       0       0       0       0
      Locals:         0       0       0       0       0       0       0       0       0
      Temps:          0       0       0       0       0       0       0       0       0
      Totals:         0       0       1       0       0       0       0       0       0
Total ram usage:        1 bytes
 Hardware stack levels used:    1
 Hardware stack levels required when called:    8
 This function calls:
		Nothing
 This function is called by:
		_startDisp
 This function uses a non-reentrant model


 *************** function _setBrightness *****************
 Defined at:
		line 46 in file "disp.c"
 Parameters:    Size  Location     Type
  bright          1    0[BANK1 ] unsigned char 
 Auto vars:     Size  Location     Type
		None
 Return value:  Size  Location     Type
		None               void
 Registers used:
		wreg, status,2, status,0
 Tracked objects:
		On entry : 
		On exit  : 
		Unchanged: 
 Data sizes:     COMRAM   BANK0   BANK1   BANK2   BANK3   BANK4   BANK5   BANK6   BANK7
      Params:         0       0       1       0       0       0       0       0       0
      Locals:         0       0       0       0       0       0       0       0       0
      Temps:          0       0       0       0       0       0       0       0       0
      Totals:         0       0       1       0       0       0       0       0       0
Total ram usage:        1 bytes
 Hardware stack levels used:    1
 Hardware stack levels required when called:    8
 This function calls:
		Nothing
 This function is called by:
		_startDisp
 This function uses a non-reentrant model


 *************** function _high_isr *****************
 Defined at:
		line 70 in file "main.c"
 Parameters:    Size  Location     Type
		None
 Auto vars:     Size  Location     Type
		None
 Return value:  Size  Location     Type
		None               void
 Registers used:
		wreg, fsr0l, fsr0h, fsr1l, fsr1h, fsr2l, fsr2h, status,2, status,0, pclat, tosl, tblptrl, tblptrh, tblptru, prodl, prodh, cstack
 Tracked objects:
		On entry : 
		On exit  : 
		Unchanged: 
 Data sizes:     COMRAM   BANK0   BANK1   BANK2   BANK3   BANK4   BANK5   BANK6   BANK7
      Params:         0       0       0       0       0       0       0       0       0
      Locals:         0       0       0       0       0       0       0       0       0
      Temps:          0      15       0       0       0       0       0       0       0
      Totals:         0      15       0       0       0       0       0       0       0
Total ram usage:       15 bytes
 Hardware stack levels used:    1
 Hardware stack levels required when called:    7
 This function calls:
		_tick
		_update
		_buttons
		_printRTC
		_printTemp
		Absolute function
 This function is called by:
		Interrupt level 2
 This function uses a non-reentrant model


 *************** function _printRTC *****************
 Defined at:
		line 162 in file "RTC.c"
 Parameters:    Size  Location     Type
  digits          1   94[COMRAM] unsigned char 
 Auto vars:     Size  Location     Type
  str             9   54[BANK0 ] unsigned char [9]
 Return value:  Size  Location     Type
		None               void
 Registers used:
		wreg, fsr0l, fsr0h, fsr1l, fsr1h, fsr2l, fsr2h, status,2, status,0, tblptrl, tblptrh, tblptru, prodl, prodh, cstack
 Tracked objects:
		On entry : 
		On exit  : 
		Unchanged: 
 Data sizes:     COMRAM   BANK0   BANK1   BANK2   BANK3   BANK4   BANK5   BANK6   BANK7
      Params:         1       0       0       0       0       0       0       0       0
      Locals:         0      11       0       0       0       0       0       0       0
      Temps:          0       2       0       0       0       0       0       0       0
      Totals:         1      13       0       0       0       0       0       0       0
Total ram usage:       14 bytes
 Hardware stack levels used:    1
 Hardware stack levels required when called:    5
 This function calls:
		_countBits
		_sprintf
		_writeString
		___lwmod
 This function is called by:
		_setup
		_buttons
		_high_isr
 This function uses a non-reentrant model


 *************** function _printTemp *****************
 Defined at:
		line 57 in file "temp.c"
 Parameters:    Size  Location     Type
  digits          1   94[COMRAM] unsigned char 
 Auto vars:     Size  Location     Type
  units           1   57[BANK0 ] unsigned char 
 Return value:  Size  Location     Type
		None               void
 Registers used:
		wreg, fsr0l, fsr0h, fsr1l, fsr1h, fsr2l, fsr2h, status,2, status,0, tblptrl, tblptrh, tblptru, prodl, prodh, cstack
 Tracked objects:
		On entry : 
		On exit  : 
		Unchanged: 
 Data sizes:     COMRAM   BANK0   BANK1   BANK2   BANK3   BANK4   BANK5   BANK6   BANK7
      Params:         1       0       0       0       0       0       0       0       0
      Locals:         0       5       0       0       0       0       0       0       0
      Temps:          0       1       0       0       0       0       0       0       0
      Totals:         1       6       0       0       0       0       0       0       0
Total ram usage:        7 bytes
 Hardware stack levels used:    1
 Hardware stack levels required when called:    6
 This function calls:
		_writeString
		_writeFloat
		_getTemp
		_lowbit
 This function is called by:
		_buttons
		_high_isr
 This function uses a non-reentrant model


 *************** function _lowbit *****************
 Defined at:
		line 26 in file "defs.c"
 Parameters:    Size  Location     Type
  x               4    0[COMRAM] unsigned long 
 Auto vars:     Size  Location     Type
  log2Val         4    7[COMRAM] unsigned long 
 Return value:  Size  Location     Type
                  4    0[COMRAM] unsigned long 
 Registers used:
		wreg, status,2, status,0
 Tracked objects:
		On entry : 
		On exit  : 
		Unchanged: 
 Data sizes:     COMRAM   BANK0   BANK1   BANK2   BANK3   BANK4   BANK5   BANK6   BANK7
      Params:         4       0       0       0       0       0       0       0       0
      Locals:         4       0       0       0       0       0       0       0       0
      Temps:          3       0       0       0       0       0       0       0       0
      Totals:        11       0       0       0       0       0       0       0       0
Total ram usage:       11 bytes
 Hardware stack levels used:    1
 This function calls:
		Nothing
 This function is called by:
		_printTemp
 This function uses a non-reentrant model


 *************** function _getTemp *****************
 Defined at:
		line 35 in file "temp.c"
 Parameters:    Size  Location     Type
		None
 Auto vars:     Size  Location     Type
  oldTempsTemp    9   78[COMRAM] [3]
  total           3   90[COMRAM] [3]
  temp            3   87[COMRAM] [3]
  cnt             1   93[COMRAM] unsigned char 
 Return value:  Size  Location     Type
                  3   74[COMRAM] unsigned char 
 Registers used:
		wreg, fsr1l, fsr1h, fsr2l, fsr2h, status,2, status,0, prodl, prodh, cstack
 Tracked objects:
		On entry : 
		On exit  : 
		Unchanged: 
 Data sizes:     COMRAM   BANK0   BANK1   BANK2   BANK3   BANK4   BANK5   BANK6   BANK7
      Params:         3       0       0       0       0       0       0       0       0
      Locals:        16       0       0       0       0       0       0       0       0
      Temps:          1       0       0       0       0       0       0       0       0
      Totals:        20       0       0       0       0       0       0       0       0
Total ram usage:       20 bytes
 Hardware stack levels used:    1
 Hardware stack levels required when called:    3
 This function calls:
		___asftadd
		___ftadd
		___ftdiv
		___ftmul
		___lwtoft
		___wmul
 This function is called by:
		_printTemp
 This function uses a non-reentrant model


 *************** function ___lwtoft *****************
 Defined at:
		line 29 in file "/usr/opt/microchip/xc8/v1.20/sources/common/lwtoft.c"
 Parameters:    Size  Location     Type
  c               2    8[COMRAM] unsigned int 
 Auto vars:     Size  Location     Type
		None
 Return value:  Size  Location     Type
                  3    8[COMRAM] float 
 Registers used:
		wreg, status,2, status,0, cstack
 Tracked objects:
		On entry : 
		On exit  : 
		Unchanged: 
 Data sizes:     COMRAM   BANK0   BANK1   BANK2   BANK3   BANK4   BANK5   BANK6   BANK7
      Params:         3       0       0       0       0       0       0       0       0
      Locals:         0       0       0       0       0       0       0       0       0
      Temps:          2       0       0       0       0       0       0       0       0
      Totals:         5       0       0       0       0       0       0       0       0
Total ram usage:        5 bytes
 Hardware stack levels used:    1
 Hardware stack levels required when called:    1
 This function calls:
		___ftpack
 This function is called by:
		_getTemp
 This function uses a non-reentrant model


 *************** function ___ftdiv *****************
 Defined at:
		line 50 in file "/usr/opt/microchip/xc8/v1.20/sources/common/ftdiv.c"
 Parameters:    Size  Location     Type
  f1              3    8[COMRAM] float 
  f2              3   11[COMRAM] float 
 Auto vars:     Size  Location     Type
  f3              3   21[COMRAM] float 
  sign            1   24[COMRAM] unsigned char 
  exp             1   20[COMRAM] unsigned char 
  cntr            1   19[COMRAM] unsigned char 
 Return value:  Size  Location     Type
                  3    8[COMRAM] float 
 Registers used:
		wreg, status,2, status,0, cstack
 Tracked objects:
		On entry : 
		On exit  : 
		Unchanged: 
 Data sizes:     COMRAM   BANK0   BANK1   BANK2   BANK3   BANK4   BANK5   BANK6   BANK7
      Params:         6       0       0       0       0       0       0       0       0
      Locals:         6       0       0       0       0       0       0       0       0
      Temps:          5       0       0       0       0       0       0       0       0
      Totals:        17       0       0       0       0       0       0       0       0
Total ram usage:       17 bytes
 Hardware stack levels used:    1
 Hardware stack levels required when called:    1
 This function calls:
		___ftpack
 This function is called by:
		_getTemp
 This function uses a non-reentrant model


 *************** function _writeFloat *****************
 Defined at:
		line 157 in file "disp.c"
 Parameters:    Size  Location     Type
  digits          1   38[BANK0 ] unsigned char 
  num             3   39[BANK0 ] unsigned char 
 Auto vars:     Size  Location     Type
  str             9   42[BANK0 ] unsigned char [9]
  bits            1   51[BANK0 ] unsigned char 
 Return value:  Size  Location     Type
		None               void
 Registers used:
		wreg, fsr0l, fsr0h, fsr1l, fsr1h, fsr2l, fsr2h, status,2, status,0, tblptrl, tblptrh, tblptru, prodl, prodh, cstack
 Tracked objects:
		On entry : 
		On exit  : 
		Unchanged: 
 Data sizes:     COMRAM   BANK0   BANK1   BANK2   BANK3   BANK4   BANK5   BANK6   BANK7
      Params:         0       4       0       0       0       0       0       0       0
      Locals:         0      10       0       0       0       0       0       0       0
      Temps:          0       0       0       0       0       0       0       0       0
      Totals:         0      14       0       0       0       0       0       0       0
Total ram usage:       14 bytes
 Hardware stack levels used:    1
 Hardware stack levels required when called:    5
 This function calls:
		_countBits
		_sprintf
		_writeString
 This function is called by:
		_printTemp
 This function uses a non-reentrant model


 *************** function _writeString *****************
 Defined at:
		line 166 in file "disp.c"
 Parameters:    Size  Location     Type
  digits          1   25[COMRAM] unsigned char 
  string          2   26[COMRAM] PTR unsigned char 
		 -> STR_30(3), printRTC@str(9), writeFloat@str(9), writeLong@str(9), 
 Auto vars:     Size  Location     Type
  cnt             1   34[COMRAM] char 
  i               1   33[COMRAM] char 
  bits            1   32[COMRAM] unsigned char 
 Return value:  Size  Location     Type
		None               void
 Registers used:
		wreg, fsr0l, fsr0h, fsr2l, fsr2h, status,2, status,0, tblptrl, tblptrh, tblptru, prodl, prodh, cstack
 Tracked objects:
		On entry : 
		On exit  : 
		Unchanged: 
 Data sizes:     COMRAM   BANK0   BANK1   BANK2   BANK3   BANK4   BANK5   BANK6   BANK7
      Params:         3       0       0       0       0       0       0       0       0
      Locals:         3       0       0       0       0       0       0       0       0
      Temps:          4       0       0       0       0       0       0       0       0
      Totals:        10       0       0       0       0       0       0       0       0
Total ram usage:       10 bytes
 Hardware stack levels used:    1
 Hardware stack levels required when called:    2
 This function calls:
		_log2
		_writeChar
		_countBits
		_hibit
		___wmul
 This function is called by:
		_writeFloat
		_printRTC
		_printTemp
		_writeLong
 This function uses a non-reentrant model


 *************** function _hibit *****************
 Defined at:
		line 19 in file "defs.c"
 Parameters:    Size  Location     Type
  x               4    0[COMRAM] unsigned long 
 Auto vars:     Size  Location     Type
  log2Val         4    7[COMRAM] unsigned long 
 Return value:  Size  Location     Type
                  4    0[COMRAM] unsigned long 
 Registers used:
		wreg, status,2, status,0
 Tracked objects:
		On entry : 
		On exit  : 
		Unchanged: 
 Data sizes:     COMRAM   BANK0   BANK1   BANK2   BANK3   BANK4   BANK5   BANK6   BANK7
      Params:         4       0       0       0       0       0       0       0       0
      Locals:         4       0       0       0       0       0       0       0       0
      Temps:          3       0       0       0       0       0       0       0       0
      Totals:        11       0       0       0       0       0       0       0       0
Total ram usage:       11 bytes
 Hardware stack levels used:    1
 This function calls:
		Nothing
 This function is called by:
		_writeString
 This function uses a non-reentrant model


 *************** function _countBits *****************
 Defined at:
		line 9 in file "defs.c"
 Parameters:    Size  Location     Type
  num             4    0[COMRAM] unsigned long 
 Auto vars:     Size  Location     Type
  ret             1    4[COMRAM] unsigned char 
 Return value:  Size  Location     Type
                  1    wreg      unsigned char 
 Registers used:
		wreg, status,2, status,0
 Tracked objects:
		On entry : 
		On exit  : 
		Unchanged: 
 Data sizes:     COMRAM   BANK0   BANK1   BANK2   BANK3   BANK4   BANK5   BANK6   BANK7
      Params:         4       0       0       0       0       0       0       0       0
      Locals:         1       0       0       0       0       0       0       0       0
      Temps:          0       0       0       0       0       0       0       0       0
      Totals:         5       0       0       0       0       0       0       0       0
Total ram usage:        5 bytes
 Hardware stack levels used:    1
 This function calls:
		Nothing
 This function is called by:
		_writeFloat
		_writeString
		_printRTC
		_writeLong
		_maxSize
 This function uses a non-reentrant model


 *************** function _writeChar *****************
 Defined at:
		line 118 in file "disp.c"
 Parameters:    Size  Location     Type
  digit           1   22[COMRAM] unsigned char 
  ch              1   23[COMRAM] unsigned char 
 Auto vars:     Size  Location     Type
  dig             1   24[COMRAM] unsigned char 
 Return value:  Size  Location     Type
		None               void
 Registers used:
		wreg, fsr2l, fsr2h, status,2, status,0, tblptrl, tblptrh, tblptru, prodl, prodh, cstack
 Tracked objects:
		On entry : 
		On exit  : 
		Unchanged: 
 Data sizes:     COMRAM   BANK0   BANK1   BANK2   BANK3   BANK4   BANK5   BANK6   BANK7
      Params:         2       0       0       0       0       0       0       0       0
      Locals:         1       0       0       0       0       0       0       0       0
      Temps:          0       0       0       0       0       0       0       0       0
      Totals:         3       0       0       0       0       0       0       0       0
Total ram usage:        3 bytes
 Hardware stack levels used:    1
 Hardware stack levels required when called:    1
 This function calls:
		_getFontChar
		_log2
 This function is called by:
		_writeString
 This function uses a non-reentrant model


 *************** function _getFontChar *****************
 Defined at:
		line 117 in file "display1.h"
 Parameters:    Size  Location     Type
  ch              1    0[COMRAM] unsigned char 
 Auto vars:     Size  Location     Type
		None
 Return value:  Size  Location     Type
                  1    wreg      unsigned char 
 Registers used:
		wreg, status,2, status,0, tblptrl, tblptrh, tblptru
 Tracked objects:
		On entry : 
		On exit  : 
		Unchanged: 
 Data sizes:     COMRAM   BANK0   BANK1   BANK2   BANK3   BANK4   BANK5   BANK6   BANK7
      Params:         1       0       0       0       0       0       0       0       0
      Locals:         0       0       0       0       0       0       0       0       0
      Temps:          2       0       0       0       0       0       0       0       0
      Totals:         3       0       0       0       0       0       0       0       0
Total ram usage:        3 bytes
 Hardware stack levels used:    1
 This function calls:
		Nothing
 This function is called by:
		_writeChar
 This function uses a non-reentrant model


 *************** function _sprintf *****************
 Defined at:
		line 493 in file "/usr/opt/microchip/xc8/v1.20/sources/common/doprnt.c"
 Parameters:    Size  Location     Type
  sp              2   79[COMRAM] PTR unsigned char 
		 -> printRTC@str(9), writeFloat@str(9), writeLong@str(9), 
  f               2   81[COMRAM] PTR const unsigned char 
		 -> STR_22(15), STR_21(13), STR_20(15), STR_19(15), 
		 -> STR_18(15), STR_17(10), STR_9(5), STR_8(5), 
 Auto vars:     Size  Location     Type
  vd              2   13[BANK0 ] unsigned int 
  vd              2   15[BANK0 ] unsigned int 
  _val            4   34[BANK0 ] struct .
  fval            3   26[BANK0 ] struct .
  integ           3   17[BANK0 ] struct .
  ival            3    0        struct .
  prec            2   31[BANK0 ] int 
  width           2   29[BANK0 ] int 
  flag            2   24[BANK0 ] unsigned short 
  exp             2   22[BANK0 ] int 
  ap              2   20[BANK0 ] PTR void [1]
		 -> ?_sprintf(2), 
  c               1   33[BANK0 ] char 
  d               1    0        unsigned char 
 Return value:  Size  Location     Type
                  2   79[COMRAM] int 
 Registers used:
		wreg, fsr0l, fsr0h, fsr2l, fsr2h, status,2, status,0, tblptrl, tblptrh, tblptru, prodl, prodh, cstack
 Tracked objects:
		On entry : 
		On exit  : 
		Unchanged: 
 Data sizes:     COMRAM   BANK0   BANK1   BANK2   BANK3   BANK4   BANK5   BANK6   BANK7
      Params:        12       0       0       0       0       0       0       0       0
      Locals:         0      32       0       0       0       0       0       0       0
      Temps:          0       6       0       0       0       0       0       0       0
      Totals:        12      38       0       0       0       0       0       0       0
Total ram usage:       50 bytes
 Hardware stack levels used:    1
 Hardware stack levels required when called:    4
 This function calls:
		_fround
		_scale
		_isdigit
		__tdiv_to_l_
		__div_to_l_
		___asftadd
		___asftmul
		___ftmul
		___asftsub
		___awdiv
		___ftge
		___ftneg
		___fttol
		___lldiv
		___llmod
		___lltoft
		___lwmod
		___wmul
 This function is called by:
		_writeFloat
		_printRTC
		_writeLong
 This function uses a non-reentrant model


 *************** function ___lltoft *****************
 Defined at:
		line 36 in file "/usr/opt/microchip/xc8/v1.20/sources/common/lltoft.c"
 Parameters:    Size  Location     Type
  c               4    8[COMRAM] unsigned long 
 Auto vars:     Size  Location     Type
  exp             1   16[COMRAM] unsigned char 
 Return value:  Size  Location     Type
                  3    8[COMRAM] float 
 Registers used:
		wreg, status,2, status,0, cstack
 Tracked objects:
		On entry : 
		On exit  : 
		Unchanged: 
 Data sizes:     COMRAM   BANK0   BANK1   BANK2   BANK3   BANK4   BANK5   BANK6   BANK7
      Params:         4       0       0       0       0       0       0       0       0
      Locals:         1       0       0       0       0       0       0       0       0
      Temps:          4       0       0       0       0       0       0       0       0
      Totals:         9       0       0       0       0       0       0       0       0
Total ram usage:        9 bytes
 Hardware stack levels used:    1
 Hardware stack levels required when called:    1
 This function calls:
		___ftpack
 This function is called by:
		_sprintf
 This function uses a non-reentrant model


 *************** function ___llmod *****************
 Defined at:
		line 10 in file "/usr/opt/microchip/xc8/v1.20/sources/common/llmod.c"
 Parameters:    Size  Location     Type
  dividend        4   14[COMRAM] unsigned long 
  divisor         4   18[COMRAM] unsigned long 
 Auto vars:     Size  Location     Type
  counter         1   23[COMRAM] unsigned char 
 Return value:  Size  Location     Type
                  4   14[COMRAM] unsigned long 
 Registers used:
		wreg, status,2, status,0
 Tracked objects:
		On entry : 
		On exit  : 
		Unchanged: 
 Data sizes:     COMRAM   BANK0   BANK1   BANK2   BANK3   BANK4   BANK5   BANK6   BANK7
      Params:         8       0       0       0       0       0       0       0       0
      Locals:         1       0       0       0       0       0       0       0       0
      Temps:          1       0       0       0       0       0       0       0       0
      Totals:        10       0       0       0       0       0       0       0       0
Total ram usage:       10 bytes
 Hardware stack levels used:    1
 This function calls:
		Nothing
 This function is called by:
		_sprintf
		_dayOfWeek
[...]
		None
 Auto vars:     Size  Location     Type
  cnt             1   16[COMRAM] unsigned char 
 Return value:  Size  Location     Type
		None               void
 Registers used:
		wreg, status,2, status,0, cstack
 Tracked objects:
		On entry : 
		On exit  : 
		Unchanged: 
 Data sizes:     COMRAM   BANK0   BANK1   BANK2   BANK3   BANK4   BANK5   BANK6   BANK7
      Params:         0       0       0       0       0       0       0       0       0
      Locals:         1       0       0       0       0       0       0       0       0
      Temps:          9       0       0       0       0       0       0       0       0
      Totals:        10       0       0       0       0       0       0       0       0
Total ram usage:       10 bytes
 Hardware stack levels used:    1
 Hardware stack levels required when called:    1
 This function calls:
		___awmod
 This function is called by:
		_high_isr
 This function uses a non-reentrant model


 *************** function _update *****************
 Defined at:
		line 13 in file "disp.c"
 Parameters:    Size  Location     Type
		None
 Auto vars:     Size  Location     Type
  cnt             1   29[COMRAM] char 
 Return value:  Size  Location     Type
		None               void
 Registers used:
		wreg, fsr2l, fsr2h, status,2, status,0, prodl, prodh, cstack
 Tracked objects:
		On entry : 
		On exit  : 
		Unchanged: 
 Data sizes:     COMRAM   BANK0   BANK1   BANK2   BANK3   BANK4   BANK5   BANK6   BANK7
      Params:         0       0       0       0       0       0       0       0       0
      Locals:         1       0       0       0       0       0       0       0       0
      Temps:          5       0       0       0       0       0       0       0       0
      Totals:         6       0       0       0       0       0       0       0       0
Total ram usage:        6 bytes
 Hardware stack levels used:    1
 Hardware stack levels required when called:    3
 This function calls:
		_writeDigit
		_spi
 This function is called by:
		_high_isr
 This function uses a non-reentrant model


 *************** function _writeDigit *****************
 Defined at:
		line 105 in file "disp.c"
 Parameters:    Size  Location     Type
  digit           1   19[COMRAM] unsigned char 
  segs            1   20[COMRAM] unsigned char 
 Auto vars:     Size  Location     Type
  cnt             1   23[COMRAM] char 
  dig             1   22[COMRAM] unsigned char 
 Return value:  Size  Location     Type
		None               void
 Registers used:
		wreg, fsr2l, fsr2h, status,2, status,0, prodl, prodh, cstack
 Tracked objects:
		On entry : 
		On exit  : 
		Unchanged: 
 Data sizes:     COMRAM   BANK0   BANK1   BANK2   BANK3   BANK4   BANK5   BANK6   BANK7
      Params:         2       0       0       0       0       0       0       0       0
      Locals:         2       0       0       0       0       0       0       0       0
      Temps:          1       0       0       0       0       0       0       0       0
      Totals:         5       0       0       0       0       0       0       0       0
Total ram usage:        5 bytes
 Hardware stack levels used:    1
 Hardware stack levels required when called:    2
 This function calls:
		_spi
		_log2
		_rotate
 This function is called by:
		_update
 This function uses a non-reentrant model


 *************** function _rotate *****************
 Defined at:
		line 194 in file "disp.c"
 Parameters:    Size  Location     Type
  seg             1    0[COMRAM] unsigned char 
 Auto vars:     Size  Location     Type
  cnt             1    5[COMRAM] char 
  ret             1    4[COMRAM] unsigned char 
 Return value:  Size  Location     Type
                  1    wreg      unsigned char 
 Registers used:
		wreg, fsr2l, fsr2h, status,2, status,0, prodl, prodh
 Tracked objects:
		On entry : 
		On exit  : 
		Unchanged: 
 Data sizes:     COMRAM   BANK0   BANK1   BANK2   BANK3   BANK4   BANK5   BANK6   BANK7
      Params:         1       0       0       0       0       0       0       0       0
      Locals:         2       0       0       0       0       0       0       0       0
      Temps:          3       0       0       0       0       0       0       0       0
      Totals:         6       0       0       0       0       0       0       0       0
Total ram usage:        6 bytes
 Hardware stack levels used:    1
 This function calls:
		Nothing
 This function is called by:
		_writeDigit
 This function uses a non-reentrant model


 *************** function _log2 *****************
 Defined at:
		line 48 in file "defs.c"
 Parameters:    Size  Location     Type
  num             4   11[COMRAM] unsigned long 
 Auto vars:     Size  Location     Type
  log2Val         4   15[COMRAM] unsigned long 
 Return value:  Size  Location     Type
                  4   11[COMRAM] unsigned long 
 Registers used:
		wreg, status,2, status,0
 Tracked objects:
		On entry : 
		On exit  : 
		Unchanged: 
 Data sizes:     COMRAM   BANK0   BANK1   BANK2   BANK3   BANK4   BANK5   BANK6   BANK7
      Params:         4       0       0       0       0       0       0       0       0
      Locals:         4       0       0       0       0       0       0       0       0
      Temps:          0       0       0       0       0       0       0       0       0
      Totals:         8       0       0       0       0       0       0       0       0
Total ram usage:        8 bytes
 Hardware stack levels used:    1
 This function calls:
		Nothing
 This function is called by:
		_writeDigit
		_writeChar
		_writeString
 This function uses a non-reentrant model


 *************** function _spi *****************
 Defined at:
		line 84 in file "disp.c"
 Parameters:    Size  Location     Type
  addr            1    6[COMRAM] unsigned char 
  data            1    7[COMRAM] unsigned char 
 Auto vars:     Size  Location     Type
  send            2   11[COMRAM] unsigned int 
  cnt             1   13[COMRAM] char 
 Return value:  Size  Location     Type
		None               void
 Registers used:
		wreg, status,2, status,0, cstack
 Tracked objects:
		On entry : 
		On exit  : 
		Unchanged: 
 Data sizes:     COMRAM   BANK0   BANK1   BANK2   BANK3   BANK4   BANK5   BANK6   BANK7
      Params:         2       0       0       0       0       0       0       0       0
      Locals:         3       0       0       0       0       0       0       0       0
      Temps:          3       0       0       0       0       0       0       0       0
      Totals:         8       0       0       0       0       0       0       0       0
Total ram usage:        8 bytes
 Hardware stack levels used:    1
 Hardware stack levels required when called:    1
 This function calls:
		_wait
 This function is called by:
		_update
		_writeDigit
 This function uses a non-reentrant model


 *************** function _wait *****************
 Defined at:
		line 4 in file "defs.c"
 Parameters:    Size  Location     Type
  count           4    0[COMRAM] unsigned long 
 Auto vars:     Size  Location     Type
		None
 Return value:  Size  Location     Type
		None               void
 Registers used:
		wreg, status,2, status,0
 Tracked objects:
		On entry : 
		On exit  : 
		Unchanged: 
 Data sizes:     COMRAM   BANK0   BANK1   BANK2   BANK3   BANK4   BANK5   BANK6   BANK7
      Params:         4       0       0       0       0       0       0       0       0
      Locals:         0       0       0       0       0       0       0       0       0
      Temps:          0       0       0       0       0       0       0       0       0
      Totals:         4       0       0       0       0       0       0       0       0
Total ram usage:        4 bytes
 Hardware stack levels used:    1
 This function calls:
		Nothing
 This function is called by:
		_spi
 This function uses a non-reentrant model


 *************** function _tick *****************
 Defined at:
		line 76 in file "RTC.c"
 Parameters:    Size  Location     Type
  val             1   11[COMRAM] unsigned char 
 Auto vars:     Size  Location     Type
		None
 Return value:  Size  Location     Type
                  1    wreg      unsigned char 
 Registers used:
		wreg, fsr2l, fsr2h, status,2, status,0, cstack
 Tracked objects:
		On entry : 
		On exit  : 
		Unchanged: 
 Data sizes:     COMRAM   BANK0   BANK1   BANK2   BANK3   BANK4   BANK5   BANK6   BANK7
      Params:         1       0       0       0       0       0       0       0       0
      Locals:         0       0       0       0       0       0       0       0       0
      Temps:          1       0       0       0       0       0       0       0       0
      Totals:         2       0       0       0       0       0       0       0       0
Total ram usage:        2 bytes
 Hardware stack levels used:    1
 Hardware stack levels required when called:    2
 This function calls:
		_daysOfMonth
 This function is called by:
		_high_isr
		_checkDST
 This function uses a non-reentrant model


 *************** function _daysOfMonth *****************
 Defined at:
		line 31 in file "RTC.c"
 Parameters:    Size  Location     Type
  month           1    6[COMRAM] unsigned char 
  year            2    7[COMRAM] unsigned int 
 Auto vars:     Size  Location     Type
		None
 Return value:  Size  Location     Type
                  1    wreg      unsigned char 
 Registers used:
		wreg, status,2, status,0, cstack
 Tracked objects:
		On entry : 
		On exit  : 
		Unchanged: 
 Data sizes:     COMRAM   BANK0   BANK1   BANK2   BANK3   BANK4   BANK5   BANK6   BANK7
      Params:         3       0       0       0       0       0       0       0       0
      Locals:         0       0       0       0       0       0       0       0       0
      Temps:          2       0       0       0       0       0       0       0       0
      Totals:         5       0       0       0       0       0       0       0       0
Total ram usage:        5 bytes
 Hardware stack levels used:    1
 Hardware stack levels required when called:    1
 This function calls:
		___lwmod
 This function is called by:
		_tick
 This function uses a non-reentrant model


 *************** function ___lwmod *****************
 Defined at:
		line 10 in file "/usr/opt/microchip/xc8/v1.20/sources/common/lwmod.c"
 Parameters:    Size  Location     Type
  dividend        2    0[COMRAM] unsigned int 
  divisor         2    2[COMRAM] unsigned int 
 Auto vars:     Size  Location     Type
  counter         1    5[COMRAM] unsigned char 
 Return value:  Size  Location     Type
                  2    0[COMRAM] unsigned int 
 Registers used:
		wreg, status,2, status,0
 Tracked objects:
		On entry : 
		On exit  : 
		Unchanged: 
 Data sizes:     COMRAM   BANK0   BANK1   BANK2   BANK3   BANK4   BANK5   BANK6   BANK7
      Params:         4       0       0       0       0       0       0       0       0
      Locals:         1       0       0       0       0       0       0       0       0
      Temps:          1       0       0       0       0       0       0       0       0
      Totals:         6       0       0       0       0       0       0       0       0
Total ram usage:        6 bytes
 Hardware stack levels used:    1
 This function calls:
		Nothing
 This function is called by:
		_daysOfMonth
		_printRTC
		_sprintf
 This function uses a non-reentrant model


 *************** function ___wmul *****************
 Defined at:
		line 5 in file "/usr/opt/microchip/xc8/v1.20/sources/common/wmul.c"
 Parameters:    Size  Location     Type
  multiplier      2   16[COMRAM] unsigned int 
  multiplicand    2   18[COMRAM] unsigned int 
 Auto vars:     Size  Location     Type
  product         2   20[COMRAM] unsigned int 
 Return value:  Size  Location     Type
                  2   16[COMRAM] unsigned int 
 Registers used:
		wreg, status,2, status,0, prodl, prodh
 Tracked objects:
		On entry : 
		On exit  : 
		Unchanged: 
 Data sizes:     COMRAM   BANK0   BANK1   BANK2   BANK3   BANK4   BANK5   BANK6   BANK7
      Params:         4       0       0       0       0       0       0       0       0
      Locals:         2       0       0       0       0       0       0       0       0
      Temps:          0       0       0       0       0       0       0       0       0
      Totals:         6       0       0       0       0       0       0       0       0
Total ram usage:        6 bytes
 Hardware stack levels used:    1
 This function calls:
		Nothing
 This function is called by:
		_writeString
		_getTemp
		_fround
		_scale
		_sprintf
		_dayOfWeek
 This function uses a non-reentrant model


 *************** function ___awmod *****************
 Defined at:
		line 10 in file "/usr/opt/microchip/xc8/v1.20/sources/common/awmod.c"
 Parameters:    Size  Location     Type
  dividend        2    0[COMRAM] int 
  divisor         2    2[COMRAM] int 
 Auto vars:     Size  Location     Type
  sign            1    6[COMRAM] unsigned char 
  counter         1    5[COMRAM] unsigned char 
 Return value:  Size  Location     Type
                  2    0[COMRAM] int 
 Registers used:
		wreg, status,2, status,0
 Tracked objects:
		On entry : 
		On exit  : 
		Unchanged: 
 Data sizes:     COMRAM   BANK0   BANK1   BANK2   BANK3   BANK4   BANK5   BANK6   BANK7
      Params:         4       0       0       0       0       0       0       0       0
      Locals:         2       0       0       0       0       0       0       0       0
      Temps:          1       0       0       0       0       0       0       0       0
      Totals:         7       0       0       0       0       0       0       0       0
Total ram usage:        7 bytes
 Hardware stack levels used:    1
 This function calls:
		Nothing
 This function is called by:
		_buttons
		_fround
		_scale
		_dayOfWeek
 This function uses a non-reentrant model



MODULE INFORMATION

Module		Function		Class		Link	Load	Size
/usr/opt/microchip/xc8/v1.20/sources/common/lwmod.c
		___lwmod       		CODE           	35BA	0000	70

/usr/opt/microchip/xc8/v1.20/sources/common/lwmod.c estimated size: 70

/usr/opt/microchip/xc8/v1.20/sources/common/lwtoft.c
		___lwtoft      		CODE           	37CE	0000	44

/usr/opt/microchip/xc8/v1.20/sources/common/lwtoft.c estimated size: 44

/usr/opt/microchip/xc8/v1.20/sources/common/awdiv.c
		___awdiv       		CODE           	3062	0000	144

/usr/opt/microchip/xc8/v1.20/sources/common/awdiv.c estimated size: 144

/usr/opt/microchip/xc8/v1.20/sources/common/ftadd.c
		___ftadd       		CODE           	1F94	0000	460

/usr/opt/microchip/xc8/v1.20/sources/common/ftadd.c estimated size: 460

/usr/opt/microchip/xc8/v1.20/sources/common/float.c
		___ftpack      		CODE           	2C90	0000	184

/usr/opt/microchip/xc8/v1.20/sources/common/float.c estimated size: 184

shared
		__stringdata   		MEDIUMCONST    	7D55	0000	106
		__powers_      		MEDIUMCONST    	7D2E	0000	39
		_lcd_font      		MEDIUMCONST    	7C8C	0000	43
		_pow10         		MEDIUMCONST    	7CDF	0000	40
		_dpowers       		MEDIUMCONST    	7CB7	0000	40
		__npowers_     		MEDIUMCONST    	7D07	0000	39
		__initializatio		CODE           	3600	0000	56

shared estimated size: 363

buttons.c
		_setupButtons  		CODE           	37A0	0000	46
		_buttons       		CODE           	27F0	0000	264

buttons.c estimated size: 310

disp.c
		_writeString   		CODE           	2160	0000	422
		_writeFloat    		CODE           	32D6	0000	108
		_update        		CODE           	0F8E	0000	1160
		_spi           		CODE           	2F34	0000	158
		_writeChar     		CODE           	36F6	0000	58
		_writeDigit    		CODE           	3522	0000	78
		_startDisp     		CODE           	2DF4	0000	162
		_setTest       		CODE           	38B4	0000	30
		_rotate        		CODE           	3474	0000	92
		_setBrightness 		CODE           	3894	0000	32

disp.c estimated size: 2300

RTC.c
		_daysOfMonth   		CODE           	2D48	0000	172
		_tick          		CODE           	2BCA	0000	198
		_initRTC       		CODE           	34D0	0000	82
		_printRTC      		CODE           	1866	0000	672
		_loadTime      		CODE           	3916	0000	2

RTC.c estimated size: 1126

/usr/opt/microchip/xc8/v1.20/sources/pic18/asftsub.c
		___asftsub     		CODE           	3642	0000	60

/usr/opt/microchip/xc8/v1.20/sources/pic18/asftsub.c estimated size: 60

/usr/opt/microchip/xc8/v1.20/sources/common/llmod.c
		___llmod       		CODE           	3342	0000	106

/usr/opt/microchip/xc8/v1.20/sources/common/llmod.c estimated size: 106

main.c
		_main          		CODE           	31F4	0000	116
		_high_isr      		CODE           	0008	0000	9654
		_setup         		CODE           	37FA	0000	40

main.c estimated size: 9810

display1.h
		_getFontChar   		CODE           	1D86	0000	526

display1.h estimated size: 526

/usr/opt/microchip/xc8/v1.20/sources/pic18/asftmul.c
		___asftmul     		CODE           	367E	0000	60

/usr/opt/microchip/xc8/v1.20/sources/pic18/asftmul.c estimated size: 60

/usr/opt/microchip/xc8/v1.20/sources/common/ftdiv.c
		___ftdiv       		CODE           	28F8	0000	254

/usr/opt/microchip/xc8/v1.20/sources/common/ftdiv.c estimated size: 254

/usr/opt/microchip/xc8/v1.20/sources/common/doprnt.c
		_scale         		CODE           	1416	0000	1104
		_sprintf       		CODE           	001C	0000	3954
		_fround        		CODE           	1B06	0000	640

/usr/opt/microchip/xc8/v1.20/sources/common/doprnt.c estimated size: 5698

/usr/opt/microchip/xc8/v1.20/sources/common/lldiv.c
		___lldiv       		CODE           	30F2	0000	134

/usr/opt/microchip/xc8/v1.20/sources/common/lldiv.c estimated size: 134

/usr/opt/microchip/xc8/v1.20/sources/common/ftsub.c
		___ftsub       		CODE           	376A	0000	54

/usr/opt/microchip/xc8/v1.20/sources/common/ftsub.c estimated size: 54

/usr/opt/microchip/xc8/v1.20/sources/common/ftneg.c
		___ftneg       		CODE           	384A	0000	38

/usr/opt/microchip/xc8/v1.20/sources/common/ftneg.c estimated size: 38

temp.c
		_printTemp     		CODE           	2E96	0000	158
		_initTemp      		CODE           	3908	0000	14
		_getTemp       		CODE           	2306	0000	350

temp.c estimated size: 522

/usr/opt/microchip/xc8/v1.20/sources/common/ftmul.c
		___ftmul       		CODE           	26E0	0000	272

/usr/opt/microchip/xc8/v1.20/sources/common/ftmul.c estimated size: 272

/usr/opt/microchip/xc8/v1.20/sources/common/fttol.c
		___fttol       		CODE           	2AEA	0000	224

/usr/opt/microchip/xc8/v1.20/sources/common/fttol.c estimated size: 224

/usr/opt/microchip/xc8/v1.20/sources/common/ftge.c
		___ftge        		CODE           	2FD2	0000	144

/usr/opt/microchip/xc8/v1.20/sources/common/ftge.c estimated size: 144

/usr/opt/microchip/xc8/v1.20/sources/common/wmul.c
		___wmul        		CODE           	3730	0000	58

/usr/opt/microchip/xc8/v1.20/sources/common/wmul.c estimated size: 58

/usr/opt/microchip/xc8/v1.20/sources/common/fldivl.c
		__div_to_l_    		CODE           	29F6	0000	244

/usr/opt/microchip/xc8/v1.20/sources/common/fldivl.c estimated size: 244

/usr/opt/microchip/xc8/v1.20/sources/common/isdigit.c
		_isdigit       		CODE           	3870	0000	36

/usr/opt/microchip/xc8/v1.20/sources/common/isdigit.c estimated size: 36

/usr/opt/microchip/xc8/v1.20/sources/common/ftdivl.c
		__tdiv_to_l_   		CODE           	25BE	0000	290

/usr/opt/microchip/xc8/v1.20/sources/common/ftdivl.c estimated size: 290

/usr/opt/microchip/xc8/v1.20/sources/pic18/asftadd.c
		___asftadd     		CODE           	36BA	0000	60

/usr/opt/microchip/xc8/v1.20/sources/pic18/asftadd.c estimated size: 60

defs.c
		_lowbit        		CODE           	3268	0000	110
		_log2          		CODE           	3570	0000	74
		_hibit         		CODE           	33AC	0000	100
		_countBits     		CODE           	3822	0000	40
		_wait          		CODE           	38D2	0000	30

defs.c estimated size: 354

/usr/opt/microchip/xc8/v1.20/sources/common/awmod.c
		___awmod       		CODE           	3178	0000	124

/usr/opt/microchip/xc8/v1.20/sources/common/awmod.c estimated size: 124

/usr/opt/microchip/xc8/v1.20/sources/common/lltoft.c
		___lltoft      		CODE           	3410	0000	100

/usr/opt/microchip/xc8/v1.20/sources/common/lltoft.c estimated size: 100

