Microchip MPLAB XC8 Compiler V1.20 ()

Linker command line:

--edf=/usr/opt/microchip/xc8/v1.20/dat/en_msgs.txt -cs \
  -h+dist/default/debug/Temperature.X.debug.sym \
  --cmf=dist/default/debug/Temperature.X.debug.cmf -z -Q18F2550 \
  -o/tmp/cgtDwQESq -Mdist/default/debug/Temperature.X.debug.map -E1 \
  -ver=XC8 -ACODE=00h-07FFFh -ACONST=00h-07FFFh \
  -ASMALLCONST=0800h-08FFhx120 -AMEDIUMCONST=0800h-07FFFh -ACOMRAM=01h-05Fh \
  -AABS1=00h-07FFh -ABIGRAM=01h-07FFh -ARAM=060h-0FFh,0100h-01FFhx7 \
  -ABANK0=060h-0FFh -ABANK1=0100h-01FFh -ABANK2=0200h-02FFh \
  -ABANK3=0300h-03FFh -ABANK4=0400h-04FFh -ABANK5=0500h-05FFh \
  -ABANK6=0600h-06FFh -ABANK7=0700h-07FFh -ASFR=0F60h-0FFFh \
  -preset_vec=00h,intcode=08h,intcodelo,powerup,init,end_init \
  -pramtop=0800h -psmallconst=SMALLCONST -pmediumconst=MEDIUMCONST \
  -pconst=CONST -AFARRAM=00h-00h -ACONFIG=0300000h-030000Dh -pconfig=CONFIG \
  -AIDLOC=0200000h-0200007h -pidloc=IDLOC -AEEDATA=0F00000h-0F000FFh \
  -peeprom_data=EEDATA \
  -prdata=COMRAM,nvrram=COMRAM,nvbit=COMRAM,rbss=COMRAM,rbit=COMRAM \
  -pfarbss=FARRAM,fardata=FARRAM,nvFARRAM=FARRAM \
  -pintsave_regs=BIGRAM,bigbss=BIGRAM,bigdata=BIGRAM -pbss=RAM \
  -pidata=CODE,irdata=CODE,ibigdata=CODE,ifardata=CODE /tmp/cgtQrheev.obj \
  dist/default/debug/Temperature.X.debug.obj 

Object code version is 3.11

Machine type is 18F2550

Call graph: (short form)




                Name                               Link     Load   Length Selector   Space Scale
/tmp/cgtQrheev.obj
                end_init                             18       18        4        4       0
                reset_vec                             0        0        4        0       0
                idloc                            200000   200000        8   200000       0
                config                           300000   300000        E   300000       0
dist/default/debug/Temperature.X.debug.obj
                intcode                               8        8       10        4       0
                mediumconst                        7EBA     7EBA      146     3F5D       0
                text61                             39B0     39B0       AC        4       0
                text60                             382A     382A       CE        4       0
                text59                             310E     310E      128        4       0
                text58                             2A0E     2A0E      1E0        4       0
                text57                             3D58     3D58       90        4       0
                text56                             3F72     3F72       7C        4       0
                text55                             41B8     41B8       6A        4       0
                text54                             4478     4478       46        4       0
                text53                             47CE     47CE       1E        4       0
                text52                             3AFE     3AFE       9E        4       0
                text51                             42EA     42EA       5C        4       0
                text50                             442E     442E       4A        4       0
                text49                             4394     4394       4E        4       0
                text48                             1AC4     1AC4      488        4       0
                text47                             4346     4346       4E        4       0
                text46                             239C     239C      280        4       0
                text45                             3358     3358      110        4       0
                text44                             4628     4628       3A        4       0
                text43                             1F4C     1F4C      450        4       0
                text42                             476C     476C       24        4       0
                text41                             3236     3236      122        4       0
                text40                             3566     3566       F4        4       0
                text39                             38F8     38F8       B8        4       0
                text38                             2BEE     2BEE      1CC        4       0
                text37                             4578     4578       3C        4       0
                text36                             453C     453C       3C        4       0
                text35                             4662     4662       36        4       0
                text34                             4500     4500       3C        4       0
                text33                             3CC8     3CC8       90        4       0
                text32                             4746     4746       26        4       0
                text31                             374A     374A       E0        4       0
                text30                             3E6E     3E6E       86        4       0
                text29                             4286     4286       64        4       0
                text28                               1C       1C      F92        4       0
                text27                             261C     261C      20E        4       0
                text26                             45EE     45EE       3A        4       0
                text25                             471E     471E       28        4       0
                text24                             4222     4222       64        4       0
                text23                             2F68     2F68      1A6        4       0
                text22                             3EF4     3EF4       7E        4       0
                text21                             3468     3468       FE        4       0
                text20                             46C8     46C8       2C        4       0
                text19                             282A     282A      1E4        4       0
                text18                             40E0     40E0       6E        4       0
                text17                             3B9C     3B9C       9A        4       0
                text16                              FAE      FAE      5FE        4       0
                intcode_body                       2DBA     2DBA      1AE        4       0
                text14                             4790     4790       20        4       0
                text13                             47B0     47B0       1E        4       0
                text12                             3A5C     3A5C       A2        4       0
                text11                             4804     4804        2     2402       0
                text10                             3FEE     3FEE       7A        4       0
                text9                              43E2     43E2       4C        4       0
                text8                              45B4     45B4       3A        4       0
                text7                              4698     4698       30        4       0
                text6                              46F4     46F4       2A        4       0
                text5                              365A     365A       F0        4       0
                text4                              414E     414E       6A        4       0
                text3                              3C36     3C36       92        4       0
                text2                              3DE8     3DE8       86        4       0
                text1                              15AC     15AC      518        4       0
                text0                              4068     4068       78        4       0
                cstackCOMRAM                          1        1       5F        1       1
                cstackBANK0                          60       60       57       60       1
                cstackBANK1                         100      100       22      100       1
                bssBANK1                            122      122       1B      100       1
                dataBANK0                            DD       DD       17       60       1
                bssBANK0                             B7       B7       26       60       1
                cinit                              44BE     44BE       42        4       0
                nvBANK1                             13D      13D        5      100       1
                nvBANK0                              F4       F4        2       60       1
                idataBANK0                         47EC     47EC       17        4       0

TOTAL           Name                               Link     Load   Length     Space
        CLASS   CODE           
                end_init                             18       18        4         0
                intcode                               8        8       10         0
                reset_vec                             0        0        4         0
                text61                             39B0     39B0       AC         0
                text60                             382A     382A       CE         0
                text59                             310E     310E      128         0
                text58                             2A0E     2A0E      1E0         0
                text57                             3D58     3D58       90         0
                text56                             3F72     3F72       7C         0
                text55                             41B8     41B8       6A         0
                text54                             4478     4478       46         0
                text53                             47CE     47CE       1E         0
                text52                             3AFE     3AFE       9E         0
                text51                             42EA     42EA       5C         0
                text50                             442E     442E       4A         0
                text49                             4394     4394       4E         0
                text48                             1AC4     1AC4      488         0
                text47                             4346     4346       4E         0
                text46                             239C     239C      280         0
                text45                             3358     3358      110         0
                text44                             4628     4628       3A         0
                text43                             1F4C     1F4C      450         0
                text42                             476C     476C       24         0
                text41                             3236     3236      122         0
                text40                             3566     3566       F4         0
                text39                             38F8     38F8       B8         0
                text38                             2BEE     2BEE      1CC         0
                text37                             4578     4578       3C         0
                text36                             453C     453C       3C         0
                text35                             4662     4662       36         0
                text34                             4500     4500       3C         0
                text33                             3CC8     3CC8       90         0
                text32                             4746     4746       26         0
                text31                             374A     374A       E0         0
                text30                             3E6E     3E6E       86         0
                text29                             4286     4286       64         0
                text28                               1C       1C      F92         0
                text27                             261C     261C      20E         0
                text26                             45EE     45EE       3A         0
                text25                             471E     471E       28         0
                text24                             4222     4222       64         0
                text23                             2F68     2F68      1A6         0
                text22                             3EF4     3EF4       7E         0
                text21                             3468     3468       FE         0
                text20                             46C8     46C8       2C         0
                text19                             282A     282A      1E4         0
                text18                             40E0     40E0       6E         0
                text17                             3B9C     3B9C       9A         0
                text16                              FAE      FAE      5FE         0
                intcode_body                       2DBA     2DBA      1AE         0
                text14                             4790     4790       20         0
                text13                             47B0     47B0       1E         0
                text12                             3A5C     3A5C       A2         0
                text11                             4804     4804        2         0
                text10                             3FEE     3FEE       7A         0
                text9                              43E2     43E2       4C         0
                text8                              45B4     45B4       3A         0
                text7                              4698     4698       30         0
                text6                              46F4     46F4       2A         0
                text5                              365A     365A       F0         0
                text4                              414E     414E       6A         0
                text3                              3C36     3C36       92         0
                text2                              3DE8     3DE8       86         0
                text1                              15AC     15AC      518         0
                text0                              4068     4068       78         0
                cinit                              44BE     44BE       42         0
                idataBANK0                         47EC     47EC       17         0

        CLASS   CONST          

        CLASS   SMALLCONST     

        CLASS   MEDIUMCONST    
                mediumconst                        7EBA     7EBA      146         0

        CLASS   COMRAM         
                cstackCOMRAM                          1        1       5F         1

        CLASS   ABS1           

        CLASS   BIGRAM         

        CLASS   RAM            

        CLASS   BANK0          
                cstackBANK0                          60       60       57         1
                dataBANK0                            DD       DD       17         1
                bssBANK0                             B7       B7       26         1
                nvBANK0                              F4       F4        2         1

        CLASS   BANK1          
                cstackBANK1                         100      100       22         1
                bssBANK1                            122      122       1B         1
                nvBANK1                             13D      13D        5         1

        CLASS   BANK2          

        CLASS   BANK3          

        CLASS   BANK4          

        CLASS   BANK5          

        CLASS   BANK6          

        CLASS   BANK7          

        CLASS   SFR            

        CLASS   FARRAM         

        CLASS   CONFIG         
                config                           300000   300000        E         0

        CLASS   IDLOC          
                idloc                            200000   200000        8         0

        CLASS   EEDATA         



SEGMENTS        Name                           Load    Length   Top    Selector   Space  Class

                reset_vec                      000000  000004  000004         0       0  CODE    
                cstackCOMRAM                   000001  00005F  000060         1       1  COMRAM  
                intcode                        000008  0047FB  004803         4       0  CODE    
                cstackBANK0                    000060  000096  0000F6        60       1  BANK0   
                cstackBANK1                    000100  000042  000142       100       1  BANK1   
                text11                         004804  000002  004806      2402       0  CODE    
                mediumconst                    007EBA  000146  008000      3F5D       0  MEDIUMCO
                idloc                          200000  000008  200008    200000       0  IDLOC   
                config                         300000  00000E  30000E    300000       0  CONFIG  


UNUSED ADDRESS RANGES

        Name                Unused          Largest block    Delta
        BANK0            0000F6-0000FF                A
        BANK1            000142-0001FF               BE
        BANK2            000200-0002FF              100
        BANK3            000300-0003FF              100
        BANK4            000400-0004FF              100
        BANK5            000500-0005FF              100
        BANK6            000600-0006FF              100
        BANK7            000700-0007FF              100
        BIGRAM           0000F6-0000FF                A
                         000142-0007FF              6BE
        CODE             000004-000007                4
                         004803-004803                1
                         004806-007EB9             36B4
        CONST            000004-000007                4
                         004803-004803                1
                         004806-007EB9             36B4
        EEDATA           F00000-F000FF              100
        MEDIUMCONST      004803-004803                1
                         004806-007EB9             36B4
        RAM              0000F6-0000FF                A
                         000142-0007FF              100
        SFR              000F60-000FFF               A0
        SMALLCONST       004803-004803                1
                         004806-007EB9              100

                                  Symbol Table

?___asftadd              cstackCOMRAM 00004E
?___asftmul              cstackCOMRAM 00003F
?___asftsub              cstackCOMRAM 000053
?___awdiv                cstackCOMRAM 00000A
?___awmod                cstackCOMRAM 000001
?___ftadd                cstackCOMRAM 00003F
?___ftdiv                cstackCOMRAM 000009
?___ftge                 cstackCOMRAM 000001
?___ftmul                cstackCOMRAM 00002E
?___ftneg                cstackCOMRAM 000001
?___ftpack               cstackCOMRAM 000001
?___ftsub                cstackCOMRAM 00004D
?___fttol                cstackCOMRAM 00001F
?___lldiv                cstackCOMRAM 000001
?___llmod                cstackCOMRAM 000014
?___lltoft               cstackCOMRAM 000009
?___lwmod                cstackCOMRAM 000001
?___lwtoft               cstackCOMRAM 000009
?___wmul                 cstackCOMRAM 000017
?__div_to_l_             cstackCOMRAM 000001
?__tdiv_to_l_            cstackCOMRAM 000001
?_countBits              cstackCOMRAM 000001
?_dayOfWeek              cstackCOMRAM 00001F
?_daysOfMonth            cstackCOMRAM 000008
?_fround                 cstackCOMRAM 00003F
?_getFontChar            cstackCOMRAM 000001
?_getTemp                cstackCOMRAM 000053
?_hibit                  cstackCOMRAM 000001
?_isdigit                cstackCOMRAM 000001
?_log2                   cstackBANK1  000100
?_lowbit                 cstackCOMRAM 000001
?_printTemp              cstackCOMRAM 00005E
?_rotate                 cstackBANK1  000100
?_scale                  cstackCOMRAM 00003F
?_setBrightness          cstackBANK1  000100
?_setTest                cstackBANK1  000100
?_spi                    cstackBANK1  000106
?_sprintf                cstackBANK0  000060
?_tick                   cstackCOMRAM 00000D
?_wait                   cstackBANK1  000100
?_writeChar              cstackCOMRAM 00001F
?_writeDigit             cstackBANK1  00010E
?_writeFloat             cstackBANK0  00008C
?_writeString            cstackCOMRAM 000022
?i2_log2                 cstackCOMRAM 00000C
?i2_rotate               cstackCOMRAM 000001
?i2_spi                  cstackCOMRAM 000007
?i2_wait                 cstackCOMRAM 000001
?i2_writeDigit           cstackCOMRAM 000014
_ADCON0                  (abs)        000FC2
_ADCON1                  (abs)        000FC1
_ADCON2                  (abs)        000FC0
_ADRES                   (abs)        000FC3
_GIE                     (abs)        007F97
_GO                      (abs)        007E11
_LATA1                   (abs)        007C49
_LATA3                   (abs)        007C4B
_LATA4                   (abs)        007C4C
_LATA5                   (abs)        007C4D
_LATB                    (abs)        000F8A
_LATC                    (abs)        000F8B
_LATC0                   (abs)        007C58
_LATC1                   (abs)        007C59
_LATC2                   (abs)        007C5A
_PEIE                    (abs)        007F96
_T0CON                   (abs)        000FD5
_T1CON                   (abs)        000FCD
_TMR0                    (abs)        000FD6
_TMR0IE                  (abs)        007F95
_TMR0IF                  (abs)        007F92
_TMR0ON                  (abs)        007EAF
_TMR1                    (abs)        000FCE
_TMR1IE                  (abs)        007CE8
_TMR1IF                  (abs)        007CF0
_TMR1ON                  (abs)        007E68
_TRISA1                  (abs)        007C91
_TRISA2                  (abs)        007C92
_TRISA3                  (abs)        007C93
_TRISA4                  (abs)        007C94
_TRISA5                  (abs)        007C95
_TRISB                   (abs)        000F93
_TRISC                   (abs)        000F94
__CFG_CPUDIV$OSC3_PLL4   (abs)        000000
__CFG_DEBUG$OFF          (abs)        000000
__CFG_FOSC$HS            (abs)        000000
__CFG_LVP$ON             (abs)        000000
__CFG_MCLRE$ON           (abs)        000000
__CFG_PBADEN$OFF         (abs)        000000
__CFG_PLLDIV$4           (abs)        000000
__CFG_PWRT$OFF           (abs)        000000
__CFG_USBDIV$2           (abs)        000000
__CFG_WDT$OFF            (abs)        000000
__HRAM                   (abs)        000000
__Habs1                  abs1         000000
__Hbank0                 bank0        000000
__Hbank1                 bank1        000000
__Hbank2                 bank2        000000
__Hbank3                 bank3        000000
__Hbank4                 bank4        000000
__Hbank5                 bank5        000000
__Hbank6                 bank6        000000
__Hbank7                 bank7        000000
__Hbigbss                bigbss       000000
__Hbigdata               bigdata      000000
__Hbigram                bigram       000000
__Hbss                   bss          000000
__HbssBANK0              bssBANK0     000000
__HbssBANK1              bssBANK1     000000
__Hcinit                 cinit        000000
__Hclrtext               clrtext      000000
__Hcomram                comram       000000
__Hconfig                config       30000E
__Hconst                 const        000000
__HcstackBANK0           cstackBANK0  000000
__HcstackBANK1           cstackBANK1  000000
__HcstackCOMRAM          cstackCOMRAM 000000
__Hdata                  data         000000
__HdataBANK0             dataBANK0    000000
__Heeprom_data           eeprom_data  000000
__Hend_init              end_init     00001C
__Hfarbss                farbss       000000
__Hfardata               fardata      000000
__Hibigdata              ibigdata     000000
__Hidata                 idata        000000
__HidataBANK0            idataBANK0   000000
__Hidloc                 idloc        200008
__Hifardata              ifardata     000000
__Hinit                  init         000018
__Hintcode               intcode      000018
__Hintcode_body          intcode_body 000000
__Hintcodelo             intcodelo    000018
__Hintentry              intentry     000000
__Hintret                intret       000000
__Hintsave_regs          intsave_regs 000000
__Hirdata                irdata       000000
__Hmediumconst           mediumconst  008000
__HnvBANK0               nvBANK0      000000
__HnvBANK1               nvBANK1      000000
__HnvFARRAM              nvFARRAM     000000
__Hnvbit                 nvbit        000000
__Hnvrram                nvrram       000000
__Hparam                 rparam       000000
__Hpowerup               powerup      000018
__Hram                   ram          000000
__Hramtop                ramtop       000800
__Hrbit                  rbit         000000
__Hrbss                  rbss         000000
__Hrdata                 rdata        000000
__Hreset_vec             reset_vec    000004
__Hrparam                rparam       000000
__Hsfr                   sfr          000000
__Hsmallconst            smallconst   000000
__Hstruct                struct       000000
__Htemp                  temp         000000
__Htext                  text         000000
__Htext0                 text0        000000
__Htext1                 text1        000000
__Htext10                text10       000000
__Htext11                text11       000000
__Htext12                text12       000000
__Htext13                text13       000000
__Htext14                text14       000000
__Htext16                text16       000000
__Htext17                text17       000000
__Htext18                text18       000000
__Htext19                text19       000000
__Htext2                 text2        000000
__Htext20                text20       000000
__Htext21                text21       000000
__Htext22                text22       000000
__Htext23                text23       000000
__Htext24                text24       000000
__Htext25                text25       000000
__Htext26                text26       000000
__Htext27                text27       000000
__Htext28                text28       000000
__Htext29                text29       000000
__Htext3                 text3        000000
__Htext30                text30       000000
__Htext31                text31       000000
__Htext32                text32       000000
__Htext33                text33       000000
__Htext34                text34       000000
__Htext35                text35       000000
__Htext36                text36       000000
__Htext37                text37       000000
__Htext38                text38       000000
__Htext39                text39       000000
__Htext4                 text4        000000
__Htext40                text40       000000
__Htext41                text41       000000
__Htext42                text42       000000
__Htext43                text43       000000
__Htext44                text44       000000
__Htext45                text45       000000
__Htext46                text46       000000
__Htext47                text47       000000
__Htext48                text48       000000
__Htext49                text49       000000
__Htext5                 text5        000000
__Htext50                text50       000000
__Htext51                text51       000000
__Htext52                text52       000000
__Htext53                text53       000000
__Htext54                text54       000000
__Htext55                text55       000000
__Htext56                text56       000000
__Htext57                text57       000000
__Htext58                text58       000000
__Htext59                text59       000000
__Htext6                 text6        000000
__Htext60                text60       000000
__Htext61                text61       000000
__Htext62                text62       000000
__Htext7                 text7        000000
__Htext8                 text8        000000
__Htext9                 text9        000000
__LRAM                   (abs)        000001
__Labs1                  abs1         000000
__Lbank0                 bank0        000000
__Lbank1                 bank1        000000
__Lbank2                 bank2        000000
__Lbank3                 bank3        000000
__Lbank4                 bank4        000000
__Lbank5                 bank5        000000
__Lbank6                 bank6        000000
__Lbank7                 bank7        000000
__Lbigbss                bigbss       000000
__Lbigdata               bigdata      000000
__Lbigram                bigram       000000
__Lbss                   bss          000000
__LbssBANK0              bssBANK0     000000
__LbssBANK1              bssBANK1     000000
__Lcinit                 cinit        000000
__Lclrtext               clrtext      000000
__Lcomram                comram       000000
__Lconfig                config       300000
__Lconst                 const        000000
__LcstackBANK0           cstackBANK0  000000
__LcstackBANK1           cstackBANK1  000000
__LcstackCOMRAM          cstackCOMRAM 000000
__Ldata                  data         000000
__LdataBANK0             dataBANK0    000000
__Leeprom_data           eeprom_data  000000
__Lend_init              end_init     000018
__Lfarbss                farbss       000000
__Lfardata               fardata      000000
__Libigdata              ibigdata     000000
__Lidata                 idata        000000
__LidataBANK0            idataBANK0   000000
__Lidloc                 idloc        200000
__Lifardata              ifardata     000000
__Linit                  init         000018
__Lintcode               intcode      000008
__Lintcode_body          intcode_body 000000
__Lintcodelo             intcodelo    000018
__Lintentry              intentry     000000
__Lintret                intret       000000
__Lintsave_regs          intsave_regs 000000
__Lirdata                irdata       000000
__Lmediumconst           mediumconst  007EBA
__LnvBANK0               nvBANK0      000000
__LnvBANK1               nvBANK1      000000
__LnvFARRAM              nvFARRAM     000000
__Lnvbit                 nvbit        000000
__Lnvrram                nvrram       000000
__Lparam                 rparam       000000
__Lpowerup               powerup      000018
__Lram                   ram          000000
__Lramtop                ramtop       000800
__Lrbit                  rbit         000000
__Lrbss                  rbss         000000
__Lrdata                 rdata        000000
__Lreset_vec             reset_vec    000000
__Lrparam                rparam       000000
__Lsfr                   sfr          000000
__Lsmallconst            smallconst   000000
__Lstruct                struct       000000
__Ltemp                  temp         000000
__Ltext                  text         000000
__Ltext0                 text0        000000
__Ltext1                 text1        000000
__Ltext10                text10       000000
__Ltext11                text11       000000
__Ltext12                text12       000000
__Ltext13                text13       000000
__Ltext14                text14       000000
__Ltext16                text16       000000
__Ltext17                text17       000000
__Ltext18                text18       000000
__Ltext19                text19       000000
__Ltext2                 text2        000000
__Ltext20                text20       000000
__Ltext21                text21       000000
__Ltext22                text22       000000
__Ltext23                text23       000000
__Ltext24                text24       000000
__Ltext25                text25       000000
__Ltext26                text26       000000
__Ltext27                text27       000000
__Ltext28                text28       000000
__Ltext29                text29       000000
__Ltext3                 text3        000000
__Ltext30                text30       000000
__Ltext31                text31       000000
__Ltext32                text32       000000
__Ltext33                text33       000000
__Ltext34                text34       000000
__Ltext35                text35       000000
__Ltext36                text36       000000
__Ltext37                text37       000000
__Ltext38                text38       000000
__Ltext39                text39       000000
__Ltext4                 text4        000000
__Ltext40                text40       000000
__Ltext41                text41       000000
__Ltext42                text42       000000
__Ltext43                text43       000000
__Ltext44                text44       000000
__Ltext45                text45       000000
__Ltext46                text46       000000
__Ltext47                text47       000000
__Ltext48                text48       000000
__Ltext49                text49       000000
__Ltext5                 text5        000000
__Ltext50                text50       000000
__Ltext51                text51       000000
__Ltext52                text52       000000
__Ltext53                text53       000000
__Ltext54                text54       000000
__Ltext55                text55       000000
__Ltext56                text56       000000
__Ltext57                text57       000000
__Ltext58                text58       000000
__Ltext59                text59       000000
__Ltext6                 text6        000000
__Ltext60                text60       000000
__Ltext61                text61       000000
__Ltext62                text62       000000
__Ltext7                 text7        000000
__Ltext8                 text8        000000
__Ltext9                 text9        000000
__S0                     (abs)        30000E
__S1                     (abs)        000142
___asftadd               text37       004578
___asftadd@f1p           cstackCOMRAM 00004E
___asftadd@f2            cstackCOMRAM 000050
___asftmul               text36       00453C
___asftmul@f1p           cstackCOMRAM 00003F
___asftmul@f2            cstackCOMRAM 000041
___asftsub               text34       004500
___asftsub@f1p           cstackCOMRAM 000053
___asftsub@f2            cstackCOMRAM 000055
___awdiv                 text57       003D58
___awdiv@counter         cstackCOMRAM 000013
___awdiv@dividend        cstackCOMRAM 00000A
___awdiv@divisor         cstackCOMRAM 00000C
___awdiv@quotient        cstackCOMRAM 000015
___awdiv@sign            cstackCOMRAM 000014
___awmod                 text56       003F72
___awmod@counter         cstackCOMRAM 000008
___awmod@dividend        cstackCOMRAM 000001
___awmod@divisor         cstackCOMRAM 000003
___awmod@sign            cstackCOMRAM 000009
___ftadd                 text38       002BEE
___ftadd@exp1            cstackCOMRAM 00004C
___ftadd@exp2            cstackCOMRAM 00004B
___ftadd@f1              cstackCOMRAM 00003F
___ftadd@f2              cstackCOMRAM 000042
___ftadd@sign            cstackCOMRAM 00004A
___ftdiv                 text21       003468
___ftdiv@cntr            cstackCOMRAM 000014
___ftdiv@exp             cstackCOMRAM 000018
___ftdiv@f1              cstackCOMRAM 000009
___ftdiv@f2              cstackCOMRAM 00000C
___ftdiv@f3              cstackCOMRAM 000015
___ftdiv@sign            cstackCOMRAM 000019
___ftge                  text33       003CC8
___ftge@ff1              cstackCOMRAM 000001
___ftge@ff2              cstackCOMRAM 000004
___ftmul                 text45       003358
___ftmul@cntr            cstackCOMRAM 00003D
___ftmul@exp             cstackCOMRAM 000039
___ftmul@f1              cstackCOMRAM 00002E
___ftmul@f2              cstackCOMRAM 000031
___ftmul@f3_as_product   cstackCOMRAM 00003A
___ftmul@sign            cstackCOMRAM 00003E
___ftneg                 text32       004746
___ftneg@f1              cstackCOMRAM 000001
___ftpack                text39       0038F8
___ftpack@arg            cstackCOMRAM 000001
___ftpack@exp            cstackCOMRAM 000004
___ftpack@sign           cstackCOMRAM 000005
___ftsub                 text35       004662
___ftsub@f1              cstackCOMRAM 00004D
___ftsub@f2              cstackCOMRAM 000050
___fttol                 text31       00374A
___fttol@exp1            cstackCOMRAM 00002D
___fttol@f1              cstackCOMRAM 00001F
___fttol@lval            cstackCOMRAM 000029
___fttol@sign1           cstackCOMRAM 000028
___lldiv                 text30       003E6E
___lldiv@counter         cstackCOMRAM 000013
___lldiv@dividend        cstackCOMRAM 000001
___lldiv@divisor         cstackCOMRAM 000005
___lldiv@quotient        cstackCOMRAM 00000F
___llmod                 text55       0041B8
___llmod@counter         cstackCOMRAM 00001E
___llmod@dividend        cstackCOMRAM 000014
___llmod@divisor         cstackCOMRAM 000018
___lltoft                text29       004286
___lltoft@c              cstackCOMRAM 000009
___lltoft@exp            cstackCOMRAM 000011
___lwmod                 text54       004478
___lwmod@counter         cstackCOMRAM 000007
___lwmod@dividend        cstackCOMRAM 000001
___lwmod@divisor         cstackCOMRAM 000003
___lwtoft                text20       0046C8
___lwtoft@c              cstackCOMRAM 000009
___wmul                  text44       004628
___wmul@multiplicand     cstackCOMRAM 000019
___wmul@multiplier       cstackCOMRAM 000017
___wmul@product          cstackCOMRAM 00001D
__accesstop              (abs)        000060
__activetblptr           (abs)        000002
__div_to_l_              text40       003566
__div_to_l_@cntr         cstackCOMRAM 00000C
__div_to_l_@exp1         cstackCOMRAM 00000D
__div_to_l_@f1           cstackCOMRAM 000001
__div_to_l_@f2           cstackCOMRAM 000004
__div_to_l_@quot         cstackCOMRAM 000008
__end_of___asftadd       text37       0045B4
__end_of___asftmul       text36       004578
__end_of___asftsub       text34       00453C
__end_of___awdiv         text57       003DE8
__end_of___awmod         text56       003FEE
__end_of___ftadd         text38       002DBA
__end_of___ftdiv         text21       003566
__end_of___ftge          text33       003D58
__end_of___ftmul         text45       003468
__end_of___ftneg         text32       00476C
__end_of___ftpack        text39       0039B0
__end_of___ftsub         text35       004698
__end_of___fttol         text31       00382A
__end_of___lldiv         text30       003EF4
__end_of___llmod         text55       004222
__end_of___lltoft        text29       0042EA
__end_of___lwmod         text54       0044BE
__end_of___lwtoft        text20       0046F4
__end_of___wmul          text44       004662
__end_of__div_to_l_      text40       00365A
__end_of__initialization cinit        0044F6
__end_of__npowers_       mediumconst  007F5C
__end_of__powers_        mediumconst  007F83
__end_of__stringdata     mediumconst  007FFE
__end_of__tdiv_to_l_     text41       003358
__end_of_buttons         text47       004394
__end_of_checkDST        text59       003236
__end_of_countBits       text25       004746
__end_of_dayOfWeek       text58       002BEE
__end_of_daysOfMonth     text61       003A5C
__end_of_dpowers         mediumconst  007F0D
__end_of_fround          text46       00261C
__end_of_getFontChar     text27       00282A
__end_of_getTemp         text19       002A0E
__end_of_hibit           text24       004286
__end_of_high_isr        intcode_body 002F68
__end_of_initRTC         text10       004068
__end_of_initTemp        text9        00442E
__end_of_isdigit         text42       004790
__end_of_lcd_font        mediumconst  007EE5
__end_of_loadTime        text11       004806
__end_of_log2            text4        0041B8
__end_of_lowbit          text18       00414E
__end_of_main            text0        0040E0
__end_of_pow10           mediumconst  007F35
__end_of_printRTC        text16       0015AC
__end_of_printTemp       text17       003C36
__end_of_rotate          text3        003CC8
__end_of_scale           text43       00239C
__end_of_setBrightness   text14       0047B0
__end_of_setTest         text13       0047CE
__end_of_setup           text7        0046C8
__end_of_setupButtons    text8        0045EE
__end_of_spi             text5        00374A
__end_of_sprintf         text28       000FAE
__end_of_startDisp       text12       003AFE
__end_of_tick            text60       0038F8
__end_of_update          text1        001AC4
__end_of_wait            text6        00471E
__end_of_writeChar       text26       004628
__end_of_writeDigit      text2        003E6E
__end_of_writeFloat      text22       003F72
__end_of_writeString     text23       00310E
__end_ofi2_log2          text50       004478
__end_ofi2_rotate        text51       004346
__end_ofi2_spi           text52       003B9C
__end_ofi2_update        text48       001F4C
__end_ofi2_wait          text53       0047EC
__end_ofi2_writeDigit    text49       0043E2
__initialization         cinit        0044BE
__mediumconst            mediumconst  007EBA
__npowers_               mediumconst  007F35
__pbssBANK0              bssBANK0     0000B7
__pbssBANK1              bssBANK1     000122
__pcinit                 cinit        0044BE
__pcstackBANK0           cstackBANK0  000060
__pcstackBANK1           cstackBANK1  000100
__pcstackCOMRAM          cstackCOMRAM 000001
__pdataBANK0             dataBANK0    0000DD
__pidataBANK0            idataBANK0   0047EC
__pintcode               intcode      000008
__pintcode_body          intcode_body 002DBA
__pmediumconst           mediumconst  007EBA
__pnvBANK0               nvBANK0      0000F4
__pnvBANK1               nvBANK1      00013D
__powers_                mediumconst  007F5C
__ptext0                 text0        004068
__ptext1                 text1        0015AC
__ptext10                text10       003FEE
__ptext11                text11       004804
__ptext12                text12       003A5C
__ptext13                text13       0047B0
__ptext14                text14       004790
__ptext16                text16       000FAE
__ptext17                text17       003B9C
__ptext18                text18       0040E0
__ptext19                text19       00282A
__ptext2                 text2        003DE8
__ptext20                text20       0046C8
__ptext21                text21       003468
__ptext22                text22       003EF4
__ptext23                text23       002F68
__ptext24                text24       004222
__ptext25                text25       00471E
__ptext26                text26       0045EE
__ptext27                text27       00261C
__ptext28                text28       00001C
__ptext29                text29       004286
__ptext3                 text3        003C36
__ptext30                text30       003E6E
__ptext31                text31       00374A
__ptext32                text32       004746
__ptext33                text33       003CC8
__ptext34                text34       004500
__ptext35                text35       004662
__ptext36                text36       00453C
__ptext37                text37       004578
__ptext38                text38       002BEE
__ptext39                text39       0038F8
__ptext4                 text4        00414E
__ptext40                text40       003566
__ptext41                text41       003236
__ptext42                text42       00476C
__ptext43                text43       001F4C
__ptext44                text44       004628
__ptext45                text45       003358
__ptext46                text46       00239C
__ptext47                text47       004346
__ptext48                text48       001AC4
__ptext49                text49       004394
__ptext5                 text5        00365A
__ptext50                text50       00442E
__ptext51                text51       0042EA
__ptext52                text52       003AFE
__ptext53                text53       0047CE
__ptext54                text54       004478
__ptext55                text55       0041B8
__ptext56                text56       003F72
__ptext57                text57       003D58
__ptext58                text58       002A0E
__ptext59                text59       00310E
__ptext6                 text6        0046F4
__ptext60                text60       00382A
__ptext61                text61       0039B0
__ptext62                text62       000000
__ptext7                 text7        004698
__ptext8                 text8        0045B4
__ptext9                 text9        0043E2
__ramtop                 ramtop       000800
__size_of___asftadd      (abs)        000000
__size_of___asftmul      (abs)        000000
__size_of___asftsub      (abs)        000000
__size_of___awdiv        (abs)        000000
__size_of___awmod        (abs)        000000
__size_of___ftadd        (abs)        000000
__size_of___ftdiv        (abs)        000000
__size_of___ftge         (abs)        000000
__size_of___ftmul        (abs)        000000
__size_of___ftneg        (abs)        000000
__size_of___ftpack       (abs)        000000
__size_of___ftsub        (abs)        000000
__size_of___fttol        (abs)        000000
__size_of___lldiv        (abs)        000000
__size_of___llmod        (abs)        000000
__size_of___lltoft       (abs)        000000
__size_of___lwmod        (abs)        000000
__size_of___lwtoft       (abs)        000000
__size_of___wmul         (abs)        000000
__size_of__div_to_l_     (abs)        000000
__size_of__tdiv_to_l_    (abs)        000000
__size_of_buttons        (abs)        000000
__size_of_checkDST       (abs)        000000
__size_of_countBits      (abs)        000000
__size_of_dayOfWeek      (abs)        000000
__size_of_daysOfMonth    (abs)        000000
__size_of_fround         (abs)        000000
__size_of_getFontChar    (abs)        000000
__size_of_getTemp        (abs)        000000
__size_of_hibit          (abs)        000000
__size_of_high_isr       (abs)        000000
__size_of_initRTC        (abs)        000000
__size_of_initTemp       (abs)        000000
__size_of_isdigit        (abs)        000000
__size_of_loadTime       (abs)        000000
__size_of_log2           (abs)        000000
__size_of_lowbit         (abs)        000000
__size_of_main           (abs)        000000
__size_of_printRTC       (abs)        000000
__size_of_printTemp      (abs)        000000
__size_of_rotate         (abs)        000000
__size_of_scale          (abs)        000000
__size_of_setBrightness  (abs)        000000
__size_of_setTest        (abs)        000000
__size_of_setup          (abs)        000000
__size_of_setupButtons   (abs)        000000
__size_of_spi            (abs)        000000
__size_of_sprintf        (abs)        000000
__size_of_startDisp      (abs)        000000
__size_of_tick           (abs)        000000
__size_of_update         (abs)        000000
__size_of_wait           (abs)        000000
__size_of_writeChar      (abs)        000000
__size_of_writeDigit     (abs)        000000
__size_of_writeFloat     (abs)        000000
__size_of_writeString    (abs)        000000
__size_ofi2_log2         (abs)        000000
__size_ofi2_rotate       (abs)        000000
__size_ofi2_spi          (abs)        000000
__size_ofi2_update       (abs)        000000
__size_ofi2_wait         (abs)        000000
__size_ofi2_writeDigit   (abs)        000000
__smallconst             smallconst   000000
__stringdata             mediumconst  007F83
__tdiv_to_l_             text41       003236
__tdiv_to_l_@cntr        cstackCOMRAM 000010
__tdiv_to_l_@exp1        cstackCOMRAM 000011
__tdiv_to_l_@f1          cstackCOMRAM 000001
__tdiv_to_l_@f2          cstackCOMRAM 000004
__tdiv_to_l_@quot        cstackCOMRAM 00000C
_buttons                 text47       004346
_checkDST                text59       00310E
_checkDST$422            cstackCOMRAM 000036
_countBits               text25       00471E
_date                    bssBANK1     000122
_dayOfWeek               text58       002A0E
_daysOfMonth             text61       0039B0
_dow                     dataBANK0    0000DD
_dpowers                 mediumconst  007EE5
_fround                  text46       00239C
_fround$1394             cstackCOMRAM 00004B
_fround$1395             cstackCOMRAM 000048
_getFontChar             text27       00261C
_getTemp                 text19       00282A
_hibit                   text24       004222
_high_isr                intcode      000008
_initRTC                 text10       003FEE
_initTemp                text9        0043E2
_isdigit                 text42       00476C
_isdigit$1026            cstackCOMRAM 000003
_lcd_font                mediumconst  007EBA
_loadTime                text11       004804
_log2                    text4        00414E
_lowbit                  text18       0040E0
_main                    text0        004068
_menu                    nvBANK0      0000F4
_nRBPU                   (abs)        007F8F
_oldTemps                bssBANK0     0000B7
_pow10                   mediumconst  007F0D
_printRTC                text16       000FAE
_printRTC$1392           cstackBANK0  0000A5
_printTemp               text17       003B9C
_printTemp$1393          cstackBANK0  00009A
_rotate                  text3        003C36
_rtcMenu                 nvBANK1      00013D
_rtc_big_ticks           bssBANK0     0000D9
_rtc_small_ticks         bssBANK0     0000DB
_scale                   text43       001F4C
_scale$1396              cstackCOMRAM 000048
_screen                  bssBANK1     00012B
_setBrightness           text14       004790
_setTest                 text13       0047B0
_setup                   text7        004698
_setupButtons            text8        0045B4
_spi                     text5        00365A
_sprintf                 text28       00001C
_sprintf$1397            cstackBANK0  00006C
_sprintf$751             cstackBANK0  00006F
_startDisp               text12       003A5C
_tempMenu                bssBANK1     000138
_tick                    text60       00382A
_tmr0BigCounts           bssBANK0     0000D5
_update                  text1        0015AC
_wait                    text6        0046F4
_writeChar               text26       0045EE
_writeDigit              text2        003DE8
_writeFloat              text22       003EF4
_writeString             text23       002F68
countBits@num            cstackCOMRAM 000001
countBits@ret            cstackCOMRAM 000005
dayOfWeek@day            cstackCOMRAM 000021
dayOfWeek@month          cstackCOMRAM 000020
dayOfWeek@tmp            cstackCOMRAM 00002A
dayOfWeek@year           cstackCOMRAM 00001F
daysOfMonth@month        cstackCOMRAM 000008
daysOfMonth@year         cstackCOMRAM 000009
end_of_initialization    cinit        0044F6
fround@prec              cstackCOMRAM 00003F
getFontChar@ch           cstackCOMRAM 000001
getTemp@cnt              cstackBANK0  00006F
getTemp@oldTempsTemp     cstackBANK0  000060
getTemp@temp             cstackBANK0  000069
getTemp@total            cstackBANK0  00006C
hibit@log2Val            cstackCOMRAM 000008
hibit@x                  cstackCOMRAM 000001
i2_log2                  text50       00442E
i2_rotate                text51       0042EA
i2_spi                   text52       003AFE
i2_update                text48       001AC4
i2_wait                  text53       0047CE
i2_writeDigit            text49       004394
i2log2@log2Val           cstackCOMRAM 000010
i2log2@num               cstackCOMRAM 00000C
i2rotate@cnt             cstackCOMRAM 000006
i2rotate@ret             cstackCOMRAM 000005
i2rotate@seg             cstackCOMRAM 000001
i2spi@addr               cstackCOMRAM 000007
i2spi@cnt                cstackCOMRAM 00000E
i2spi@data               cstackCOMRAM 000008
i2spi@send               cstackCOMRAM 00000C
i2update@cnt             cstackCOMRAM 00001E
i2wait@count             cstackCOMRAM 000001
i2writeDigit@cnt         cstackCOMRAM 000018
i2writeDigit@dig         cstackCOMRAM 000017
i2writeDigit@digit       cstackCOMRAM 000014
i2writeDigit@segs        cstackCOMRAM 000015
int_func                 intcode_body 002DBA
intlevel0                text         000000
intlevel1                text         000000
intlevel2                text         000000
intlevel3                text         000000
isdigit@c                cstackCOMRAM 000001
loadTime@newDate         cstackBANK1  000100
log2@log2Val             cstackBANK1  000104
log2@num                 cstackBANK1  000100
lowbit@log2Val           cstackCOMRAM 000008
lowbit@x                 cstackCOMRAM 000001
main@cnt                 cstackBANK1  00011E
printRTC@F5073           bssBANK0     0000C3
printRTC@digits          cstackCOMRAM 00005E
printRTC@str             cstackBANK0  00009C
printTemp@digits         cstackCOMRAM 00005E
printTemp@units          cstackBANK0  00009E
rotate@cnt               cstackBANK1  000105
rotate@ret               cstackBANK1  000104
rotate@seg               cstackBANK1  000100
scale@scl                cstackCOMRAM 00003F
setBrightness@bright     cstackBANK1  000100
setTest@state            cstackBANK1  000100
spi@addr                 cstackBANK1  000106
spi@cnt                  cstackBANK1  00010D
spi@data                 cstackBANK1  000107
spi@send                 cstackBANK1  00010B
sprintf@_val             cstackBANK0  000088
sprintf@ap               cstackBANK0  00007A
sprintf@c                cstackBANK0  000087
sprintf@exp              cstackBANK0  00007C
sprintf@f                cstackBANK0  000062
sprintf@flag             cstackBANK0  00007E
sprintf@fval             cstackBANK0  000080
sprintf@integ            cstackBANK0  000077
sprintf@prec             cstackBANK0  000085
sprintf@sp               cstackBANK0  000060
sprintf@vd               cstackBANK0  000073
sprintf@vd_753           cstackBANK0  000075
sprintf@width            cstackBANK0  000083
start                    init         000018
start_initialization     cinit        0044BE
tick@val                 cstackCOMRAM 00000D
update@cnt               cstackBANK1  000118
wait@count               cstackBANK1  000100
writeChar@ch             cstackCOMRAM 000020
writeChar@dig            cstackCOMRAM 000021
writeChar@digit          cstackCOMRAM 00001F
writeDigit@cnt           cstackBANK1  000112
writeDigit@dig           cstackBANK1  000111
writeDigit@digit         cstackBANK1  00010E
writeDigit@segs          cstackBANK1  00010F
writeFloat@F5025         bssBANK0     0000CC
writeFloat@bits          cstackBANK0  000099
writeFloat@digits        cstackBANK0  00008C
writeFloat@num           cstackBANK0  00008D
writeFloat@str           cstackBANK0  000090
writeLong@F5021          dataBANK0    0000EB
writeString@bits         cstackCOMRAM 000029
writeString@cnt          cstackCOMRAM 00002B
writeString@digits       cstackCOMRAM 000022
writeString@i            cstackCOMRAM 00002A
writeString@string       cstackCOMRAM 000023


FUNCTION INFORMATION:

 *************** function _main *****************
 Defined at:
		line 42 in file "main.c"
 Parameters:    Size  Location     Type
  argc            2   25[BANK1 ] int 
  argv            3   27[BANK1 ] PTR PTR unsigned char 
 Auto vars:     Size  Location     Type
  cnt             4   30[BANK1 ] unsigned long 
 Return value:  Size  Location     Type
                  2   25[BANK1 ] int 
 Registers used:
		wreg, fsr0l, fsr0h, fsr1l, fsr1h, fsr1l, fsr1h, fsr2l, fsr2h, status,2, status,0, pclat, btemp, btemp+1, btemp+2, btemp+3, btemp+4, btemp+5, btemp+6, btemp+7, tosl, structret, tblptrl, tblptrh, tblptru, prodl, prodh, bsr, cstack
 Tracked objects:
		On entry : 
		On exit  : 
		Unchanged: 
 Data sizes:     COMRAM   BANK0   BANK1   BANK2   BANK3   BANK4   BANK5   BANK6   BANK7
      Params:         0       0       5       0       0       0       0       0       0
      Locals:         0       0       4       0       0       0       0       0       0
      Temps:          0       0       0       0       0       0       0       0       0
      Totals:         0       0       9       0       0       0       0       0       0
Total ram usage:        9 bytes
 Hardware stack levels required when called:   12
 This function calls:
		_setup
		_update
 This function is called by:
		Startup code after reset
 This function uses a non-reentrant model


 *************** function _update *****************
 Defined at:
		line 13 in file "disp.c"
 Parameters:    Size  Location     Type
		None
 Auto vars:     Size  Location     Type
  cnt             1   24[BANK1 ] char 
 Return value:  Size  Location     Type
		None               void
 Registers used:
		wreg, fsr0l, fsr0h, fsr1l, fsr1h, fsr1l, fsr1h, fsr2l, fsr2h, status,2, status,0, pclat, btemp, btemp+1, btemp+2, btemp+3, btemp+4, btemp+5, btemp+6, btemp+7, tosl, structret, tblptrl, tblptrh, tblptru, prodl, prodh, bsr, cstack
 Tracked objects:
		On entry : 
		On exit  : 
		Unchanged: 
 Data sizes:     COMRAM   BANK0   BANK1   BANK2   BANK3   BANK4   BANK5   BANK6   BANK7
      Params:         0       0       0       0       0       0       0       0       0
      Locals:         0       0       1       0       0       0       0       0       0
      Temps:          0       0       5       0       0       0       0       0       0
      Totals:         0       0       6       0       0       0       0       0       0
Total ram usage:        6 bytes
 Hardware stack levels used:    1
 Hardware stack levels required when called:   11
 This function calls:
		_writeDigit
		_spi
 This function is called by:
		_main
 This function uses a non-reentrant model


 *************** function _writeDigit *****************
 Defined at:
		line 109 in file "disp.c"
 Parameters:    Size  Location     Type
  digit           1   14[BANK1 ] unsigned char 
  segs            1   15[BANK1 ] unsigned char 
 Auto vars:     Size  Location     Type
  cnt             1   18[BANK1 ] char 
  dig             1   17[BANK1 ] unsigned char 
 Return value:  Size  Location     Type
		None               void
 Registers used:
		wreg, fsr0l, fsr0h, fsr1l, fsr1h, fsr1l, fsr1h, fsr2l, fsr2h, status,2, status,0, pclat, btemp, btemp+1, btemp+2, btemp+3, btemp+4, btemp+5, btemp+6, btemp+7, tosl, structret, tblptrl, tblptrh, tblptru, prodl, prodh, bsr, cstack
 Tracked objects:
		On entry : 
		On exit  : 
		Unchanged: 
 Data sizes:     COMRAM   BANK0   BANK1   BANK2   BANK3   BANK4   BANK5   BANK6   BANK7
      Params:         0       0       2       0       0       0       0       0       0
      Locals:         0       0       2       0       0       0       0       0       0
      Temps:          0       0       1       0       0       0       0       0       0
      Totals:         0       0       5       0       0       0       0       0       0
Total ram usage:        5 bytes
 Hardware stack levels used:    1
 Hardware stack levels required when called:   10
 This function calls:
		_spi
		_log2
		_rotate
 This function is called by:
		_update
 This function uses a non-reentrant model


 *************** function _rotate *****************
 Defined at:
		line 206 in file "disp.c"
 Parameters:    Size  Location     Type
  seg             1    0[BANK1 ] unsigned char 
 Auto vars:     Size  Location     Type
  cnt             1    5[BANK1 ] char 
  ret             1    4[BANK1 ] unsigned char 
 Return value:  Size  Location     Type
                  1    wreg      unsigned char 
 Registers used:
		wreg, fsr2l, fsr2h, status,2, status,0, prodl, prodh
 Tracked objects:
		On entry : 
		On exit  : 
		Unchanged: 
 Data sizes:     COMRAM   BANK0   BANK1   BANK2   BANK3   BANK4   BANK5   BANK6   BANK7
      Params:         0       0       1       0       0       0       0       0       0
      Locals:         0       0       2       0       0       0       0       0       0
      Temps:          0       0       3       0       0       0       0       0       0
      Totals:         0       0       6       0       0       0       0       0       0
Total ram usage:        6 bytes
 Hardware stack levels used:    1
 Hardware stack levels required when called:    8
 This function calls:
		Nothing
 This function is called by:
		_writeDigit
 This function uses a non-reentrant model


 *************** function _log2 *****************
 Defined at:
		line 48 in file "defs.c"
 Parameters:    Size  Location     Type
  num             4    0[BANK1 ] unsigned long 
 Auto vars:     Size  Location     Type
  log2Val         4    4[BANK1 ] unsigned long 
 Return value:  Size  Location     Type
                  4    0[BANK1 ] unsigned long 
 Registers used:
		wreg, status,2, status,0
 Tracked objects:
		On entry : 
		On exit  : 
		Unchanged: 
 Data sizes:     COMRAM   BANK0   BANK1   BANK2   BANK3   BANK4   BANK5   BANK6   BANK7
      Params:         0       0       4       0       0       0       0       0       0
      Locals:         0       0       4       0       0       0       0       0       0
      Temps:          0       0       0       0       0       0       0       0       0
      Totals:         0       0       8       0       0       0       0       0       0
Total ram usage:        8 bytes
 Hardware stack levels used:    1
 Hardware stack levels required when called:    8
 This function calls:
		Nothing
 This function is called by:
		_writeDigit
 This function uses a non-reentrant model


 *************** function _spi *****************
 Defined at:
		line 87 in file "disp.c"
 Parameters:    Size  Location     Type
  addr            1    6[BANK1 ] unsigned char 
  data            1    7[BANK1 ] unsigned char 
 Auto vars:     Size  Location     Type
  send            2   11[BANK1 ] unsigned int 
  cnt             1   13[BANK1 ] char 
 Return value:  Size  Location     Type
		None               void
 Registers used:
		wreg, status,2, status,0, cstack
 Tracked objects:
		On entry : 
		On exit  : 
		Unchanged: 
 Data sizes:     COMRAM   BANK0   BANK1   BANK2   BANK3   BANK4   BANK5   BANK6   BANK7
      Params:         0       0       2       0       0       0       0       0       0
      Locals:         0       0       3       0       0       0       0       0       0
      Temps:          0       0       3       0       0       0       0       0       0
      Totals:         0       0       8       0       0       0       0       0       0
Total ram usage:        8 bytes
 Hardware stack levels used:    1
 Hardware stack levels required when called:    9
 This function calls:
		_wait
 This function is called by:
		_update
		_writeDigit
 This function uses a non-reentrant model


 *************** function _wait *****************
 Defined at:
		line 4 in file "defs.c"
 Parameters:    Size  Location     Type
  count           4    0[BANK1 ] unsigned long 
 Auto vars:     Size  Location     Type
		None
 Return value:  Size  Location     Type
		None               void
 Registers used:
		wreg, status,2, status,0
 Tracked objects:
		On entry : 
		On exit  : 
		Unchanged: 
 Data sizes:     COMRAM   BANK0   BANK1   BANK2   BANK3   BANK4   BANK5   BANK6   BANK7
      Params:         0       0       4       0       0       0       0       0       0
      Locals:         0       0       0       0       0       0       0       0       0
      Temps:          0       0       0       0       0       0       0       0       0
      Totals:         0       0       4       0       0       0       0       0       0
Total ram usage:        4 bytes
 Hardware stack levels used:    1
 Hardware stack levels required when called:    8
 This function calls:
		Nothing
 This function is called by:
		_spi
 This function uses a non-reentrant model


 *************** function _setup *****************
 Defined at:
		line 62 in file "main.c"
 Parameters:    Size  Location     Type
		None
 Auto vars:     Size  Location     Type
		None
 Return value:  Size  Location     Type
		None               void
 Registers used:
		wreg, fsr0l, fsr0h, fsr1l, fsr1h, fsr1l, fsr1h, fsr2l, fsr2h, status,2, status,0, pclat, btemp, btemp+1, btemp+2, btemp+3, btemp+4, btemp+5, btemp+6, btemp+7, tosl, structret, tblptrl, tblptrh, tblptru, prodl, prodh, bsr, cstack
 Tracked objects:
		On entry : 
		On exit  : 
		Unchanged: 
 Data sizes:     COMRAM   BANK0   BANK1   BANK2   BANK3   BANK4   BANK5   BANK6   BANK7
      Params:         0       0       0       0       0       0       0       0       0
      Locals:         0       0       0       0       0       0       0       0       0
      Temps:          0       0       0       0       0       0       0       0       0
      Totals:         0       0       0       0       0       0       0       0       0
Total ram usage:        0 bytes
 Hardware stack levels used:    1
 Hardware stack levels required when called:   10
 This function calls:
		_startDisp
		_initRTC
		_initTemp
		_setupButtons
 This function is called by:
		_main
 This function uses a non-reentrant model


 *************** function _setupButtons *****************
 Defined at:
		line 9 in file "buttons.c"
 Parameters:    Size  Location     Type
		None
 Auto vars:     Size  Location     Type
		None
 Return value:  Size  Location     Type
		None               void
 Registers used:
		wreg, status,2
 Tracked objects:
		On entry : 
		On exit  : 
		Unchanged: 
 Data sizes:     COMRAM   BANK0   BANK1   BANK2   BANK3   BANK4   BANK5   BANK6   BANK7
      Params:         0       0       0       0       0       0       0       0       0
      Locals:         0       0       0       0       0       0       0       0       0
      Temps:          0       0       0       0       0       0       0       0       0
      Totals:         0       0       0       0       0       0       0       0       0
Total ram usage:        0 bytes
 Hardware stack levels used:    1
 Hardware stack levels required when called:    8
 This function calls:
		Nothing
 This function is called by:
		_setup
 This function uses a non-reentrant model


 *************** function _initTemp *****************
 Defined at:
		line 10 in file "temp.c"
 Parameters:    Size  Location     Type
		None
 Auto vars:     Size  Location     Type
		None
 Return value:  Size  Location     Type
		None               void
 Registers used:
		wreg, status,2
 Tracked objects:
		On entry : 
		On exit  : 
		Unchanged: 
 Data sizes:     COMRAM   BANK0   BANK1   BANK2   BANK3   BANK4   BANK5   BANK6   BANK7
      Params:         0       0       0       0       0       0       0       0       0
      Locals:         0       0       0       0       0       0       0       0       0
      Temps:          0       0       1       0       0       0       0       0       0
      Totals:         0       0       1       0       0       0       0       0       0
Total ram usage:        1 bytes
 Hardware stack levels used:    1
 Hardware stack levels required when called:    8
 This function calls:
		Nothing
 This function is called by:
		_setup
 This function uses a non-reentrant model


 *************** function _initRTC *****************
 Defined at:
		line 10 in file "RTC.c"
 Parameters:    Size  Location     Type
		None
 Auto vars:     Size  Location     Type
		None
 Return value:  Size  Location     Type
		None               void
 Registers used:
		wreg, status,2, cstack
 Tracked objects:
		On entry : 
		On exit  : 
		Unchanged: 
 Data sizes:     COMRAM   BANK0   BANK1   BANK2   BANK3   BANK4   BANK5   BANK6   BANK7
      Params:         0       0       0       0       0       0       0       0       0
      Locals:         0       0       0       0       0       0       0       0       0
      Temps:          0       0       1       0       0       0       0       0       0
      Totals:         0       0       1       0       0       0       0       0       0
Total ram usage:        1 bytes
 Hardware stack levels used:    1
 Hardware stack levels required when called:    9
 This function calls:
		_loadTime
 This function is called by:
		_setup
 This function uses a non-reentrant model


 *************** function _loadTime *****************
 Defined at:
		line 31 in file "RTC.c"
 Parameters:    Size  Location     Type
		None
 Auto vars:     Size  Location     Type
  newDate         9    0[BANK1 ] struct sDate
 Return value:  Size  Location     Type
                  9  201[COMRAM] struct sDate
 Registers used:
		None
 Tracked objects:
		On entry : 
		On exit  : 
		Unchanged: 
 Data sizes:     COMRAM   BANK0   BANK1   BANK2   BANK3   BANK4   BANK5   BANK6   BANK7
      Params:         0       0       0       0       0       0       0       0       0
      Locals:         0       0       9       0       0       0       0       0       0
      Temps:          0       0       0       0       0       0       0       0       0
      Totals:         0       0       9       0       0       0       0       0       0
Total ram usage:        9 bytes
 Hardware stack levels used:    1
 Hardware stack levels required when called:    8
 This function calls:
		Nothing
 This function is called by:
		_initRTC
 This function uses a non-reentrant model


 *************** function _startDisp *****************
 Defined at:
		line 62 in file "disp.c"
 Parameters:    Size  Location     Type
		None
 Auto vars:     Size  Location     Type
		None
 Return value:  Size  Location     Type
		None               void
 Registers used:
		wreg, status,2, status,0, cstack
 Tracked objects:
		On entry : 
		On exit  : 
		Unchanged: 
 Data sizes:     COMRAM   BANK0   BANK1   BANK2   BANK3   BANK4   BANK5   BANK6   BANK7
      Params:         0       0       0       0       0       0       0       0       0
      Locals:         0       0       0       0       0       0       0       0       0
      Temps:          0       0       1       0       0       0       0       0       0
      Totals:         0       0       1       0       0       0       0       0       0
Total ram usage:        1 bytes
 Hardware stack levels used:    1
 Hardware stack levels required when called:    9
 This function calls:
		_setBrightness
		_setTest
 This function is called by:
		_setup
 This function uses a non-reentrant model


 *************** function _setTest *****************
 Defined at:
		line 56 in file "disp.c"
 Parameters:    Size  Location     Type
  state           1    0[BANK1 ] unsigned char 
 Auto vars:     Size  Location     Type
		None
 Return value:  Size  Location     Type
		None               void
 Registers used:
		status,2, status,0
 Tracked objects:
		On entry : 
		On exit  : 
		Unchanged: 
 Data sizes:     COMRAM   BANK0   BANK1   BANK2   BANK3   BANK4   BANK5   BANK6   BANK7
      Params:         0       0       1       0       0       0       0       0       0
      Locals:         0       0       0       0       0       0       0       0       0
      Temps:          0       0       0       0       0       0       0       0       0
      Totals:         0       0       1       0       0       0       0       0       0
Total ram usage:        1 bytes
 Hardware stack levels used:    1
 Hardware stack levels required when called:    8
 This function calls:
		Nothing
 This function is called by:
		_startDisp
 This function uses a non-reentrant model


 *************** function _setBrightness *****************
 Defined at:
		line 49 in file "disp.c"
 Parameters:    Size  Location     Type
  bright          1    0[BANK1 ] unsigned char 
 Auto vars:     Size  Location     Type
		None
 Return value:  Size  Location     Type
		None               void
 Registers used:
		wreg, status,2, status,0
 Tracked objects:
		On entry : 
		On exit  : 
		Unchanged: 
 Data sizes:     COMRAM   BANK0   BANK1   BANK2   BANK3   BANK4   BANK5   BANK6   BANK7
      Params:         0       0       1       0       0       0       0       0       0
      Locals:         0       0       0       0       0       0       0       0       0
      Temps:          0       0       0       0       0       0       0       0       0
      Totals:         0       0       1       0       0       0       0       0       0
Total ram usage:        1 bytes
 Hardware stack levels used:    1
 Hardware stack levels required when called:    8
 This function calls:
		Nothing
 This function is called by:
		_startDisp
 This function uses a non-reentrant model


 *************** function _high_isr *****************
 Defined at:
		line 89 in file "main.c"
 Parameters:    Size  Location     Type
		None
 Auto vars:     Size  Location     Type
		None
 Return value:  Size  Location     Type
		None               void
 Registers used:
		wreg, fsr0l, fsr0h, fsr1l, fsr1h, fsr1l, fsr1h, fsr2l, fsr2h, status,2, status,0, pclat, btemp, btemp+1, btemp+2, btemp+3, btemp+4, btemp+5, btemp+6, btemp+7, tosl, structret, tblptrl, tblptrh, tblptru, prodl, prodh, bsr, cstack
 Tracked objects:
		On entry : 
		On exit  : 
		Unchanged: 
 Data sizes:     COMRAM   BANK0   BANK1   BANK2   BANK3   BANK4   BANK5   BANK6   BANK7
      Params:         0       0       0       0       0       0       0       0       0
      Locals:         0       0       0       0       0       0       0       0       0
      Temps:          0      16       0       0       0       0       0       0       0
      Totals:         0      16       0       0       0       0       0       0       0
Total ram usage:       16 bytes
 Hardware stack levels used:    1
 Hardware stack levels required when called:    7
 This function calls:
		_tick
		_buttons
		_printRTC
		_printTemp
 This function is called by:
		Interrupt level 2
 This function uses a non-reentrant model


 *************** function _printRTC *****************
 Defined at:
		line 186 in file "RTC.c"
 Parameters:    Size  Location     Type
  digits          1   93[COMRAM] unsigned char 
 Auto vars:     Size  Location     Type
  str             9   60[BANK0 ] unsigned char [9]
 Return value:  Size  Location     Type
                  2   93[COMRAM] PTR void 
 Registers used:
		wreg, fsr0l, fsr0h, fsr1l, fsr1h, fsr2l, fsr2h, status,2, status,0, tblptrl, tblptrh, tblptru, prodl, prodh, cstack
 Tracked objects:
		On entry : 
		On exit  : 
		Unchanged: 
 Data sizes:     COMRAM   BANK0   BANK1   BANK2   BANK3   BANK4   BANK5   BANK6   BANK7
      Params:         1       0       0       0       0       0       0       0       0
      Locals:         0      11       0       0       0       0       0       0       0
      Temps:          0       2       0       0       0       0       0       0       0
      Totals:         1      13       0       0       0       0       0       0       0
Total ram usage:       14 bytes
 Hardware stack levels used:    1
 Hardware stack levels required when called:    5
 This function calls:
		_countBits
		_sprintf
		_writeString
		___lwmod
 This function is called by:
		_initRTC
		_high_isr
 This function uses a non-reentrant model


 *************** function _printTemp *****************
 Defined at:
		line 74 in file "temp.c"
 Parameters:    Size  Location     Type
  digits          1   93[COMRAM] unsigned char 
 Auto vars:     Size  Location     Type
  units           1   62[BANK0 ] unsigned char 
 Return value:  Size  Location     Type
                  2   93[COMRAM] PTR void 
 Registers used:
		wreg, fsr0l, fsr0h, fsr1l, fsr1h, fsr2l, fsr2h, status,2, status,0, tblptrl, tblptrh, tblptru, prodl, prodh, cstack
 Tracked objects:
		On entry : 
		On exit  : 
		Unchanged: 
 Data sizes:     COMRAM   BANK0   BANK1   BANK2   BANK3   BANK4   BANK5   BANK6   BANK7
      Params:         1       0       0       0       0       0       0       0       0
      Locals:         0       5       0       0       0       0       0       0       0
      Temps:          1       0       0       0       0       0       0       0       0
      Totals:         2       5       0       0       0       0       0       0       0
Total ram usage:        7 bytes
 Hardware stack levels used:    1
 Hardware stack levels required when called:    6
 This function calls:
		_writeString
		_writeFloat
		_getTemp
		_lowbit
 This function is called by:
		_initTemp
		_high_isr
 This function uses a non-reentrant model


 *************** function _lowbit *****************
 Defined at:
		line 26 in file "defs.c"
 Parameters:    Size  Location     Type
  x               4    0[COMRAM] unsigned long 
 Auto vars:     Size  Location     Type
  log2Val         4    7[COMRAM] unsigned long 
 Return value:  Size  Location     Type
                  4    0[COMRAM] unsigned long 
 Registers used:
		wreg, status,2, status,0
 Tracked objects:
		On entry : 
		On exit  : 
		Unchanged: 
 Data sizes:     COMRAM   BANK0   BANK1   BANK2   BANK3   BANK4   BANK5   BANK6   BANK7
      Params:         4       0       0       0       0       0       0       0       0
      Locals:         4       0       0       0       0       0       0       0       0
      Temps:          3       0       0       0       0       0       0       0       0
      Totals:        11       0       0       0       0       0       0       0       0
Total ram usage:       11 bytes
 Hardware stack levels used:    1
 This function calls:
		Nothing
 This function is called by:
		_printTemp
 This function uses a non-reentrant model


 *************** function _getTemp *****************
 Defined at:
		line 43 in file "temp.c"
 Parameters:    Size  Location     Type
		None
 Auto vars:     Size  Location     Type
  oldTempsTemp    9    0[BANK0 ] [3]
  total           3   12[BANK0 ] [3]
  temp            3    9[BANK0 ] [3]
  cnt             1   15[BANK0 ] unsigned char 
 Return value:  Size  Location     Type
                  3   82[COMRAM] unsigned char 
 Registers used:
		wreg, fsr1l, fsr1h, fsr2l, fsr2h, status,2, status,0, prodl, prodh, cstack
 Tracked objects:
		On entry : 
		On exit  : 
		Unchanged: 
 Data sizes:     COMRAM   BANK0   BANK1   BANK2   BANK3   BANK4   BANK5   BANK6   BANK7
      Params:         3       0       0       0       0       0       0       0       0
      Locals:         0      16       0       0       0       0       0       0       0
      Temps:          1       0       0       0       0       0       0       0       0
      Totals:         4      16       0       0       0       0       0       0       0
Total ram usage:       20 bytes
 Hardware stack levels used:    1
 Hardware stack levels required when called:    3
 This function calls:
		___asftadd
		___ftadd
		___ftdiv
		___ftmul
		___lwtoft
		___wmul
 This function is called by:
		_printTemp
 This function uses a non-reentrant model


 *************** function ___lwtoft *****************
 Defined at:
		line 29 in file "/usr/opt/microchip/xc8/v1.20/sources/common/lwtoft.c"
 Parameters:    Size  Location     Type
  c               2    8[COMRAM] unsigned int 
 Auto vars:     Size  Location     Type
		None
 Return value:  Size  Location     Type
                  3    8[COMRAM] float 
 Registers used:
		wreg, status,2, status,0, cstack
 Tracked objects:
		On entry : 
		On exit  : 
		Unchanged: 
 Data sizes:     COMRAM   BANK0   BANK1   BANK2   BANK3   BANK4   BANK5   BANK6   BANK7
      Params:         3       0       0       0       0       0       0       0       0
      Locals:         0       0       0       0       0       0       0       0       0
      Temps:          2       0       0       0       0       0       0       0       0
      Totals:         5       0       0       0       0       0       0       0       0
Total ram usage:        5 bytes
 Hardware stack levels used:    1
 Hardware stack levels required when called:    1
 This function calls:
		___ftpack
 This function is called by:
		_getTemp
 This function uses a non-reentrant model


 *************** function ___ftdiv *****************
 Defined at:
		line 50 in file "/usr/opt/microchip/xc8/v1.20/sources/common/ftdiv.c"
 Parameters:    Size  Location     Type
  f1              3    8[COMRAM] float 
  f2              3   11[COMRAM] float 
 Auto vars:     Size  Location     Type
  f3              3   20[COMRAM] float 
  sign            1   24[COMRAM] unsigned char 
  exp             1   23[COMRAM] unsigned char 
  cntr            1   19[COMRAM] unsigned char 
[...]
		_writeChar
		_writeString
		i2_writeDigit
 This function uses a non-reentrant model


 *************** function i2_rotate *****************
 Defined at:
		line 206 in file "disp.c"
 Parameters:    Size  Location     Type
  rotate          1    0[COMRAM] unsigned char 
 Auto vars:     Size  Location     Type
  rotate          1    5[COMRAM] char 
  rotate          1    4[COMRAM] unsigned char 
 Return value:  Size  Location     Type
                  1    wreg      unsigned char 
 Registers used:
		wreg, fsr2l, fsr2h, status,2, status,0, prodl, prodh
 Tracked objects:
		On entry : 
		On exit  : 
		Unchanged: 
 Data sizes:     COMRAM   BANK0   BANK1   BANK2   BANK3   BANK4   BANK5   BANK6   BANK7
      Params:         1       0       0       0       0       0       0       0       0
      Locals:         2       0       0       0       0       0       0       0       0
      Temps:          3       0       0       0       0       0       0       0       0
      Totals:         6       0       0       0       0       0       0       0       0
Total ram usage:        6 bytes
 Hardware stack levels used:    1
 This function calls:
		Nothing
 This function is called by:
		i2_writeDigit
 This function uses a non-reentrant model


 *************** function i2_spi *****************
 Defined at:
		line 87 in file "disp.c"
 Parameters:    Size  Location     Type
  spi             1    6[COMRAM] unsigned char 
  spi             1    7[COMRAM] unsigned char 
 Auto vars:     Size  Location     Type
  spi             2   11[COMRAM] unsigned int 
  spi             1   13[COMRAM] char 
 Return value:  Size  Location     Type
		None               void
 Registers used:
		wreg, status,2, status,0, cstack
 Tracked objects:
		On entry : 
		On exit  : 
		Unchanged: 
 Data sizes:     COMRAM   BANK0   BANK1   BANK2   BANK3   BANK4   BANK5   BANK6   BANK7
      Params:         2       0       0       0       0       0       0       0       0
      Locals:         3       0       0       0       0       0       0       0       0
      Temps:          3       0       0       0       0       0       0       0       0
      Totals:         8       0       0       0       0       0       0       0       0
Total ram usage:        8 bytes
 Hardware stack levels used:    1
 Hardware stack levels required when called:    1
 This function calls:
		i2_wait
 This function is called by:
		i2_update
		i2_writeDigit
 This function uses a non-reentrant model


 *************** function i2_wait *****************
 Defined at:
		line 4 in file "defs.c"
 Parameters:    Size  Location     Type
  wait            4    0[COMRAM] unsigned long 
 Auto vars:     Size  Location     Type
		None
 Return value:  Size  Location     Type
		None               void
 Registers used:
		wreg, status,2, status,0
 Tracked objects:
		On entry : 
		On exit  : 
		Unchanged: 
 Data sizes:     COMRAM   BANK0   BANK1   BANK2   BANK3   BANK4   BANK5   BANK6   BANK7
      Params:         4       0       0       0       0       0       0       0       0
      Locals:         0       0       0       0       0       0       0       0       0
      Temps:          0       0       0       0       0       0       0       0       0
      Totals:         4       0       0       0       0       0       0       0       0
Total ram usage:        4 bytes
 Hardware stack levels used:    1
 This function calls:
		Nothing
 This function is called by:
		i2_spi
 This function uses a non-reentrant model


 *************** function ___lwmod *****************
 Defined at:
		line 10 in file "/usr/opt/microchip/xc8/v1.20/sources/common/lwmod.c"
 Parameters:    Size  Location     Type
  dividend        2    0[COMRAM] unsigned int 
  divisor         2    2[COMRAM] unsigned int 
 Auto vars:     Size  Location     Type
  counter         1    6[COMRAM] unsigned char 
 Return value:  Size  Location     Type
                  2    0[COMRAM] unsigned int 
 Registers used:
		wreg, status,2, status,0
 Tracked objects:
		On entry : 
		On exit  : 
		Unchanged: 
 Data sizes:     COMRAM   BANK0   BANK1   BANK2   BANK3   BANK4   BANK5   BANK6   BANK7
      Params:         4       0       0       0       0       0       0       0       0
      Locals:         2       0       0       0       0       0       0       0       0
      Temps:          1       0       0       0       0       0       0       0       0
      Totals:         7       0       0       0       0       0       0       0       0
Total ram usage:        7 bytes
 Hardware stack levels used:    1
 This function calls:
		Nothing
 This function is called by:
		_daysOfMonth
		_printRTC
		_sprintf
 This function uses a non-reentrant model


 *************** function ___llmod *****************
 Defined at:
		line 10 in file "/usr/opt/microchip/xc8/v1.20/sources/common/llmod.c"
 Parameters:    Size  Location     Type
  dividend        4   19[COMRAM] unsigned long 
  divisor         4   23[COMRAM] unsigned long 
 Auto vars:     Size  Location     Type
  counter         1   29[COMRAM] unsigned char 
 Return value:  Size  Location     Type
                  4   19[COMRAM] unsigned long 
 Registers used:
		wreg, status,2, status,0
 Tracked objects:
		On entry : 
		On exit  : 
		Unchanged: 
 Data sizes:     COMRAM   BANK0   BANK1   BANK2   BANK3   BANK4   BANK5   BANK6   BANK7
      Params:         8       0       0       0       0       0       0       0       0
      Locals:         2       0       0       0       0       0       0       0       0
      Temps:          1       0       0       0       0       0       0       0       0
      Totals:        11       0       0       0       0       0       0       0       0
Total ram usage:       11 bytes
 Hardware stack levels used:    1
 This function calls:
		Nothing
 This function is called by:
		_dayOfWeek
		_sprintf
 This function uses a non-reentrant model


 *************** function ___awmod *****************
 Defined at:
		line 10 in file "/usr/opt/microchip/xc8/v1.20/sources/common/awmod.c"
 Parameters:    Size  Location     Type
  dividend        2    0[COMRAM] int 
  divisor         2    2[COMRAM] int 
 Auto vars:     Size  Location     Type
  sign            1    8[COMRAM] unsigned char 
  counter         1    7[COMRAM] unsigned char 
 Return value:  Size  Location     Type
                  2    0[COMRAM] int 
 Registers used:
		wreg, status,2, status,0
 Tracked objects:
		On entry : 
		On exit  : 
		Unchanged: 
 Data sizes:     COMRAM   BANK0   BANK1   BANK2   BANK3   BANK4   BANK5   BANK6   BANK7
      Params:         4       0       0       0       0       0       0       0       0
      Locals:         4       0       0       0       0       0       0       0       0
      Temps:          1       0       0       0       0       0       0       0       0
      Totals:         9       0       0       0       0       0       0       0       0
Total ram usage:        9 bytes
 Hardware stack levels used:    1
 This function calls:
		Nothing
 This function is called by:
		_dayOfWeek
		_fround
		_scale
		_advState
 This function uses a non-reentrant model


 *************** function ___awdiv *****************
 Defined at:
		line 10 in file "/usr/opt/microchip/xc8/v1.20/sources/common/awdiv.c"
 Parameters:    Size  Location     Type
  dividend        2    9[COMRAM] int 
  divisor         2   11[COMRAM] int 
 Auto vars:     Size  Location     Type
  quotient        2   20[COMRAM] int 
  sign            1   19[COMRAM] unsigned char 
  counter         1   18[COMRAM] unsigned char 
 Return value:  Size  Location     Type
                  2    9[COMRAM] int 
 Registers used:
		wreg, status,2, status,0
 Tracked objects:
		On entry : 
		On exit  : 
		Unchanged: 
 Data sizes:     COMRAM   BANK0   BANK1   BANK2   BANK3   BANK4   BANK5   BANK6   BANK7
      Params:         4       0       0       0       0       0       0       0       0
      Locals:         8       0       0       0       0       0       0       0       0
      Temps:          1       0       0       0       0       0       0       0       0
      Totals:        13       0       0       0       0       0       0       0       0
Total ram usage:       13 bytes
 Hardware stack levels used:    1
 This function calls:
		Nothing
 This function is called by:
		_dayOfWeek
		_fround
		_scale
		_sprintf
 This function uses a non-reentrant model


 *************** function _dayOfWeek *****************
 Defined at:
		line 127 in file "RTC.c"
 Parameters:    Size  Location     Type
  year            1   30[COMRAM] unsigned char 
  month           1   31[COMRAM] unsigned char 
  day             1   32[COMRAM] unsigned char 
 Auto vars:     Size  Location     Type
  tmp             4   41[COMRAM] unsigned long 
 Return value:  Size  Location     Type
                  1    wreg      unsigned char 
 Registers used:
		wreg, status,2, status,0, prodl, prodh, cstack
 Tracked objects:
		On entry : 
		On exit  : 
		Unchanged: 
 Data sizes:     COMRAM   BANK0   BANK1   BANK2   BANK3   BANK4   BANK5   BANK6   BANK7
      Params:         3       0       0       0       0       0       0       0       0
      Locals:         8       0       0       0       0       0       0       0       0
      Temps:          4       0       0       0       0       0       0       0       0
      Totals:        15       0       0       0       0       0       0       0       0
Total ram usage:       15 bytes
 Hardware stack levels used:    1
 Hardware stack levels required when called:    1
 This function calls:
		___awdiv
		___awmod
		___llmod
		___wmul
 This function is called by:
		_checkDST
 This function uses a non-reentrant model


 *************** function _checkDST *****************
 Defined at:
		line 66 in file "RTC.c"
 Parameters:    Size  Location     Type
		None
 Auto vars:     Size  Location     Type
		None
 Return value:  Size  Location     Type
		None               void
 Registers used:
		wreg, fsr0l, fsr0h, fsr1l, fsr1h, fsr1l, fsr1h, fsr2l, fsr2h, status,2, status,0, pclat, btemp, btemp+1, btemp+2, btemp+3, btemp+4, btemp+5, btemp+6, btemp+7, tosl, structret, tblptrl, tblptrh, tblptru, prodl, prodh, bsr, cstack
 Tracked objects:
		On entry : 
		On exit  : 
		Unchanged: 
 Data sizes:     COMRAM   BANK0   BANK1   BANK2   BANK3   BANK4   BANK5   BANK6   BANK7
      Params:         0       0       0       0       0       0       0       0       0
      Locals:         2       0       0       0       0       0       0       0       0
      Temps:          7       0       0       0       0       0       0       0       0
      Totals:         9       0       0       0       0       0       0       0       0
Total ram usage:        9 bytes
 Hardware stack levels used:    1
 Hardware stack levels required when called:    2
 This function calls:
		_tick
		_dayOfWeek
 This function is called by:
		_tick
 This function uses a non-reentrant model


 *************** function _tick *****************
 Defined at:
		line 90 in file "RTC.c"
 Parameters:    Size  Location     Type
  val             1   12[COMRAM] unsigned char 
 Auto vars:     Size  Location     Type
		None
 Return value:  Size  Location     Type
                  1    wreg      unsigned char 
 Registers used:
		wreg, fsr0l, fsr0h, fsr1l, fsr1h, fsr1l, fsr1h, fsr2l, fsr2h, status,2, status,0, pclat, btemp, btemp+1, btemp+2, btemp+3, btemp+4, btemp+5, btemp+6, btemp+7, tosl, structret, tblptrl, tblptrh, tblptru, prodl, prodh, bsr, cstack
 Tracked objects:
		On entry : 
		On exit  : 
		Unchanged: 
 Data sizes:     COMRAM   BANK0   BANK1   BANK2   BANK3   BANK4   BANK5   BANK6   BANK7
      Params:         1       0       0       0       0       0       0       0       0
      Locals:         0       0       0       0       0       0       0       0       0
      Temps:          1       0       0       0       0       0       0       0       0
      Totals:         2       0       0       0       0       0       0       0       0
Total ram usage:        2 bytes
 Hardware stack levels used:    1
 Hardware stack levels required when called:    3
 This function calls:
		_daysOfMonth
		_checkDST
 This function is called by:
		_high_isr
		_checkDST
 This function uses a non-reentrant model


 *************** function _daysOfMonth *****************
 Defined at:
		line 37 in file "RTC.c"
 Parameters:    Size  Location     Type
  month           1    7[COMRAM] unsigned char 
  year            2    8[COMRAM] unsigned int 
 Auto vars:     Size  Location     Type
		None
 Return value:  Size  Location     Type
                  1    wreg      unsigned char 
 Registers used:
		wreg, status,2, status,0, cstack
 Tracked objects:
		On entry : 
		On exit  : 
		Unchanged: 
 Data sizes:     COMRAM   BANK0   BANK1   BANK2   BANK3   BANK4   BANK5   BANK6   BANK7
      Params:         3       0       0       0       0       0       0       0       0
      Locals:         0       0       0       0       0       0       0       0       0
      Temps:          2       0       0       0       0       0       0       0       0
      Totals:         5       0       0       0       0       0       0       0       0
Total ram usage:        5 bytes
 Hardware stack levels used:    1
 Hardware stack levels required when called:    1
 This function calls:
		___lwmod
 This function is called by:
		_tick
 This function uses a non-reentrant model



MODULE INFORMATION

Module		Function		Class		Link	Load	Size
/usr/opt/microchip/xc8/v1.20/sources/common/lwmod.c
		___lwmod       		CODE           	4478	0000	70

/usr/opt/microchip/xc8/v1.20/sources/common/lwmod.c estimated size: 70

/usr/opt/microchip/xc8/v1.20/sources/common/lwtoft.c
		___lwtoft      		CODE           	46C8	0000	44

/usr/opt/microchip/xc8/v1.20/sources/common/lwtoft.c estimated size: 44

/usr/opt/microchip/xc8/v1.20/sources/common/awdiv.c
		___awdiv       		CODE           	3D58	0000	144

/usr/opt/microchip/xc8/v1.20/sources/common/awdiv.c estimated size: 144

/usr/opt/microchip/xc8/v1.20/sources/common/ftadd.c
		___ftadd       		CODE           	2BEE	0000	460

/usr/opt/microchip/xc8/v1.20/sources/common/ftadd.c estimated size: 460

/usr/opt/microchip/xc8/v1.20/sources/common/float.c
		___ftpack      		CODE           	38F8	0000	184

/usr/opt/microchip/xc8/v1.20/sources/common/float.c estimated size: 184

shared
		i2_wait        		CODE           	47CE	0000	30
		i2_writeDigit  		CODE           	4394	0000	78
		__stringdata   		MEDIUMCONST    	7F83	0000	123
		__powers_      		MEDIUMCONST    	7F5C	0000	39
		_lcd_font      		MEDIUMCONST    	7EBA	0000	43
		_pow10         		MEDIUMCONST    	7F0D	0000	40
		_dpowers       		MEDIUMCONST    	7EE5	0000	40
		i2_rotate      		CODE           	42EA	0000	92
		i2_spi         		CODE           	3AFE	0000	158
		__npowers_     		MEDIUMCONST    	7F35	0000	39
		__initializatio		CODE           	44BE	0000	56
		i2_update      		CODE           	1AC4	0000	1160
		i2_log2        		CODE           	442E	0000	74

shared estimated size: 1972

buttons.c
		_setupButtons  		CODE           	45B4	0000	58
		_buttons       		CODE           	4346	0000	78

buttons.c estimated size: 136

disp.c
		_writeString   		CODE           	2F68	0000	422
		_writeFloat    		CODE           	3EF4	0000	126
		_update        		CODE           	15AC	0000	1304
		_spi           		CODE           	365A	0000	240
		_writeChar     		CODE           	45EE	0000	58
		_writeDigit    		CODE           	3DE8	0000	134
		_startDisp     		CODE           	3A5C	0000	162
		_setTest       		CODE           	47B0	0000	30
		_rotate        		CODE           	3C36	0000	146
		_setBrightness 		CODE           	4790	0000	32

disp.c estimated size: 2654

RTC.c
		_daysOfMonth   		CODE           	39B0	0000	172
		_tick          		CODE           	382A	0000	206
		_checkDST      		CODE           	310E	0000	296
		_initRTC       		CODE           	3FEE	0000	122
		_dayOfWeek     		CODE           	2A0E	0000	480
		_printRTC      		CODE           	0FAE	0000	1534
		_loadTime      		CODE           	4804	0000	2

RTC.c estimated size: 2812

/usr/opt/microchip/xc8/v1.20/sources/pic18/asftsub.c
		___asftsub     		CODE           	4500	0000	60

/usr/opt/microchip/xc8/v1.20/sources/pic18/asftsub.c estimated size: 60

/usr/opt/microchip/xc8/v1.20/sources/common/llmod.c
		___llmod       		CODE           	41B8	0000	106

/usr/opt/microchip/xc8/v1.20/sources/common/llmod.c estimated size: 106

main.c
		_main          		CODE           	4068	0000	120
		_high_isr      		CODE           	0008	0000	12128
		_setup         		CODE           	4698	0000	48

main.c estimated size: 12296

display1.h
		_getFontChar   		CODE           	261C	0000	526

display1.h estimated size: 526

/usr/opt/microchip/xc8/v1.20/sources/pic18/asftmul.c
		___asftmul     		CODE           	453C	0000	60

/usr/opt/microchip/xc8/v1.20/sources/pic18/asftmul.c estimated size: 60

/usr/opt/microchip/xc8/v1.20/sources/common/ftdiv.c
		___ftdiv       		CODE           	3468	0000	254

/usr/opt/microchip/xc8/v1.20/sources/common/ftdiv.c estimated size: 254

/usr/opt/microchip/xc8/v1.20/sources/common/doprnt.c
		_scale         		CODE           	1F4C	0000	1104
		_sprintf       		CODE           	001C	0000	3986
		_fround        		CODE           	239C	0000	640

/usr/opt/microchip/xc8/v1.20/sources/common/doprnt.c estimated size: 5730

/usr/opt/microchip/xc8/v1.20/sources/common/lldiv.c
		___lldiv       		CODE           	3E6E	0000	134

/usr/opt/microchip/xc8/v1.20/sources/common/lldiv.c estimated size: 134

/usr/opt/microchip/xc8/v1.20/sources/common/ftsub.c
		___ftsub       		CODE           	4662	0000	54

/usr/opt/microchip/xc8/v1.20/sources/common/ftsub.c estimated size: 54

/usr/opt/microchip/xc8/v1.20/sources/common/ftneg.c
		___ftneg       		CODE           	4746	0000	38

/usr/opt/microchip/xc8/v1.20/sources/common/ftneg.c estimated size: 38

temp.c
		_printTemp     		CODE           	3B9C	0000	154
		_initTemp      		CODE           	43E2	0000	76
		_getTemp       		CODE           	282A	0000	484

temp.c estimated size: 714

/usr/opt/microchip/xc8/v1.20/sources/common/ftmul.c
		___ftmul       		CODE           	3358	0000	272

/usr/opt/microchip/xc8/v1.20/sources/common/ftmul.c estimated size: 272

/usr/opt/microchip/xc8/v1.20/sources/common/fttol.c
		___fttol       		CODE           	374A	0000	224

/usr/opt/microchip/xc8/v1.20/sources/common/fttol.c estimated size: 224

/usr/opt/microchip/xc8/v1.20/sources/common/ftge.c
		___ftge        		CODE           	3CC8	0000	144

/usr/opt/microchip/xc8/v1.20/sources/common/ftge.c estimated size: 144

/usr/opt/microchip/xc8/v1.20/sources/common/wmul.c
		___wmul        		CODE           	4628	0000	58

/usr/opt/microchip/xc8/v1.20/sources/common/wmul.c estimated size: 58

/usr/opt/microchip/xc8/v1.20/sources/common/fldivl.c
		__div_to_l_    		CODE           	3566	0000	244

/usr/opt/microchip/xc8/v1.20/sources/common/fldivl.c estimated size: 244

/usr/opt/microchip/xc8/v1.20/sources/common/isdigit.c
		_isdigit       		CODE           	476C	0000	36

/usr/opt/microchip/xc8/v1.20/sources/common/isdigit.c estimated size: 36

/usr/opt/microchip/xc8/v1.20/sources/common/ftdivl.c
		__tdiv_to_l_   		CODE           	3236	0000	290

/usr/opt/microchip/xc8/v1.20/sources/common/ftdivl.c estimated size: 290

/usr/opt/microchip/xc8/v1.20/sources/pic18/asftadd.c
		___asftadd     		CODE           	4578	0000	60

/usr/opt/microchip/xc8/v1.20/sources/pic18/asftadd.c estimated size: 60

defs.c
		_lowbit        		CODE           	40E0	0000	110
		_log2          		CODE           	414E	0000	106
		_hibit         		CODE           	4222	0000	100
		_countBits     		CODE           	471E	0000	40
		_wait          		CODE           	46F4	0000	42

defs.c estimated size: 398

/usr/opt/microchip/xc8/v1.20/sources/common/awmod.c
		___awmod       		CODE           	3F72	0000	124

/usr/opt/microchip/xc8/v1.20/sources/common/awmod.c estimated size: 124

/usr/opt/microchip/xc8/v1.20/sources/common/lltoft.c
		___lltoft      		CODE           	4286	0000	100

/usr/opt/microchip/xc8/v1.20/sources/common/lltoft.c estimated size: 100

