Microchip MPLAB XC8 Compiler V1.20 ()

Linker command line:

--edf=/usr/opt/microchip/xc8/v1.20/dat/en_msgs.txt -cs \
  -h+dist/default/production/Fish_Timer.X.production.sym \
  --cmf=dist/default/production/Fish_Timer.X.production.cmf -z -Q12F675 \
  -o/tmp/cgthqhmOj -Mdist/default/production/Fish_Timer.X.production.map \
  -E1 -ver=XC8 -ACONST=00h-0FFhx3,0300h-03FEh -ACODE=00h-03FEh \
  -ASTRCODE=00h-03FEh -AENTRY=00h-0FFhx3,0300h-03FEh \
  -ASTRING=00h-0FFhx3,0300h-03FEh -ABANK0=020h-05Dh -ARAM=020h-05Dh \
  -AABS1=020h-05Fh -ACOMMON=05Eh-05Fh -ASFR0=00h-01Fh -ASFR1=080h-0DDh \
  -preset_vec=00h,intentry=04h,init,end_init -ppowerup=CODE -pfunctab=CODE \
  -ACONFIG=02007h-02007h -pconfig=CONFIG -DCONFIG=2 -AIDLOC=02000h-02003h \
  -pidloc=IDLOC -DIDLOC=2 -AEEDATA=00h-07Fh/02100h -peeprom_data=EEDATA \
  -DEEDATA=2 -posccal=03FFh -DCODE=2 -DSTRCODE=2 -DSTRING=2 -DCONST=2 \
  -DENTRY=2 -k /tmp/cgtyr2OgH.obj \
  dist/default/production/Fish_Timer.X.production.obj 

Object code version is 3.11

Machine type is 12F675



                Name                               Link     Load   Length Selector   Space Scale
/tmp/cgtyr2OgH.obj
                end_init                              F        F        5        8       0
                reset_vec                             0        0        1        0       0
                config                             2007     2007        1     400E       0
dist/default/production/Fish_Timer.X.production.obj
                intentry                              4        4        B        8       0
                text2                                6C       6C       3C        8       0
                text1                                A8       A8       23        8       0
                maintext                             14       14       58        8       0
                cstackBANK0                          20       20       14       20       1
                bssBANK0                             38       38        1       20       1
                cinit                                CB       CB        3        8       0
                nvBANK0                              34       34        4       20       1

TOTAL           Name                               Link     Load   Length     Space
        CLASS   CONST          

        CLASS   CODE           
                end_init                              F        F        5         0
                intentry                              4        4        B         0
                reset_vec                             0        0        1         0
                text2                                6C       6C       3C         0
                text1                                A8       A8       23         0
                maintext                             14       14       58         0
                cinit                                CB       CB        3         0

        CLASS   STRCODE        

        CLASS   ENTRY          

        CLASS   STRING         

        CLASS   BANK0          
                cstackBANK0                          20       20       14         1
                bssBANK0                             38       38        1         1
                nvBANK0                              34       34        4         1

        CLASS   RAM            

        CLASS   ABS1           
                abs_s1                               5E       5E        2         1

        CLASS   COMMON         

        CLASS   SFR0           

        CLASS   SFR1           

        CLASS   CONFIG         
                config                             2007     2007        1         0

        CLASS   IDLOC          

        CLASS   EEDATA         

        CLASS   BANK1          



SEGMENTS        Name                           Load    Length   Top    Selector   Space  Class     Delta

                reset_vec                      000000  000001  000001         0       0  CODE        2
                intentry                       000004  0000CA  0000CE         8       0  CODE        2
                cstackBANK0                    000020  000019  000039        20       1  BANK0       1
                config                         002007  000001  002008      400E       0  CONFIG      2


UNUSED ADDRESS RANGES

        Name                Unused          Largest block    Delta
        BANK0            0039-005D             25           1
        CODE             0001-0003              3           2
                         00CE-03FE            331
        CONST            0001-0003              3           2
                         00CE-03FE            100
        EEDATA           2100-217F             80           2
        ENTRY            0001-0003              3           2
                         00CE-03FE            100
        IDLOC            2000-2003              4           2
        RAM              0039-005D             25           1
        SFR0             0000-001F             20           1
        SFR1             0080-00DD             5E           1
        STRCODE          0001-0003              3           2
                         00CE-03FE            331
        STRING           0001-0003              3           2
                         00CE-03FE            100

                                  Symbol Table

_ANSEL                   (abs)        009F
_GIE                     (abs)        005F
_GP5                     (abs)        002D
_GPIO                    (abs)        0005
_GPIO0                   (abs)        0028
_GPIO1                   (abs)        0029
_INTE                    (abs)        005C
_INTEDG                  (abs)        040E
_INTF                    (abs)        0059
_PEIE                    (abs)        005E
_T1CON                   (abs)        0010
_TMR1                    (abs)        000E
_TMR1IE                  (abs)        0460
_TMR1IF                  (abs)        0060
_TMR1ON                  (abs)        0080
_TRISIO                  (abs)        0085
_TRISIO2                 (abs)        042A
__CFG_BOREN$ON           (abs)        0000
__CFG_CP$OFF             (abs)        0000
__CFG_CPD$OFF            (abs)        0000
__CFG_FOSC$INTRCIO       (abs)        0000
__CFG_MCLRE$ON           (abs)        0000
__CFG_PWRTE$ON           (abs)        0000
__CFG_WDTE$OFF           (abs)        0000
__Habs1                  abs1         07FE
__Hbank0                 bank0        07FE
__Hbank1                 bank1        07FE
__HbssBANK0              bssBANK0     07FE
__Hcinit                 cinit        07FE
__Hclrtext               clrtext      07FE
__Hcode                  code         07FE
__Hcommon                common       07FE
__Hconfig                config       2008
__HcstackBANK0           cstackBANK0  07FE
__HcstackCOMMON          cstackCOMMON 07FE
__Heeprom_data           eeprom_data  0000
__Hend_init              end_init     0014
__Hfunctab               functab      0000
__Hidloc                 idloc        0000
__Hinit                  init         000F
__Hintentry              intentry     000F
__Hmaintext              maintext     07FE
__HnvBANK0               nvBANK0      07FE
__Hosccal                osccal       03FF
__Hpowerup               powerup      0000
__Hram                   ram          07FE
__Hreset_vec             reset_vec    0001
__Hsfr0                  sfr0         07FE
__Hsfr1                  sfr1         07FE
__Hstrings               strings      07FE
__Htext                  text         07FE
__Labs1                  abs1         07FE
__Lbank0                 bank0        07FE
__Lbank1                 bank1        07FE
__LbssBANK0              bssBANK0     07FE
__Lcinit                 cinit        07FE
__Lclrtext               clrtext      07FE
__Lcode                  code         07FE
__Lcommon                common       07FE
__Lconfig                config       2007
__LcstackBANK0           cstackBANK0  07FE
__LcstackCOMMON          cstackCOMMON 07FE
__Leeprom_data           eeprom_data  0000
__Lend_init              end_init     000F
__Lfunctab               functab      0000
__Lidloc                 idloc        0000
__Linit                  init         000F
__Lintentry              intentry     0004
__Lmaintext              maintext     07FE
__LnvBANK0               nvBANK0      07FE
__Losccal                osccal       03FF
__Lpowerup               powerup      0000
__Lram                   ram          07FE
__Lreset_vec             reset_vec    0000
__Lsfr0                  sfr0         07FE
__Lsfr1                  sfr1         07FE
__Lstrings               strings      07FE
__Ltext                  text         07FE
__S0                     (abs)        2008
__S1                     (abs)        0039
__S3                     (abs)        0000
___latbits               (abs)        0000
___osccal_val            osccal       03FF
__end_of__initialization cinit        00CC
__end_of_isr             text2        00A8
__end_of_main            maintext     006C
__end_of_setup           text1        00CB
__initialization         cinit        00CB
__pbssBANK0              bssBANK0     0038
__pcstackBANK0           cstackBANK0  0020
__pcstackCOMMON          cstackCOMMON 0000
__pintentry              intentry     0004
__pmaintext              maintext     0014
__pnvBANK0               nvBANK0      0034
__ptext1                 text1        00A8
__ptext2                 text2        006C
__size_of_isr            (abs)        0000
__size_of_main           (abs)        0000
__size_of_setup          (abs)        0000
_blink                   bssBANK0     0038
_isr                     text2        006C
_main                    maintext     0014
_nGPPU                   (abs)        040F
_setup                   text1        00A8
_time                    nvBANK0      0034
btemp                    (abs)        005E
end_of_initialization    cinit        00CC
interrupt_function       intentry     0004
intlevel0                functab      0000
intlevel1                functab      0000
intlevel2                functab      0000
intlevel3                functab      0000
intlevel4                functab      0000
intlevel5                functab      0000
main@cnt                 cstackBANK0  0030
reset_vec                reset_vec    0000
saved_w                  (abs)        005E
start                    init         000F
start_initialization     cinit        00CB
wtemp0                   (abs)        005E


FUNCTION INFORMATION:

 *************** function _main *****************
 Defined at:
		line 94 in file "fish_main.c"
 Parameters:    Size  Location     Type
  argc            2    8[BANK0 ] int 
  argv            2   10[BANK0 ] PTR PTR unsigned char 
 Auto vars:     Size  Location     Type
  cnt             4   16[BANK0 ] unsigned long 
 Return value:  Size  Location     Type
                  2    8[BANK0 ] int 
 Registers used:
		wreg, status,2, status,0, pclath, cstack
 Tracked objects:
		On entry : 
		On exit  : 
		Unchanged: 
 Data sizes:     COMMON   BANK0
      Params:         0       4
      Locals:         0       4
      Temps:          0       4
      Totals:         0      12
Total ram usage:       12 bytes
 Hardware stack levels required when called:    2
 This function calls:
		_setup
 This function is called by:
		Startup code after reset
 This function uses a non-reentrant model


 *************** function _setup *****************
 Defined at:
		line 51 in file "fish_main.c"
 Parameters:    Size  Location     Type
		None
 Auto vars:     Size  Location     Type
		None
 Return value:  Size  Location     Type
		None               void
 Registers used:
		wreg, status,2
 Tracked objects:
		On entry : 
		On exit  : 
		Unchanged: 
 Data sizes:     COMMON   BANK0
      Params:         0       0
      Locals:         0       0
      Temps:          0       0
      Totals:         0       0
Total ram usage:        0 bytes
 Hardware stack levels used:    1
 Hardware stack levels required when called:    1
 This function calls:
		Nothing
 This function is called by:
		_main
 This function uses a non-reentrant model


 *************** function _isr *****************
 Defined at:
		line 125 in file "fish_main.c"
 Parameters:    Size  Location     Type
		None
 Auto vars:     Size  Location     Type
		None
 Return value:  Size  Location     Type
		None               void
 Registers used:
		wreg, status,2
 Tracked objects:
		On entry : 
		On exit  : 
		Unchanged: 
 Data sizes:     COMMON   BANK0
      Params:         0       0
      Locals:         0       0
      Temps:          0       8
      Totals:         0       8
Total ram usage:        8 bytes
 Hardware stack levels used:    1
 This function calls:
		Nothing
 This function is called by:
		Interrupt level 1
 This function uses a non-reentrant model



MODULE INFORMATION

Module		Function		Class		Link	Load	Size
fish_main.c
		_main          		CODE           	0014	0000	88
		_isr           		CODE           	006C	0000	60
		_setup         		CODE           	00A8	0000	35

fish_main.c estimated size: 183

shared
		__initializatio		CODE           	00CB	0000	1

shared estimated size: 1

