Microchip MPLAB XC8 Compiler V1.32 ()

Linker command line:

--edf=/opt/microchip/xc8/v1.32/dat/en_msgs.txt -cs \
  -h+dist/default/production/LED_BLINK.X.production.sym \
  --cmf=dist/default/production/LED_BLINK.X.production.cmf -z -Q12F675 \
  -o/tmp/cgtPcHYFm -Mdist/default/production/LED_BLINK.X.production.map -E1 \
  -ver=XC8 -ASTACK=028h-05dh -pstack=STACK -ACONST=00h-0FFhx3,0300h-03FEh \
  -ACODE=00h-03FEh -ASTRCODE=00h-03FEh -AENTRY=00h-0FFhx3,0300h-03FEh \
  -ASTRING=00h-0FFhx3,0300h-03FEh -ABANK0=020h-05Dh -ARAM=020h-05Dh \
  -AABS1=020h-05Fh -ACOMMON=05Eh-05Fh -ASFR0=00h-01Fh -ASFR1=080h-0DDh \
  -preset_vec=00h,intentry=04h,init,end_init -ppowerup=CODE -pcinit=CODE \
  -pfunctab=CODE -ACONFIG=02007h-02007h -pconfig=CONFIG -DCONFIG=2 \
  -AIDLOC=02000h-02003h -pidloc=IDLOC -DIDLOC=2 -AEEDATA=00h-07Fh/02100h \
  -peeprom_data=EEDATA -DEEDATA=2 -posccal=03FFh -DCODE=2 -DSTRCODE=2 \
  -DSTRING=2 -DCONST=2 -DENTRY=2 -k /tmp/cgtF04phw.obj \
  dist/default/production/LED_BLINK.X.production.obj 

Object code version is 3.11

Machine type is 12F675



                Name                               Link     Load   Length Selector   Space Scale
/tmp/cgtF04phw.obj
                end_init                              F        F        5        8       0
                reset_vec                             0        0        1        0       0
                config                             2007     2007        1     400E       0
dist/default/production/LED_BLINK.X.production.obj
                cinit                                14       14        5        8       0
                intentry                              4        4        B        8       0
                text1                                19       19       33        8       0
                maintext                             4C       4C       30        8       0
                cstackBANK0                          20       20        5       20       1
                bssBANK0                             25       25        3       20       1

TOTAL           Name                               Link     Load   Length     Space
        CLASS   STACK          

        CLASS   CONST          

        CLASS   CODE           
                end_init                              F        F        5         0
                cinit                                14       14        5         0
                intentry                              4        4        B         0
                reset_vec                             0        0        1         0
                text1                                19       19       33         0
                maintext                             4C       4C       30         0

        CLASS   STRCODE        

        CLASS   ENTRY          

        CLASS   STRING         

        CLASS   BANK0          
                cstackBANK0                          20       20        5         1
                bssBANK0                             25       25        3         1

        CLASS   RAM            

        CLASS   ABS1           
                abs_s1                               5E       5E        2         1

        CLASS   COMMON         

        CLASS   SFR0           

        CLASS   SFR1           

        CLASS   CONFIG         
                config                             2007     2007        1         0

        CLASS   IDLOC          

        CLASS   EEDATA         

        CLASS   BANK1          



SEGMENTS        Name                           Load    Length   Top    Selector   Space  Class     Delta

                reset_vec                      000000  000001  000001         0       0  CODE        2
                intentry                       000004  000078  00007C         8       0  CODE        2
                cstackBANK0                    000020  000008  000028        20       1  BANK0       1
                config                         002007  000001  002008      400E       0  CONFIG      2


UNUSED ADDRESS RANGES

        Name                Unused          Largest block    Delta
        BANK0            0028-005D             36           1
        CODE             0001-0003              3           2
                         007C-03FE            383
        CONST            0001-0003              3           2
                         007C-03FE            100
        EEDATA           2100-217F             80           2
        ENTRY            0001-0003              3           2
                         007C-03FE            100
        IDLOC            2000-2003              4           2
        RAM              0028-005D             36           1
        SFR0             0000-001F             20           1
        SFR1             0080-00DD             5E           1
        STACK            0028-005D             36           1
        STRCODE          0001-0003              3           2
                         007C-03FE            383
        STRING           0001-0003              3           2
                         007C-03FE            100

                                  Symbol Table

_GIE                     (abs)        005F
_GP0                     (abs)        0028
_GP1                     (abs)        0029
_GP2                     (abs)        002A
_PS0                     (abs)        0408
_PS1                     (abs)        0409
_PS2                     (abs)        040A
_PSA                     (abs)        040B
_T0CS                    (abs)        040D
_T0IE                    (abs)        005D
_T0IF                    (abs)        005A
_T0SE                    (abs)        040C
_TRISIO                  (abs)        0085
__CFG_BOREN$OFF          (abs)        0000
__CFG_CP$OFF             (abs)        0000
__CFG_CPD$OFF            (abs)        0000
__CFG_FOSC$XT            (abs)        0000
__CFG_MCLRE$OFF          (abs)        0000
__CFG_PWRTE$ON           (abs)        0000
__CFG_WDTE$OFF           (abs)        0000
__Habs1                  abs1         07FE
__Hbank0                 bank0        07FE
__Hbank1                 bank1        07FE
__HbssBANK0              bssBANK0     07FE
__Hcinit                 cinit        0019
__Hclrtext               clrtext      07FE
__Hcode                  code         07FE
__Hcommon                common       07FE
__Hconfig                config       2008
__HcstackBANK0           cstackBANK0  07FE
__HcstackCOMMON          cstackCOMMON 07FE
__Heeprom_data           eeprom_data  0000
__Hend_init              end_init     0014
__Hfunctab               functab      0000
__Hidloc                 idloc        0000
__Hinit                  init         000F
__Hintentry              intentry     000F
__Hmaintext              maintext     07FE
__Hosccal                osccal       03FF
__Hpowerup               powerup      0000
__Hram                   ram          07FE
__Hreset_vec             reset_vec    0001
__Hsfr0                  sfr0         07FE
__Hsfr1                  sfr1         07FE
__Hspace_0               (abs)        2008
__Hspace_1               (abs)        07FE
__Hspace_2               (abs)        0000
__Hspace_3               (abs)        0000
__Hstack                 stack        0000
__Hstrings               strings      07FE
__Htext                  text         07FE
__Labs1                  abs1         07FE
__Lbank0                 bank0        07FE
__Lbank1                 bank1        07FE
__LbssBANK0              bssBANK0     07FE
__Lcinit                 cinit        0014
__Lclrtext               clrtext      07FE
__Lcode                  code         07FE
__Lcommon                common       07FE
__Lconfig                config       2007
__LcstackBANK0           cstackBANK0  07FE
__LcstackCOMMON          cstackCOMMON 07FE
__Leeprom_data           eeprom_data  0000
__Lend_init              end_init     000F
__Lfunctab               functab      0000
__Lidloc                 idloc        0000
__Linit                  init         000F
__Lintentry              intentry     0004
__Lmaintext              maintext     07FE
__Losccal                osccal       03FF
__Lpowerup               powerup      0000
__Lram                   ram          07FE
__Lreset_vec             reset_vec    0000
__Lsfr0                  sfr0         07FE
__Lsfr1                  sfr1         07FE
__Lspace_0               (abs)        0000
__Lspace_1               (abs)        0000
__Lspace_2               (abs)        0000
__Lspace_3               (abs)        0000
__Lstack                 stack        0000
__Lstrings               strings      07FE
__Ltext                  text         07FE
__S0                     (abs)        2008
__S1                     (abs)        0028
__S2                     (abs)        0000
__S3                     (abs)        0000
___int_sp                stack        0000
___latbits               (abs)        0000
___osccal_val            osccal       03FF
___sp                    stack        0000
__end_of__initialization cinit        0017
__end_of_main            maintext     007C
__end_of_timeroverflow   text1        004C
__initialization         cinit        0014
__pbssBANK0              bssBANK0     0025
__pcstackBANK0           cstackBANK0  0020
__pcstackCOMMON          cstackCOMMON 0000
__pintentry              intentry     0004
__pmaintext              maintext     004C
__ptext0                 text0        0000
__ptext1                 text1        0019
__size_of_main           (abs)        0000
__size_of_timeroverflow  (abs)        0000
_counter1                bssBANK0     0025
_counter2                bssBANK0     0026
_counter3                bssBANK0     0027
_main                    maintext     004C
_timeroverflow           text1        0019
btemp                    (abs)        005E
end_of_initialization    cinit        0017
interrupt_function       intentry     0004
intlevel0                functab      0000
intlevel1                functab      0000
intlevel2                functab      0000
intlevel3                functab      0000
intlevel4                functab      0000
intlevel5                functab      0000
ltemp                    (abs)        005E
ltemp0                   (abs)        005E
ltemp1                   (abs)        0062
ltemp2                   (abs)        0066
ltemp3                   (abs)        0060
reset_vec                reset_vec    0000
saved_w                  (abs)        005E
stackhi                  (abs)        0000
stacklo                  (abs)        0000
start                    init         000F
start_initialization     cinit        0014
ttemp                    (abs)        005E
ttemp0                   (abs)        005E
ttemp1                   (abs)        0061
ttemp2                   (abs)        0064
ttemp3                   (abs)        0067
ttemp4                   (abs)        005F
wtemp                    (abs)        005E
wtemp0                   (abs)        005E
wtemp1                   (abs)        0060
wtemp2                   (abs)        0062
wtemp3                   (abs)        0064
wtemp4                   (abs)        0066
wtemp5                   (abs)        0068
wtemp6                   (abs)        005F


FUNCTION INFORMATION:

 *************** function _main *****************
 Defined at:
		line 151 in file "blink_main.c"
 Parameters:    Size  Location     Type
		None
 Auto vars:     Size  Location     Type
		None
 Return value:  Size  Location     Type
		None               void
 Registers used:
		wreg
 Tracked objects:
		On entry : 
		On exit  : 
		Unchanged: 
 Data sizes:     COMMON   BANK0
      Params:         0       0
      Locals:         0       0
      Temps:          0       0
      Totals:         0       0
Total ram usage:        0 bytes
 Hardware stack levels required when called:    1
 This function calls:
		Nothing
 This function is called by:
		Startup code after reset
 This function uses a non-reentrant model


 *************** function _timeroverflow *****************
 Defined at:
		line 194 in file "blink_main.c"
 Parameters:    Size  Location     Type
		None
 Auto vars:     Size  Location     Type
		None
 Return value:  Size  Location     Type
		None               void
 Registers used:
		wreg, status,2, status,0
 Tracked objects:
		On entry : 
		On exit  : 
		Unchanged: 
 Data sizes:     COMMON   BANK0
      Params:         0       0
      Locals:         0       0
      Temps:          0       5
      Totals:         0       5
Total ram usage:        5 bytes
 Hardware stack levels used:    1
 This function calls:
		Nothing
 This function is called by:
		Interrupt level 1
 This function uses a non-reentrant model



MODULE INFORMATION

Module		Function		Class		Link	Load	Size
blink_main.c
		_timeroverflow 		CODE           	0019	0000	51
		_main          		CODE           	004C	0000	48

blink_main.c estimated size: 99

shared
		__initializatio		CODE           	0014	0000	3

shared estimated size: 3

